#
# There is insufficient memory for the Java Runtime Environment to continue.
# Native memory allocation (malloc) failed to allocate 1662864 bytes. Error detail: Chunk::new
# Possible reasons:
#   The system is out of physical RAM or swap space
#   This process is running with CompressedOops enabled, and the Java Heap may be blocking the growth of the native heap
# Possible solutions:
#   Reduce memory load on the system
#   Increase physical memory or swap space
#   Check if swap backing store is full
#   Decrease Java heap size (-Xmx/-Xms)
#   Decrease number of Java threads
#   Decrease Java thread stack sizes (-Xss)
#   Set larger code cache with -XX:ReservedCodeCacheSize=
#   JVM is running with Unscaled Compressed Oops mode in which the Java heap is
#     placed in the first 4GB address space. The Java Heap base address is the
#     maximum limit for the native heap growth. Please use -XX:HeapBaseMinAddress
#     to set the Java Heap base and to place the Java Heap above 4GB virtual address.
# This output file may be truncated or incomplete.
#
#  Out of Memory Error (arena.cpp:168), pid=23796, tid=23788
#
# JRE version: OpenJDK Runtime Environment Temurin-21.0.7+6 (21.0.7+6) (build 21.0.7+6-LTS)
# Java VM: OpenJDK 64-Bit Server VM Temurin-21.0.7+6 (21.0.7+6-LTS, mixed mode, sharing, tiered, compressed oops, compressed class ptrs, parallel gc, windows-amd64)
# No core dump will be written. Minidumps are not enabled by default on client versions of Windows
#

---------------  S U M M A R Y ------------

Command Line: --add-modules=ALL-SYSTEM --add-opens=java.base/java.util=ALL-UNNAMED --add-opens=java.base/java.lang=ALL-UNNAMED --add-opens=java.base/sun.nio.fs=ALL-UNNAMED -Declipse.application=org.eclipse.jdt.ls.core.id1 -Dosgi.bundles.defaultStartLevel=4 -Declipse.product=org.eclipse.jdt.ls.core.product -Djava.import.generatesMetadataFilesAtProjectRoot=false -DDetectVMInstallationsJob.disabled=true -Dfile.encoding=utf8 -XX:+UseParallelGC -XX:GCTimeRatio=4 -XX:AdaptiveSizePolicyWeight=90 -Dsun.zip.disableMemoryMapping=true -Xmx1G -Xms100m -Xlog:disable -javaagent:c:\Users\1128i\.vscode\extensions\redhat.java-1.42.0-win32-x64\lombok\lombok-1.18.36.jar -XX:+HeapDumpOnOutOfMemoryError -XX:HeapDumpPath=c:\Users\1128i\AppData\Roaming\Code\User\workspaceStorage\dccc5a249ba4dfe139dbbd2595ea0748\redhat.java -Daether.dependencyCollector.impl=bf c:\Users\1128i\.vscode\extensions\redhat.java-1.42.0-win32-x64\server\plugins\org.eclipse.equinox.launcher_1.7.0.v20250424-1814.jar -configuration c:\Users\1128i\AppData\Roaming\Code\User\globalStorage\redhat.java\1.42.0\config_win -data c:\Users\1128i\AppData\Roaming\Code\User\workspaceStorage\dccc5a249ba4dfe139dbbd2595ea0748\redhat.java\jdt_ws --pipe=\\.\pipe\lsp-8d89fb46bc96b1d7e81b85fd774bb15e-sock

Host: 11th Gen Intel(R) Core(TM) i5-11400H @ 2.70GHz, 12 cores, 15G,  Windows 10 , 64 bit Build 19041 (10.0.19041.5794)
Time: Sun May 18 12:56:49 2025 SE Asia Standard Time elapsed time: 1.654475 seconds (0d 0h 0m 1s)

---------------  T H R E A D  ---------------

Current thread (0x00000272601e8570):  JavaThread "C2 CompilerThread1" daemon [_thread_in_native, id=23788, stack(0x000000b88da00000,0x000000b88db00000) (1024K)]


Current CompileTask:
C2:1654 3187       4       java.lang.invoke.MethodType::makeImpl (109 bytes)

Stack: [0x000000b88da00000,0x000000b88db00000]
Native frames: (J=compiled Java code, j=interpreted, Vv=VM code, C=native code)
V  [jvm.dll+0x6ce119]
V  [jvm.dll+0x8a84a1]
V  [jvm.dll+0x8aa9ce]
V  [jvm.dll+0x8ab0b3]
V  [jvm.dll+0x27f8a6]
V  [jvm.dll+0xc507d]
V  [jvm.dll+0xc55b3]
V  [jvm.dll+0x3b692c]
V  [jvm.dll+0x382aa5]
V  [jvm.dll+0x381f0a]
V  [jvm.dll+0x247af0]
V  [jvm.dll+0x2470cf]
V  [jvm.dll+0x1c760e]
V  [jvm.dll+0x25695a]
V  [jvm.dll+0x254efa]
V  [jvm.dll+0x3f03f6]
V  [jvm.dll+0x851f6b]
V  [jvm.dll+0x6cc7dd]
C  [ucrtbase.dll+0x21bb2]
C  [KERNEL32.DLL+0x17374]
C  [ntdll.dll+0x4cc91]


---------------  P R O C E S S  ---------------

Threads class SMR info:
_java_thread_list=0x0000027261280430, length=23, elements={
0x0000027204b553b0, 0x0000027218f3e730, 0x0000027218f40030, 0x0000027218f42940,
0x0000027218f43ad0, 0x0000027218f48c60, 0x0000027218f4e360, 0x00000272600087b0,
0x000002726000ca20, 0x00000272600fb4e0, 0x00000272601e8570, 0x0000027260327b70,
0x0000027260b0a530, 0x0000027260f37400, 0x0000027260e2ea30, 0x0000027260a83f70,
0x00000272614a6ca0, 0x000002726160cdd0, 0x0000027261461f50, 0x0000027261624630,
0x0000027261623280, 0x0000027261624cc0, 0x0000027261623910
}

Java Threads: ( => current thread )
  0x0000027204b553b0 JavaThread "main"                              [_thread_blocked, id=23864, stack(0x000000b88cd00000,0x000000b88ce00000) (1024K)]
  0x0000027218f3e730 JavaThread "Reference Handler"          daemon [_thread_blocked, id=23852, stack(0x000000b88d100000,0x000000b88d200000) (1024K)]
  0x0000027218f40030 JavaThread "Finalizer"                  daemon [_thread_blocked, id=23848, stack(0x000000b88d200000,0x000000b88d300000) (1024K)]
  0x0000027218f42940 JavaThread "Signal Dispatcher"          daemon [_thread_blocked, id=23844, stack(0x000000b88d300000,0x000000b88d400000) (1024K)]
  0x0000027218f43ad0 JavaThread "Attach Listener"            daemon [_thread_blocked, id=23840, stack(0x000000b88d400000,0x000000b88d500000) (1024K)]
  0x0000027218f48c60 JavaThread "Service Thread"             daemon [_thread_blocked, id=23836, stack(0x000000b88d500000,0x000000b88d600000) (1024K)]
  0x0000027218f4e360 JavaThread "Monitor Deflation Thread"   daemon [_thread_blocked, id=23832, stack(0x000000b88d600000,0x000000b88d700000) (1024K)]
  0x00000272600087b0 JavaThread "C2 CompilerThread0"         daemon [_thread_in_native, id=23828, stack(0x000000b88d700000,0x000000b88d800000) (1024K)]
  0x000002726000ca20 JavaThread "C1 CompilerThread0"         daemon [_thread_blocked, id=23812, stack(0x000000b88d800000,0x000000b88d900000) (1024K)]
  0x00000272600fb4e0 JavaThread "Common-Cleaner"             daemon [_thread_blocked, id=23856, stack(0x000000b88d900000,0x000000b88da00000) (1024K)]
=>0x00000272601e8570 JavaThread "C2 CompilerThread1"         daemon [_thread_in_native, id=23788, stack(0x000000b88da00000,0x000000b88db00000) (1024K)]
  0x0000027260327b70 JavaThread "Notification Thread"        daemon [_thread_blocked, id=23824, stack(0x000000b88db00000,0x000000b88dc00000) (1024K)]
  0x0000027260b0a530 JavaThread "Active Thread: Equinox Container: c14d3488-21c5-4bb5-8ab6-ece2c4b74328"        [_thread_blocked, id=24172, stack(0x000000b88e200000,0x000000b88e300000) (1024K)]
  0x0000027260f37400 JavaThread "Refresh Thread: Equinox Container: c14d3488-21c5-4bb5-8ab6-ece2c4b74328" daemon [_thread_blocked, id=24196, stack(0x000000b88e400000,0x000000b88e500000) (1024K)]
  0x0000027260e2ea30 JavaThread "Framework Event Dispatcher: Equinox Container: c14d3488-21c5-4bb5-8ab6-ece2c4b74328" daemon [_thread_blocked, id=24200, stack(0x000000b88e500000,0x000000b88e600000) (1024K)]
  0x0000027260a83f70 JavaThread "Start Level: Equinox Container: c14d3488-21c5-4bb5-8ab6-ece2c4b74328" daemon [_thread_in_vm, id=24204, stack(0x000000b88e600000,0x000000b88e700000) (1024K)]
  0x00000272614a6ca0 JavaThread "Bundle File Closer"         daemon [_thread_blocked, id=24232, stack(0x000000b88e900000,0x000000b88ea00000) (1024K)]
  0x000002726160cdd0 JavaThread "SCR Component Actor"        daemon [_thread_blocked, id=24236, stack(0x000000b88ea00000,0x000000b88eb00000) (1024K)]
  0x0000027261461f50 JavaThread "SCR Component Registry"     daemon [_thread_blocked, id=24240, stack(0x000000b88eb00000,0x000000b88ec00000) (1024K)]
  0x0000027261624630 JavaThread "Worker-JM"                         [_thread_blocked, id=24260, stack(0x000000b88ec00000,0x000000b88ed00000) (1024K)]
  0x0000027261623280 JavaThread "JNA Cleaner"                daemon [_thread_blocked, id=24344, stack(0x000000b88ed00000,0x000000b88ee00000) (1024K)]
  0x0000027261624cc0 JavaThread "Worker-0: Checking project encoding"        [_thread_blocked, id=24128, stack(0x000000b88ee00000,0x000000b88ef00000) (1024K)]
  0x0000027261623910 JavaThread "Worker-1"                          [_thread_blocked, id=24312, stack(0x000000b88ef00000,0x000000b88f000000) (1024K)]
Total: 23

Other Threads:
  0x0000027218f345d0 VMThread "VM Thread"                           [id=23860, stack(0x000000b88d000000,0x000000b88d100000) (1024K)]
  0x0000027204bc1320 WatcherThread "VM Periodic Task Thread"        [id=23884, stack(0x000000b88cf00000,0x000000b88d000000) (1024K)]
  0x0000027204b75a90 WorkerThread "GC Thread#0"                     [id=23880, stack(0x000000b88ce00000,0x000000b88cf00000) (1024K)]
  0x00000272605f3b10 WorkerThread "GC Thread#1"                     [id=19848, stack(0x000000b88dc00000,0x000000b88dd00000) (1024K)]
  0x0000027260930490 WorkerThread "GC Thread#2"                     [id=21880, stack(0x000000b88dd00000,0x000000b88de00000) (1024K)]
  0x00000272608fe1b0 WorkerThread "GC Thread#3"                     [id=19824, stack(0x000000b88de00000,0x000000b88df00000) (1024K)]
  0x00000272608fe550 WorkerThread "GC Thread#4"                     [id=19684, stack(0x000000b88df00000,0x000000b88e000000) (1024K)]
  0x0000027260ab2690 WorkerThread "GC Thread#5"                     [id=11756, stack(0x000000b88e000000,0x000000b88e100000) (1024K)]
  0x0000027260ab2e40 WorkerThread "GC Thread#6"                     [id=21336, stack(0x000000b88e100000,0x000000b88e200000) (1024K)]
  0x0000027260d906d0 WorkerThread "GC Thread#7"                     [id=24192, stack(0x000000b88e300000,0x000000b88e400000) (1024K)]
  0x0000027260e2ccd0 WorkerThread "GC Thread#8"                     [id=23952, stack(0x000000b88e700000,0x000000b88e800000) (1024K)]
  0x0000027260e2d070 WorkerThread "GC Thread#9"                     [id=24228, stack(0x000000b88e800000,0x000000b88e900000) (1024K)]
Total: 12

Threads with active compile tasks:
C2 CompilerThread0  1663 3281       4       jdk.internal.jimage.ImageLocation::verify (218 bytes)
C2 CompilerThread1  1663 3187       4       java.lang.invoke.MethodType::makeImpl (109 bytes)
Total: 2

VM state: not at safepoint (normal execution)

VM Mutex/Monitor currently owned by a thread: None

Heap address: 0x00000000c0000000, size: 1024 MB, Compressed Oops mode: 32-bit

CDS archive(s) mapped at: [0x0000027219000000-0x0000027219ba0000-0x0000027219ba0000), size 12189696, SharedBaseAddress: 0x0000027219000000, ArchiveRelocationMode: 1.
Compressed class space mapped at: 0x000002721a000000-0x000002725a000000, reserved size: 1073741824
Narrow klass base: 0x0000027219000000, Narrow klass shift: 0, Narrow klass range: 0x100000000

GC Precious Log:
 CardTable entry size: 512
 CPUs: 12 total, 12 available
 Memory: 16106M
 Large Page Support: Disabled
 NUMA Support: Disabled
 Compressed Oops: Enabled (32-bit)
 Alignments: Space 512K, Generation 512K, Heap 2M
 Heap Min Capacity: 100M
 Heap Initial Capacity: 100M
 Heap Max Capacity: 1G
 Pre-touch: Disabled
 Parallel Workers: 10

Heap:
 PSYoungGen      total 29184K, used 19649K [0x00000000eab00000, 0x00000000ece80000, 0x0000000100000000)
  eden space 25088K, 62% used [0x00000000eab00000,0x00000000eba32450,0x00000000ec380000)
  from space 4096K, 99% used [0x00000000ec400000,0x00000000ec7fe018,0x00000000ec800000)
  to   space 5632K, 0% used [0x00000000ec900000,0x00000000ec900000,0x00000000ece80000)
 ParOldGen       total 68608K, used 7765K [0x00000000c0000000, 0x00000000c4300000, 0x00000000eab00000)
  object space 68608K, 11% used [0x00000000c0000000,0x00000000c0795680,0x00000000c4300000)
 Metaspace       used 17761K, committed 18496K, reserved 1114112K
  class space    used 1804K, committed 2112K, reserved 1048576K

Card table byte_map: [0x0000027204500000,0x0000027204710000] _byte_map_base: 0x0000027203f00000

Marking Bits: (ParMarkBitMap*) 0x00007ffd5be931f0
 Begin Bits: [0x0000027216d50000, 0x0000027217d50000)
 End Bits:   [0x0000027217d50000, 0x0000027218d50000)

Polling page: 0x00000272029c0000

Metaspace:

Usage:
  Non-class:     15.58 MB used.
      Class:      1.76 MB used.
       Both:     17.35 MB used.

Virtual space:
  Non-class space:       64.00 MB reserved,      16.00 MB ( 25%) committed,  1 nodes.
      Class space:        1.00 GB reserved,       2.06 MB ( <1%) committed,  1 nodes.
             Both:        1.06 GB reserved,      18.06 MB (  2%) committed. 

Chunk freelists:
   Non-Class:  15.27 MB
       Class:  13.88 MB
        Both:  29.14 MB

MaxMetaspaceSize: unlimited
CompressedClassSpaceSize: 1.00 GB
Initial GC threshold: 21.00 MB
Current GC threshold: 21.00 MB
CDS: on
 - commit_granule_bytes: 65536.
 - commit_granule_words: 8192.
 - virtual_space_node_default_size: 8388608.
 - enlarge_chunks_in_place: 1.
 - use_allocation_guard: 0.


Internal statistics:

num_allocs_failed_limit: 0.
num_arena_births: 550.
num_arena_deaths: 0.
num_vsnodes_births: 2.
num_vsnodes_deaths: 0.
num_space_committed: 289.
num_space_uncommitted: 0.
num_chunks_returned_to_freelist: 0.
num_chunks_taken_from_freelist: 1172.
num_chunk_merges: 0.
num_chunk_splits: 770.
num_chunks_enlarged: 520.
num_inconsistent_stats: 0.

CodeHeap 'non-profiled nmethods': size=120000Kb used=1459Kb max_used=1459Kb free=118540Kb
 bounds [0x000002720f820000, 0x000002720fa90000, 0x0000027216d50000]
CodeHeap 'profiled nmethods': size=120000Kb used=6600Kb max_used=6600Kb free=113399Kb
 bounds [0x0000027207d50000, 0x00000272083d0000, 0x000002720f280000]
CodeHeap 'non-nmethods': size=5760Kb used=1285Kb max_used=1302Kb free=4474Kb
 bounds [0x000002720f280000, 0x000002720f4f0000, 0x000002720f820000]
 total_blobs=3842 nmethods=3291 adapters=457
 compilation: enabled
              stopped_count=0, restarted_count=0
 full_count=0

Compilation events (20 events):
Event: 1.625 Thread 0x000002726000ca20 nmethod 3260 0x00000272083ab590 code [0x00000272083ab720, 0x00000272083ab870]
Event: 1.630 Thread 0x000002726000ca20 3265       3       org.objectweb.asm.ClassReader::readUnsignedShort (26 bytes)
Event: 1.630 Thread 0x000002726000ca20 nmethod 3265 0x00000272083ab910 code [0x00000272083abac0, 0x00000272083abc30]
Event: 1.635 Thread 0x000002726000ca20 3266  s!   3       java.io.FileDescriptor::closeAll (163 bytes)
Event: 1.635 Thread 0x000002726000ca20 nmethod 3266 0x00000272083abd10 code [0x00000272083abfa0, 0x00000272083acdd0]
Event: 1.650 Thread 0x000002726000ca20 3267       3       org.objectweb.asm.ClassReader::readUtf (161 bytes)
Event: 1.650 Thread 0x000002726000ca20 nmethod 3267 0x00000272083ad410 code [0x00000272083ad600, 0x00000272083ada50]
Event: 1.650 Thread 0x000002726000ca20 3268       3       org.objectweb.asm.ByteVector::putUTF8 (144 bytes)
Event: 1.651 Thread 0x000002726000ca20 nmethod 3268 0x00000272083add10 code [0x00000272083adf80, 0x00000272083aea00]
Event: 1.651 Thread 0x000002726000ca20 3269       3       org.objectweb.asm.SymbolTable::get (13 bytes)
Event: 1.651 Thread 0x000002726000ca20 nmethod 3269 0x00000272083aef10 code [0x00000272083af0c0, 0x00000272083af218]
Event: 1.651 Thread 0x000002726000ca20 3270       3       org.objectweb.asm.SymbolTable::hash (10 bytes)
Event: 1.651 Thread 0x000002726000ca20 nmethod 3270 0x00000272083af310 code [0x00000272083af4c0, 0x00000272083af5f0]
Event: 1.652 Thread 0x000002726000ca20 3271       3       java.util.Arrays::hashCode (56 bytes)
Event: 1.652 Thread 0x000002726000ca20 nmethod 3271 0x00000272083af710 code [0x00000272083af8e0, 0x00000272083afc20]
Event: 1.653 Thread 0x00000272600087b0 3272       4       org.objectweb.asm.ClassReader::readUnsignedShort (26 bytes)
Event: 1.653 Thread 0x000002726000ca20 3273       3       org.objectweb.asm.ClassReader::readUtf (44 bytes)
Event: 1.653 Thread 0x000002726000ca20 nmethod 3273 0x00000272083afd90 code [0x00000272083aff60, 0x00000272083b0328]
Event: 1.653 Thread 0x000002726000ca20 3274       3       org.objectweb.asm.ClassReader::readUTF8 (23 bytes)
Event: 1.654 Thread 0x00000272600087b0 nmethod 3272 0x000002720f98bf90 code [0x000002720f98c120, 0x000002720f98c228]

GC Heap History (10 events):
Event: 0.394 GC heap before
{Heap before GC invocations=1 (full 0):
 PSYoungGen      total 29696K, used 25600K [0x00000000eab00000, 0x00000000ecc00000, 0x0000000100000000)
  eden space 25600K, 100% used [0x00000000eab00000,0x00000000ec400000,0x00000000ec400000)
  from space 4096K, 0% used [0x00000000ec800000,0x00000000ec800000,0x00000000ecc00000)
  to   space 4096K, 0% used [0x00000000ec400000,0x00000000ec400000,0x00000000ec800000)
 ParOldGen       total 68608K, used 0K [0x00000000c0000000, 0x00000000c4300000, 0x00000000eab00000)
  object space 68608K, 0% used [0x00000000c0000000,0x00000000c0000000,0x00000000c4300000)
 Metaspace       used 4322K, committed 4544K, reserved 1114112K
  class space    used 458K, committed 576K, reserved 1048576K
}
Event: 0.398 GC heap after
{Heap after GC invocations=1 (full 0):
 PSYoungGen      total 29696K, used 3270K [0x00000000eab00000, 0x00000000ecc00000, 0x0000000100000000)
  eden space 25600K, 0% used [0x00000000eab00000,0x00000000eab00000,0x00000000ec400000)
  from space 4096K, 79% used [0x00000000ec400000,0x00000000ec731870,0x00000000ec800000)
  to   space 4096K, 0% used [0x00000000ec800000,0x00000000ec800000,0x00000000ecc00000)
 ParOldGen       total 68608K, used 16K [0x00000000c0000000, 0x00000000c4300000, 0x00000000eab00000)
  object space 68608K, 0% used [0x00000000c0000000,0x00000000c0004000,0x00000000c4300000)
 Metaspace       used 4322K, committed 4544K, reserved 1114112K
  class space    used 458K, committed 576K, reserved 1048576K
}
Event: 0.723 GC heap before
{Heap before GC invocations=2 (full 0):
 PSYoungGen      total 29696K, used 28870K [0x00000000eab00000, 0x00000000ecc00000, 0x0000000100000000)
  eden space 25600K, 100% used [0x00000000eab00000,0x00000000ec400000,0x00000000ec400000)
  from space 4096K, 79% used [0x00000000ec400000,0x00000000ec731870,0x00000000ec800000)
  to   space 4096K, 0% used [0x00000000ec800000,0x00000000ec800000,0x00000000ecc00000)
 ParOldGen       total 68608K, used 16K [0x00000000c0000000, 0x00000000c4300000, 0x00000000eab00000)
  object space 68608K, 0% used [0x00000000c0000000,0x00000000c0004000,0x00000000c4300000)
 Metaspace       used 8010K, committed 8320K, reserved 1114112K
  class space    used 811K, committed 960K, reserved 1048576K
}
Event: 0.728 GC heap after
{Heap after GC invocations=2 (full 0):
 PSYoungGen      total 29696K, used 4084K [0x00000000eab00000, 0x00000000ecc00000, 0x0000000100000000)
  eden space 25600K, 0% used [0x00000000eab00000,0x00000000eab00000,0x00000000ec400000)
  from space 4096K, 99% used [0x00000000ec800000,0x00000000ecbfd1e8,0x00000000ecc00000)
  to   space 4096K, 0% used [0x00000000ec400000,0x00000000ec400000,0x00000000ec800000)
 ParOldGen       total 68608K, used 1697K [0x00000000c0000000, 0x00000000c4300000, 0x00000000eab00000)
  object space 68608K, 2% used [0x00000000c0000000,0x00000000c01a86a8,0x00000000c4300000)
 Metaspace       used 8010K, committed 8320K, reserved 1114112K
  class space    used 811K, committed 960K, reserved 1048576K
}
Event: 0.903 GC heap before
{Heap before GC invocations=3 (full 0):
 PSYoungGen      total 29696K, used 29684K [0x00000000eab00000, 0x00000000ecc00000, 0x0000000100000000)
  eden space 25600K, 100% used [0x00000000eab00000,0x00000000ec400000,0x00000000ec400000)
  from space 4096K, 99% used [0x00000000ec800000,0x00000000ecbfd1e8,0x00000000ecc00000)
  to   space 4096K, 0% used [0x00000000ec400000,0x00000000ec400000,0x00000000ec800000)
 ParOldGen       total 68608K, used 1697K [0x00000000c0000000, 0x00000000c4300000, 0x00000000eab00000)
  object space 68608K, 2% used [0x00000000c0000000,0x00000000c01a86a8,0x00000000c4300000)
 Metaspace       used 9308K, committed 9728K, reserved 1114112K
  class space    used 963K, committed 1152K, reserved 1048576K
}
Event: 0.908 GC heap after
{Heap after GC invocations=3 (full 0):
 PSYoungGen      total 29696K, used 4071K [0x00000000eab00000, 0x00000000ecc00000, 0x0000000100000000)
  eden space 25600K, 0% used [0x00000000eab00000,0x00000000eab00000,0x00000000ec400000)
  from space 4096K, 99% used [0x00000000ec400000,0x00000000ec7f9ea8,0x00000000ec800000)
  to   space 4096K, 0% used [0x00000000ec800000,0x00000000ec800000,0x00000000ecc00000)
 ParOldGen       total 68608K, used 5067K [0x00000000c0000000, 0x00000000c4300000, 0x00000000eab00000)
  object space 68608K, 7% used [0x00000000c0000000,0x00000000c04f2e38,0x00000000c4300000)
 Metaspace       used 9308K, committed 9728K, reserved 1114112K
  class space    used 963K, committed 1152K, reserved 1048576K
}
Event: 1.134 GC heap before
{Heap before GC invocations=4 (full 0):
 PSYoungGen      total 29696K, used 29671K [0x00000000eab00000, 0x00000000ecc00000, 0x0000000100000000)
  eden space 25600K, 100% used [0x00000000eab00000,0x00000000ec400000,0x00000000ec400000)
  from space 4096K, 99% used [0x00000000ec400000,0x00000000ec7f9ea8,0x00000000ec800000)
  to   space 4096K, 0% used [0x00000000ec800000,0x00000000ec800000,0x00000000ecc00000)
 ParOldGen       total 68608K, used 5067K [0x00000000c0000000, 0x00000000c4300000, 0x00000000eab00000)
  object space 68608K, 7% used [0x00000000c0000000,0x00000000c04f2e38,0x00000000c4300000)
 Metaspace       used 12089K, committed 12544K, reserved 1114112K
  class space    used 1248K, committed 1472K, reserved 1048576K
}
Event: 1.137 GC heap after
{Heap after GC invocations=4 (full 0):
 PSYoungGen      total 29696K, used 4076K [0x00000000eab00000, 0x00000000ecc00000, 0x0000000100000000)
  eden space 25600K, 0% used [0x00000000eab00000,0x00000000eab00000,0x00000000ec400000)
  from space 4096K, 99% used [0x00000000ec800000,0x00000000ecbfb108,0x00000000ecc00000)
  to   space 4096K, 0% used [0x00000000ec400000,0x00000000ec400000,0x00000000ec800000)
 ParOldGen       total 68608K, used 6750K [0x00000000c0000000, 0x00000000c4300000, 0x00000000eab00000)
  object space 68608K, 9% used [0x00000000c0000000,0x00000000c0697a40,0x00000000c4300000)
 Metaspace       used 12089K, committed 12544K, reserved 1114112K
  class space    used 1248K, committed 1472K, reserved 1048576K
}
Event: 1.447 GC heap before
{Heap before GC invocations=5 (full 0):
 PSYoungGen      total 29696K, used 29676K [0x00000000eab00000, 0x00000000ecc00000, 0x0000000100000000)
  eden space 25600K, 100% used [0x00000000eab00000,0x00000000ec400000,0x00000000ec400000)
  from space 4096K, 99% used [0x00000000ec800000,0x00000000ecbfb108,0x00000000ecc00000)
  to   space 4096K, 0% used [0x00000000ec400000,0x00000000ec400000,0x00000000ec800000)
 ParOldGen       total 68608K, used 6750K [0x00000000c0000000, 0x00000000c4300000, 0x00000000eab00000)
  object space 68608K, 9% used [0x00000000c0000000,0x00000000c0697a40,0x00000000c4300000)
 Metaspace       used 15488K, committed 16064K, reserved 1114112K
  class space    used 1554K, committed 1792K, reserved 1048576K
}
Event: 1.449 GC heap after
{Heap after GC invocations=5 (full 0):
 PSYoungGen      total 29184K, used 4088K [0x00000000eab00000, 0x00000000ece80000, 0x0000000100000000)
  eden space 25088K, 0% used [0x00000000eab00000,0x00000000eab00000,0x00000000ec380000)
  from space 4096K, 99% used [0x00000000ec400000,0x00000000ec7fe018,0x00000000ec800000)
  to   space 5632K, 0% used [0x00000000ec900000,0x00000000ec900000,0x00000000ece80000)
 ParOldGen       total 68608K, used 7765K [0x00000000c0000000, 0x00000000c4300000, 0x00000000eab00000)
  object space 68608K, 11% used [0x00000000c0000000,0x00000000c0795680,0x00000000c4300000)
 Metaspace       used 15488K, committed 16064K, reserved 1114112K
  class space    used 1554K, committed 1792K, reserved 1048576K
}

Dll operation events (10 events):
Event: 0.005 Loaded shared library c:\Users\1128i\.vscode\extensions\redhat.java-1.42.0-win32-x64\jre\21.0.7-win32-x86_64\bin\java.dll
Event: 0.044 Loaded shared library c:\Users\1128i\.vscode\extensions\redhat.java-1.42.0-win32-x64\jre\21.0.7-win32-x86_64\bin\zip.dll
Event: 0.056 Loaded shared library C:\Users\1128i\.vscode\extensions\redhat.java-1.42.0-win32-x64\jre\21.0.7-win32-x86_64\bin\instrument.dll
Event: 0.058 Loaded shared library C:\Users\1128i\.vscode\extensions\redhat.java-1.42.0-win32-x64\jre\21.0.7-win32-x86_64\bin\net.dll
Event: 0.060 Loaded shared library C:\Users\1128i\.vscode\extensions\redhat.java-1.42.0-win32-x64\jre\21.0.7-win32-x86_64\bin\nio.dll
Event: 0.062 Loaded shared library C:\Users\1128i\.vscode\extensions\redhat.java-1.42.0-win32-x64\jre\21.0.7-win32-x86_64\bin\zip.dll
Event: 0.072 Loaded shared library C:\Users\1128i\.vscode\extensions\redhat.java-1.42.0-win32-x64\jre\21.0.7-win32-x86_64\bin\jimage.dll
Event: 0.114 Loaded shared library c:\Users\1128i\.vscode\extensions\redhat.java-1.42.0-win32-x64\jre\21.0.7-win32-x86_64\bin\verify.dll
Event: 0.732 Loaded shared library C:\Users\1128i\AppData\Roaming\Code\User\globalStorage\redhat.java\1.42.0\config_win\org.eclipse.equinox.launcher\org.eclipse.equinox.launcher.win32.win32.x86_64_1.2.1300.v20250331-1702\eclipse_11911.dll
Event: 1.555 Loaded shared library C:\Users\1128i\AppData\Local\Temp\jna-46762179\jna7828566889688901812.dll

Deoptimization events (20 events):
Event: 1.231 Thread 0x0000027260a83f70 DEOPT PACKING pc=0x000002720f94f4a8 sp=0x000000b88e6fd7c0
Event: 1.231 Thread 0x0000027260a83f70 DEOPT UNPACKING pc=0x000002720f2d6da2 sp=0x000000b88e6fd750 mode 2
Event: 1.260 Thread 0x0000027260a83f70 Uncommon trap: trap_request=0xffffffcc fr.pc=0x000002720f95ca4c relative=0x000000000000020c
Event: 1.260 Thread 0x0000027260a83f70 Uncommon trap: reason=intrinsic_or_type_checked_inlining action=make_not_entrant pc=0x000002720f95ca4c method=java.util.Arrays.copyOf([Ljava/lang/Object;ILjava/lang/Class;)[Ljava/lang/Object; @ 35 c2
Event: 1.260 Thread 0x0000027260a83f70 DEOPT PACKING pc=0x000002720f95ca4c sp=0x000000b88e6fddd0
Event: 1.260 Thread 0x0000027260a83f70 DEOPT UNPACKING pc=0x000002720f2d6da2 sp=0x000000b88e6fdd60 mode 2
Event: 1.318 Thread 0x0000027260a83f70 DEOPT PACKING pc=0x000002720811b1d6 sp=0x000000b88e6f5470
Event: 1.318 Thread 0x0000027260a83f70 DEOPT UNPACKING pc=0x000002720f2d78e2 sp=0x000000b88e6f4980 mode 0
Event: 1.447 Thread 0x0000027260a83f70 Uncommon trap: trap_request=0xffffff45 fr.pc=0x000002720f97b2a8 relative=0x0000000000000168
Event: 1.447 Thread 0x0000027260a83f70 Uncommon trap: reason=unstable_if action=reinterpret pc=0x000002720f97b2a8 method=java.io.DataInputStream.readFully([BII)V @ 37 c2
Event: 1.447 Thread 0x0000027260a83f70 DEOPT PACKING pc=0x000002720f97b2a8 sp=0x000000b88e6f94c0
Event: 1.447 Thread 0x0000027260a83f70 DEOPT UNPACKING pc=0x000002720f2d6da2 sp=0x000000b88e6f9450 mode 2
Event: 1.486 Thread 0x0000027260a83f70 Uncommon trap: trap_request=0xffffff45 fr.pc=0x000002720f856630 relative=0x0000000000000690
Event: 1.486 Thread 0x0000027260a83f70 Uncommon trap: reason=unstable_if action=reinterpret pc=0x000002720f856630 method=java.lang.String.replace(Ljava/lang/CharSequence;Ljava/lang/CharSequence;)Ljava/lang/String; @ 42 c2
Event: 1.486 Thread 0x0000027260a83f70 DEOPT PACKING pc=0x000002720f856630 sp=0x000000b88e6f75c0
Event: 1.486 Thread 0x0000027260a83f70 DEOPT UNPACKING pc=0x000002720f2d6da2 sp=0x000000b88e6f7540 mode 2
Event: 1.599 Thread 0x0000027260a83f70 Uncommon trap: trap_request=0xffffff45 fr.pc=0x000002720f96f124 relative=0x0000000000000084
Event: 1.599 Thread 0x0000027260a83f70 Uncommon trap: reason=unstable_if action=reinterpret pc=0x000002720f96f124 method=java.lang.ref.SoftReference.get()Ljava/lang/Object; @ 6 c2
Event: 1.599 Thread 0x0000027260a83f70 DEOPT PACKING pc=0x000002720f96f124 sp=0x000000b88e6f9740
Event: 1.599 Thread 0x0000027260a83f70 DEOPT UNPACKING pc=0x000002720f2d6da2 sp=0x000000b88e6f96d8 mode 2

Classes loaded (20 events):
Event: 1.574 Loading class java/io/PrintWriter
Event: 1.574 Loading class java/io/PrintWriter done
Event: 1.579 Loading class jdk/internal/reflect/MethodHandleShortFieldAccessorImpl
Event: 1.580 Loading class jdk/internal/reflect/MethodHandleShortFieldAccessorImpl done
Event: 1.580 Loading class java/lang/Short$ShortCache
Event: 1.580 Loading class java/lang/Short$ShortCache done
Event: 1.594 Loading class java/util/function/LongUnaryOperator
Event: 1.594 Loading class java/util/function/LongUnaryOperator done
Event: 1.595 Loading class java/lang/ThreadDeath
Event: 1.595 Loading class java/lang/ThreadDeath done
Event: 1.601 Loading class java/util/stream/SortedOps$SizedRefSortingSink
Event: 1.601 Loading class java/util/stream/SortedOps$SizedRefSortingSink done
Event: 1.617 Loading class java/util/concurrent/atomic/Striped64$1
Event: 1.617 Loading class java/util/concurrent/atomic/Striped64$1 done
Event: 1.648 Loading class java/util/BitSet
Event: 1.648 Loading class java/util/BitSet done
Event: 1.651 Loading class sun/net/www/protocol/jrt/JavaRuntimeURLConnection
Event: 1.651 Loading class sun/net/www/protocol/jrt/JavaRuntimeURLConnection done
Event: 1.652 Loading class sun/net/www/protocol/jrt/JavaRuntimeURLConnection$1
Event: 1.652 Loading class sun/net/www/protocol/jrt/JavaRuntimeURLConnection$1 done

Classes unloaded (0 events):
No events

Classes redefined (0 events):
No events

Internal exceptions (20 events):
Event: 1.416 Thread 0x0000027260a83f70 Exception <a 'java/io/FileNotFoundException'{0x00000000ec0fe7e0}> (0x00000000ec0fe7e0) 
thrown [s\src\hotspot\share\prims\jni.cpp, line 520]
Event: 1.417 Thread 0x0000027260a83f70 Exception <a 'java/io/FileNotFoundException'{0x00000000ec105a40}> (0x00000000ec105a40) 
thrown [s\src\hotspot\share\prims\jni.cpp, line 520]
Event: 1.442 Thread 0x0000027260a83f70 Exception <a 'java/lang/NoSuchMethodError'{0x00000000ec3b1db0}: 'java.lang.Object java.lang.invoke.DirectMethodHandle$Holder.newInvokeSpecial(java.lang.Object, java.lang.Object, java.lang.Object, java.lang.Object, java.lang.Object)'> (0x00000000ec3b1db0) 
thrown [s\src\hotspot\share\interpreter\linkResolver.cpp, line 773]
Event: 1.464 Thread 0x0000027260a83f70 Exception <a 'java/lang/NoSuchMethodError'{0x00000000eac44d08}: 'java.lang.Object java.lang.invoke.DirectMethodHandle$Holder.invokeStaticInit(java.lang.Object, int)'> (0x00000000eac44d08) 
thrown [s\src\hotspot\share\interpreter\linkResolver.cpp, line 773]
Event: 1.488 Thread 0x0000027260a83f70 Exception <a 'java/lang/NoSuchMethodError'{0x00000000eaee3640}: 'java.lang.Object java.lang.invoke.DirectMethodHandle$Holder.invokeStaticInit(java.lang.Object, int, int, int, int)'> (0x00000000eaee3640) 
thrown [s\src\hotspot\share\interpreter\linkResolver.cpp, line 773]
Event: 1.502 Thread 0x0000027260a83f70 Exception <a 'java/lang/NoSuchMethodError'{0x00000000eafcd5d8}: 'java.lang.Object java.lang.invoke.DirectMethodHandle$Holder.invokeStaticInit(java.lang.Object, java.lang.Object, int, int, int, int)'> (0x00000000eafcd5d8) 
thrown [s\src\hotspot\share\interpreter\linkResolver.cpp, line 773]
Event: 1.567 Thread 0x0000027260a83f70 Exception <a 'java/lang/NoSuchMethodError'{0x00000000eb0e94b8}: 'void java.lang.invoke.DirectMethodHandle$Holder.invokeSpecial(java.lang.Object, java.lang.Object, java.lang.Object, int)'> (0x00000000eb0e94b8) 
thrown [s\src\hotspot\share\interpreter\linkResolver.cpp, line 773]
Event: 1.568 Thread 0x0000027260a83f70 Exception <a 'java/lang/NoSuchMethodError'{0x00000000eb0ece48}: 'void java.lang.invoke.DelegatingMethodHandle$Holder.reinvoke_L(java.lang.Object, java.lang.Object, int)'> (0x00000000eb0ece48) 
thrown [s\src\hotspot\share\interpreter\linkResolver.cpp, line 773]
Event: 1.568 Thread 0x0000027260a83f70 Exception <a 'java/lang/NoSuchMethodError'{0x00000000eb0f3b30}: 'int java.lang.invoke.Invokers$Holder.invokeExact_MT(java.lang.Object, java.lang.Object, java.lang.Object)'> (0x00000000eb0f3b30) 
thrown [s\src\hotspot\share\interpreter\linkResolver.cpp, line 773]
Event: 1.581 Thread 0x0000027260a83f70 Exception <a 'java/lang/NoSuchMethodError'{0x00000000eb28db00}: 'void java.lang.invoke.Invokers$Holder.invokeExact_MT(java.lang.Object, java.lang.Object, int, java.lang.Object)'> (0x00000000eb28db00) 
thrown [s\src\hotspot\share\interpreter\linkResolver.cpp, line 773]
Event: 1.593 Thread 0x0000027260a83f70 Exception <a 'java/lang/NoSuchMethodError'{0x00000000eb393d58}: 'java.lang.Object java.lang.invoke.DirectMethodHandle$Holder.invokeSpecial(java.lang.Object, java.lang.Object, java.lang.Object, long, java.lang.Object)'> (0x00000000eb393d58) 
thrown [s\src\hotspot\share\interpreter\linkResolver.cpp, line 773]
Event: 1.594 Thread 0x0000027260a83f70 Exception <a 'java/lang/NoSuchMethodError'{0x00000000eb39b4e8}: 'java.lang.Object java.lang.invoke.DirectMethodHandle$Holder.newInvokeSpecial(java.lang.Object, java.lang.Object, java.lang.Object, long)'> (0x00000000eb39b4e8) 
thrown [s\src\hotspot\share\interpreter\linkResolver.cpp, line 773]
Event: 1.594 Thread 0x0000027260a83f70 Exception <a 'java/lang/NoSuchMethodError'{0x00000000eb39f348}: 'java.lang.Object java.lang.invoke.Invokers$Holder.linkToTargetMethod(java.lang.Object, java.lang.Object, long, java.lang.Object)'> (0x00000000eb39f348) 
thrown [s\src\hotspot\share\interpreter\linkResolver.cpp, line 773]
Event: 1.599 Thread 0x0000027260a83f70 Exception <a 'java/lang/NoSuchMethodError'{0x00000000eb4158c8}: 'int java.lang.invoke.DirectMethodHandle$Holder.invokeStaticInit(java.lang.Object, java.lang.Object, java.lang.Object)'> (0x00000000eb4158c8) 
thrown [s\src\hotspot\share\interpreter\linkResolver.cpp, line 773]
Event: 1.607 Thread 0x0000027260a83f70 Exception <a 'java/lang/IncompatibleClassChangeError'{0x00000000eb4b3fa0}: Found class java.lang.Object, but interface was expected> (0x00000000eb4b3fa0) 
thrown [s\src\hotspot\share\interpreter\linkResolver.cpp, line 840]
Event: 1.608 Thread 0x0000027260a83f70 Exception <a 'java/lang/NoSuchMethodError'{0x00000000eb4c4210}: 'java.lang.Object java.lang.invoke.DirectMethodHandle$Holder.invokeSpecial(java.lang.Object, java.lang.Object, java.lang.Object, int, java.lang.Object, java.lang.Object)'> (0x00000000eb4c4210) 
thrown [s\src\hotspot\share\interpreter\linkResolver.cpp, line 773]
Event: 1.609 Thread 0x0000027260a83f70 Exception <a 'java/lang/NoSuchMethodError'{0x00000000eb4cbaa8}: 'java.lang.Object java.lang.invoke.DirectMethodHandle$Holder.newInvokeSpecial(java.lang.Object, java.lang.Object, java.lang.Object, int, java.lang.Object)'> (0x00000000eb4cbaa8) 
thrown [s\src\hotspot\share\interpreter\linkResolver.cpp, line 773]
Event: 1.609 Thread 0x0000027260a83f70 Exception <a 'java/lang/NoSuchMethodError'{0x00000000eb4cf598}: 'java.lang.Object java.lang.invoke.Invokers$Holder.linkToTargetMethod(java.lang.Object, java.lang.Object, int, java.lang.Object, java.lang.Object)'> (0x00000000eb4cf598) 
thrown [s\src\hotspot\share\interpreter\linkResolver.cpp, line 773]
Event: 1.609 Thread 0x0000027261624cc0 Exception <a 'java/lang/NoSuchMethodError'{0x00000000eb3d7c50}: 'java.lang.Object java.lang.invoke.DirectMethodHandle$Holder.invokeSpecial(java.lang.Object, java.lang.Object, int, java.lang.Object, java.lang.Object)'> (0x00000000eb3d7c50) 
thrown [s\src\hotspot\share\interpreter\linkResolver.cpp, line 773]
Event: 1.619 Thread 0x0000027260a83f70 Exception <a 'java/lang/NoSuchMethodError'{0x00000000eb5d11b8}: 'void java.lang.invoke.DirectMethodHandle$Holder.invokeSpecial(java.lang.Object, java.lang.Object, java.lang.Object, java.lang.Object, java.lang.Object)'> (0x00000000eb5d11b8) 
thrown [s\src\hotspot\share\interpreter\linkResolver.cpp, line 773]

ZGC Phase Switch (0 events):
No events

VM Operations (20 events):
Event: 1.014 Executing VM operation: HandshakeAllThreads (Deoptimize)
Event: 1.014 Executing VM operation: HandshakeAllThreads (Deoptimize) done
Event: 1.064 Executing VM operation: HandshakeAllThreads (Deoptimize)
Event: 1.064 Executing VM operation: HandshakeAllThreads (Deoptimize) done
Event: 1.134 Executing VM operation: ParallelGCFailedAllocation (Allocation Failure)
Event: 1.138 Executing VM operation: ParallelGCFailedAllocation (Allocation Failure) done
Event: 1.370 Executing VM operation: ICBufferFull
Event: 1.370 Executing VM operation: ICBufferFull done
Event: 1.425 Executing VM operation: HandshakeAllThreads (Deoptimize)
Event: 1.425 Executing VM operation: HandshakeAllThreads (Deoptimize) done
Event: 1.447 Executing VM operation: ParallelGCFailedAllocation (Allocation Failure)
Event: 1.450 Executing VM operation: ParallelGCFailedAllocation (Allocation Failure) done
Event: 1.470 Executing VM operation: HandshakeAllThreads (Deoptimize)
Event: 1.470 Executing VM operation: HandshakeAllThreads (Deoptimize) done
Event: 1.499 Executing VM operation: HandshakeAllThreads (Deoptimize)
Event: 1.499 Executing VM operation: HandshakeAllThreads (Deoptimize) done
Event: 1.559 Executing VM operation: HandshakeAllThreads (Deoptimize)
Event: 1.559 Executing VM operation: HandshakeAllThreads (Deoptimize) done
Event: 1.652 Executing VM operation: HandshakeAllThreads (Deoptimize)
Event: 1.652 Executing VM operation: HandshakeAllThreads (Deoptimize) done

Memory protections (0 events):
No events

Nmethod flushes (0 events):
No events

Events (20 events):
Event: 0.025 Thread 0x0000027204b553b0 Thread added: 0x0000027218f42940
Event: 0.026 Thread 0x0000027204b553b0 Thread added: 0x0000027218f43ad0
Event: 0.026 Thread 0x0000027204b553b0 Thread added: 0x0000027218f48c60
Event: 0.026 Thread 0x0000027204b553b0 Thread added: 0x0000027218f4e360
Event: 0.026 Thread 0x0000027204b553b0 Thread added: 0x00000272600087b0
Event: 0.026 Thread 0x0000027204b553b0 Thread added: 0x000002726000ca20
Event: 0.038 Thread 0x0000027204b553b0 Thread added: 0x00000272600fb4e0
Event: 0.051 Thread 0x000002726000ca20 Thread added: 0x00000272601e8570
Event: 0.161 Thread 0x0000027204b553b0 Thread added: 0x0000027260327b70
Event: 0.613 Thread 0x0000027204b553b0 Thread added: 0x0000027260b0a530
Event: 0.729 Thread 0x0000027204b553b0 Thread added: 0x0000027260f37400
Event: 0.747 Thread 0x0000027260f37400 Thread added: 0x0000027260e2ea30
Event: 0.749 Thread 0x0000027204b553b0 Thread added: 0x0000027260a83f70
Event: 0.921 Thread 0x0000027260a83f70 Thread added: 0x00000272614a6ca0
Event: 0.999 Thread 0x0000027260a83f70 Thread added: 0x000002726160cdd0
Event: 1.058 Thread 0x0000027260a83f70 Thread added: 0x0000027261461f50
Event: 1.317 Thread 0x0000027260a83f70 Thread added: 0x0000027261624630
Event: 1.572 Thread 0x0000027260a83f70 Thread added: 0x0000027261623280
Event: 1.596 Thread 0x0000027260a83f70 Thread added: 0x0000027261624cc0
Event: 1.610 Thread 0x0000027260a83f70 Thread added: 0x0000027261623910


Dynamic libraries:
0x00007ff63bcd0000 - 0x00007ff63bcde000 	c:\Users\1128i\.vscode\extensions\redhat.java-1.42.0-win32-x64\jre\21.0.7-win32-x86_64\bin\java.exe
0x00007ffdca110000 - 0x00007ffdca308000 	C:\WINDOWS\SYSTEM32\ntdll.dll
0x00007ffdc9da0000 - 0x00007ffdc9e62000 	C:\WINDOWS\System32\KERNEL32.DLL
0x00007ffdc77b0000 - 0x00007ffdc7aa6000 	C:\WINDOWS\System32\KERNELBASE.dll
0x00007ffdc7cf0000 - 0x00007ffdc7df0000 	C:\WINDOWS\System32\ucrtbase.dll
0x00007ffdb13b0000 - 0x00007ffdb13c8000 	c:\Users\1128i\.vscode\extensions\redhat.java-1.42.0-win32-x64\jre\21.0.7-win32-x86_64\bin\jli.dll
0x00007ffd9cdf0000 - 0x00007ffd9ce0e000 	c:\Users\1128i\.vscode\extensions\redhat.java-1.42.0-win32-x64\jre\21.0.7-win32-x86_64\bin\VCRUNTIME140.dll
0x00007ffdc9450000 - 0x00007ffdc95ed000 	C:\WINDOWS\System32\USER32.dll
0x00007ffdb2f00000 - 0x00007ffdb319a000 	C:\WINDOWS\WinSxS\amd64_microsoft.windows.common-controls_6595b64144ccf1df_6.0.19041.5794_none_60bcd33171f2783c\COMCTL32.dll
0x00007ffdc7ea0000 - 0x00007ffdc7ec2000 	C:\WINDOWS\System32\win32u.dll
0x00007ffdc9820000 - 0x00007ffdc984b000 	C:\WINDOWS\System32\GDI32.dll
0x00007ffdc7b30000 - 0x00007ffdc7c4a000 	C:\WINDOWS\System32\gdi32full.dll
0x00007ffdc9660000 - 0x00007ffdc96fe000 	C:\WINDOWS\System32\msvcrt.dll
0x00007ffdc7c50000 - 0x00007ffdc7ced000 	C:\WINDOWS\System32\msvcp_win.dll
0x00007ffdc89a0000 - 0x00007ffdc89cf000 	C:\WINDOWS\System32\IMM32.DLL
0x00007ffdb76a0000 - 0x00007ffdb76ac000 	c:\Users\1128i\.vscode\extensions\redhat.java-1.42.0-win32-x64\jre\21.0.7-win32-x86_64\bin\vcruntime140_1.dll
0x00007ffd652e0000 - 0x00007ffd6536d000 	c:\Users\1128i\.vscode\extensions\redhat.java-1.42.0-win32-x64\jre\21.0.7-win32-x86_64\bin\msvcp140.dll
0x00007ffd5b1e0000 - 0x00007ffd5bf70000 	c:\Users\1128i\.vscode\extensions\redhat.java-1.42.0-win32-x64\jre\21.0.7-win32-x86_64\bin\server\jvm.dll
0x00007ffdc88f0000 - 0x00007ffdc899f000 	C:\WINDOWS\System32\ADVAPI32.dll
0x00007ffdc92d0000 - 0x00007ffdc936f000 	C:\WINDOWS\System32\sechost.dll
0x00007ffdc9fa0000 - 0x00007ffdca0c3000 	C:\WINDOWS\System32\RPCRT4.dll
0x00007ffdc7b00000 - 0x00007ffdc7b27000 	C:\WINDOWS\System32\bcrypt.dll
0x00007ffdc9d30000 - 0x00007ffdc9d9b000 	C:\WINDOWS\System32\WS2_32.dll
0x00007ffdc6d10000 - 0x00007ffdc6d5b000 	C:\WINDOWS\SYSTEM32\POWRPROF.dll
0x00007ffdbfa00000 - 0x00007ffdbfa0a000 	C:\WINDOWS\SYSTEM32\VERSION.dll
0x00007ffdb8260000 - 0x00007ffdb8287000 	C:\WINDOWS\SYSTEM32\WINMM.dll
0x00007ffdc6b80000 - 0x00007ffdc6b92000 	C:\WINDOWS\SYSTEM32\UMPDC.dll
0x00007ffdc5f80000 - 0x00007ffdc5f92000 	C:\WINDOWS\SYSTEM32\kernel.appcore.dll
0x00007ffdb2840000 - 0x00007ffdb284a000 	c:\Users\1128i\.vscode\extensions\redhat.java-1.42.0-win32-x64\jre\21.0.7-win32-x86_64\bin\jimage.dll
0x00007ffdc54b0000 - 0x00007ffdc56b1000 	C:\WINDOWS\SYSTEM32\DBGHELP.DLL
0x00007ffdb1c50000 - 0x00007ffdb1c84000 	C:\WINDOWS\SYSTEM32\dbgcore.DLL
0x00007ffdc80b0000 - 0x00007ffdc8132000 	C:\WINDOWS\System32\bcryptPrimitives.dll
0x00007ffdb24e0000 - 0x00007ffdb24ef000 	c:\Users\1128i\.vscode\extensions\redhat.java-1.42.0-win32-x64\jre\21.0.7-win32-x86_64\bin\instrument.dll
0x00007ffd9cb60000 - 0x00007ffd9cb7f000 	c:\Users\1128i\.vscode\extensions\redhat.java-1.42.0-win32-x64\jre\21.0.7-win32-x86_64\bin\java.dll
0x00007ffdc8b50000 - 0x00007ffdc92be000 	C:\WINDOWS\System32\SHELL32.dll
0x00007ffdc57d0000 - 0x00007ffdc5f73000 	C:\WINDOWS\SYSTEM32\windows.storage.dll
0x00007ffdc9920000 - 0x00007ffdc9c73000 	C:\WINDOWS\System32\combase.dll
0x00007ffdc71e0000 - 0x00007ffdc720b000 	C:\WINDOWS\SYSTEM32\Wldp.dll
0x00007ffdc9850000 - 0x00007ffdc991d000 	C:\WINDOWS\System32\OLEAUT32.dll
0x00007ffdc9c80000 - 0x00007ffdc9d2d000 	C:\WINDOWS\System32\SHCORE.dll
0x00007ffdc89d0000 - 0x00007ffdc8a25000 	C:\WINDOWS\System32\shlwapi.dll
0x00007ffdc76e0000 - 0x00007ffdc7705000 	C:\WINDOWS\SYSTEM32\profapi.dll
0x00007ffd9cdd0000 - 0x00007ffd9cde8000 	c:\Users\1128i\.vscode\extensions\redhat.java-1.42.0-win32-x64\jre\21.0.7-win32-x86_64\bin\zip.dll
0x00007ffd9d050000 - 0x00007ffd9d060000 	C:\Users\1128i\.vscode\extensions\redhat.java-1.42.0-win32-x64\jre\21.0.7-win32-x86_64\bin\net.dll
0x00007ffdc10b0000 - 0x00007ffdc11ba000 	C:\WINDOWS\SYSTEM32\WINHTTP.dll
0x00007ffdc6f20000 - 0x00007ffdc6f8c000 	C:\WINDOWS\system32\mswsock.dll
0x00007ffd9cb80000 - 0x00007ffd9cb96000 	C:\Users\1128i\.vscode\extensions\redhat.java-1.42.0-win32-x64\jre\21.0.7-win32-x86_64\bin\nio.dll
0x00007ffd9cdc0000 - 0x00007ffd9cdd0000 	c:\Users\1128i\.vscode\extensions\redhat.java-1.42.0-win32-x64\jre\21.0.7-win32-x86_64\bin\verify.dll
0x00007ffd85b40000 - 0x00007ffd85b85000 	C:\Users\1128i\AppData\Roaming\Code\User\globalStorage\redhat.java\1.42.0\config_win\org.eclipse.equinox.launcher\org.eclipse.equinox.launcher.win32.win32.x86_64_1.2.1300.v20250331-1702\eclipse_11911.dll
0x00007ffdc9e70000 - 0x00007ffdc9f9b000 	C:\WINDOWS\System32\ole32.dll
0x00007ffdc7130000 - 0x00007ffdc7148000 	C:\WINDOWS\SYSTEM32\CRYPTSP.dll
0x00007ffdc67b0000 - 0x00007ffdc67e8000 	C:\WINDOWS\system32\rsaenh.dll
0x00007ffdc7660000 - 0x00007ffdc768e000 	C:\WINDOWS\SYSTEM32\USERENV.dll
0x00007ffdc7150000 - 0x00007ffdc715c000 	C:\WINDOWS\SYSTEM32\CRYPTBASE.dll
0x00007ffdc6ba0000 - 0x00007ffdc6bdb000 	C:\WINDOWS\SYSTEM32\IPHLPAPI.DLL
0x00007ffdc92c0000 - 0x00007ffdc92c8000 	C:\WINDOWS\System32\NSI.dll
0x00007ffd83ae0000 - 0x00007ffd83b29000 	C:\Users\1128i\AppData\Local\Temp\jna-46762179\jna7828566889688901812.dll
0x00007ffdc8a30000 - 0x00007ffdc8a38000 	C:\WINDOWS\System32\PSAPI.DLL

dbghelp: loaded successfully - version: 4.0.5 - missing functions: none
symbol engine: initialized successfully - sym options: 0x614 - pdb path: .;c:\Users\1128i\.vscode\extensions\redhat.java-1.42.0-win32-x64\jre\21.0.7-win32-x86_64\bin;C:\WINDOWS\SYSTEM32;C:\WINDOWS\WinSxS\amd64_microsoft.windows.common-controls_6595b64144ccf1df_6.0.19041.5794_none_60bcd33171f2783c;c:\Users\1128i\.vscode\extensions\redhat.java-1.42.0-win32-x64\jre\21.0.7-win32-x86_64\bin\server;C:\Users\1128i\AppData\Roaming\Code\User\globalStorage\redhat.java\1.42.0\config_win\org.eclipse.equinox.launcher\org.eclipse.equinox.launcher.win32.win32.x86_64_1.2.1300.v20250331-1702;C:\Users\1128i\AppData\Local\Temp\jna-46762179

VM Arguments:
jvm_args: --add-modules=ALL-SYSTEM --add-opens=java.base/java.util=ALL-UNNAMED --add-opens=java.base/java.lang=ALL-UNNAMED --add-opens=java.base/sun.nio.fs=ALL-UNNAMED -Declipse.application=org.eclipse.jdt.ls.core.id1 -Dosgi.bundles.defaultStartLevel=4 -Declipse.product=org.eclipse.jdt.ls.core.product -Djava.import.generatesMetadataFilesAtProjectRoot=false -DDetectVMInstallationsJob.disabled=true -Dfile.encoding=utf8 -XX:+UseParallelGC -XX:GCTimeRatio=4 -XX:AdaptiveSizePolicyWeight=90 -Dsun.zip.disableMemoryMapping=true -Xmx1G -Xms100m -Xlog:disable -javaagent:c:\Users\1128i\.vscode\extensions\redhat.java-1.42.0-win32-x64\lombok\lombok-1.18.36.jar -XX:+HeapDumpOnOutOfMemoryError -XX:HeapDumpPath=c:\Users\1128i\AppData\Roaming\Code\User\workspaceStorage\dccc5a249ba4dfe139dbbd2595ea0748\redhat.java -Daether.dependencyCollector.impl=bf 
java_command: c:\Users\1128i\.vscode\extensions\redhat.java-1.42.0-win32-x64\server\plugins\org.eclipse.equinox.launcher_1.7.0.v20250424-1814.jar -configuration c:\Users\1128i\AppData\Roaming\Code\User\globalStorage\redhat.java\1.42.0\config_win -data c:\Users\1128i\AppData\Roaming\Code\User\workspaceStorage\dccc5a249ba4dfe139dbbd2595ea0748\redhat.java\jdt_ws --pipe=\\.\pipe\lsp-8d89fb46bc96b1d7e81b85fd774bb15e-sock
java_class_path (initial): c:\Users\1128i\.vscode\extensions\redhat.java-1.42.0-win32-x64\server\plugins\org.eclipse.equinox.launcher_1.7.0.v20250424-1814.jar
Launcher Type: SUN_STANDARD

[Global flags]
    uintx AdaptiveSizePolicyWeight                 = 90                                        {product} {command line}
     intx CICompilerCount                          = 4                                         {product} {ergonomic}
    uintx GCTimeRatio                              = 4                                         {product} {command line}
     bool HeapDumpOnOutOfMemoryError               = true                                   {manageable} {command line}
    ccstr HeapDumpPath                             = c:\Users\1128i\AppData\Roaming\Code\User\workspaceStorage\dccc5a249ba4dfe139dbbd2595ea0748\redhat.java         {manageable} {command line}
   size_t InitialHeapSize                          = 104857600                                 {product} {command line}
   size_t MaxHeapSize                              = 1073741824                                {product} {command line}
   size_t MaxNewSize                               = 357564416                                 {product} {ergonomic}
   size_t MinHeapDeltaBytes                        = 524288                                    {product} {ergonomic}
   size_t MinHeapSize                              = 104857600                                 {product} {command line}
   size_t NewSize                                  = 34603008                                  {product} {ergonomic}
    uintx NonNMethodCodeHeapSize                   = 5839372                                {pd product} {ergonomic}
    uintx NonProfiledCodeHeapSize                  = 122909434                              {pd product} {ergonomic}
   size_t OldSize                                  = 70254592                                  {product} {ergonomic}
    uintx ProfiledCodeHeapSize                     = 122909434                              {pd product} {ergonomic}
    uintx ReservedCodeCacheSize                    = 251658240                              {pd product} {ergonomic}
     bool SegmentedCodeCache                       = true                                      {product} {ergonomic}
   size_t SoftMaxHeapSize                          = 1073741824                             {manageable} {ergonomic}
     bool UseCompressedOops                        = true                           {product lp64_product} {ergonomic}
     bool UseLargePagesIndividualAllocation        = false                                  {pd product} {ergonomic}
     bool UseParallelGC                            = true                                      {product} {command line}

Logging:
Log output configuration:
 #0: stdout all=off uptime,level,tags foldmultilines=false
 #1: stderr all=off uptime,level,tags foldmultilines=false

Environment Variables:
PATH=C:\Program Files\Common Files\Oracle\Java\javapath;C:\Program Files (x86)\Common Files\Oracle\Java\java8path;C:\Program Files (x86)\Common Files\Oracle\Java\javapath;C:\WINDOWS\system32;C:\WINDOWS;C:\WINDOWS\System32\Wbem;C:\WINDOWS\System32\WindowsPowerShell\v1.0\;C:\WINDOWS\System32\OpenSSH\;C:\Program Files (x86)\Microsoft SQL Server\160\DTS\Binn\;C:\Program Files\Azure Data Studio\bin;C:\Program Files\Git\cmd;C:\Program Files\nodejs\;C:\Program Files\PuTTY\;C:\Program Files\apache-maven-3.9.9\bin;C:\Program Files\Cloudflare\Cloudflare WARP\;C:\Program Files\Docker\Docker\resources\bin;C:\Users\1128i\AppData\Local\Microsoft\WindowsApps;C:\Program Files\Azure Data Studio\bin;C:\Users\1128i\AppData\Local\Programs\Microsoft VS Code\bin;C:\Users\1128i\AppData\Local\GitHubDesktop\bin;C:\Users\1128i\AppData\Roaming\npm;D:\IntelliJ IDEA 2024.1\bin;;D:\DataGrip 2024.2.1\bin;;D:\cursor\resources\app\bin
USERNAME=1128i
OS=Windows_NT
PROCESSOR_IDENTIFIER=Intel64 Family 6 Model 141 Stepping 1, GenuineIntel
TMP=C:\Users\1128i\AppData\Local\Temp
TEMP=C:\Users\1128i\AppData\Local\Temp




Periodic native trim disabled

---------------  S Y S T E M  ---------------

OS:
 Windows 10 , 64 bit Build 19041 (10.0.19041.5794)
OS uptime: 0 days 0:31 hours
Hyper-V role detected

CPU: total 12 (initial active 12) (6 cores per cpu, 2 threads per core) family 6 model 141 stepping 1 microcode 0x34, cx8, cmov, fxsr, ht, mmx, 3dnowpref, sse, sse2, sse3, ssse3, sse4.1, sse4.2, popcnt, lzcnt, tsc, tscinvbit, avx, avx2, aes, erms, clmul, bmi1, bmi2, adx, avx512f, avx512dq, avx512cd, avx512bw, avx512vl, sha, fma, vzeroupper, avx512_vpopcntdq, avx512_vpclmulqdq, avx512_vaes, avx512_vnni, clflush, clflushopt, clwb, avx512_vbmi2, avx512_vbmi, hv, rdtscp, rdpid, fsrm, gfni, avx512_bitalg, f16c, cet_ibt, cet_ss, avx512_ifma
Processor Information for the first 12 processors :
  Max Mhz: 2688, Current Mhz: 2688, Mhz Limit: 2688

Memory: 4k page, system-wide physical 16106M (392M free)
TotalPageFile size 26676M (AvailPageFile size 5M)
current process WorkingSet (physical memory assigned to process): 132M, peak: 132M
current process commit charge ("private bytes"): 246M, peak: 247M

vm_info: OpenJDK 64-Bit Server VM (21.0.7+6-LTS) for windows-amd64 JRE (21.0.7+6-LTS), built on 2025-04-15T00:00:00Z by "admin" with MS VC++ 17.7 (VS2022)

END.
