#
# There is insufficient memory for the Java Runtime Environment to continue.
# Native memory allocation (malloc) failed to allocate 1284016 bytes. Error detail: Chunk::new
# Possible reasons:
#   The system is out of physical RAM or swap space
#   This process is running with CompressedOops enabled, and the Java Heap may be blocking the growth of the native heap
# Possible solutions:
#   Reduce memory load on the system
#   Increase physical memory or swap space
#   Check if swap backing store is full
#   Decrease Java heap size (-Xmx/-Xms)
#   Decrease number of Java threads
#   Decrease Java thread stack sizes (-Xss)
#   Set larger code cache with -XX:ReservedCodeCacheSize=
#   JVM is running with Unscaled Compressed Oops mode in which the Java heap is
#     placed in the first 4GB address space. The Java Heap base address is the
#     maximum limit for the native heap growth. Please use -XX:HeapBaseMinAddress
#     to set the Java Heap base and to place the Java Heap above 4GB virtual address.
# This output file may be truncated or incomplete.
#
#  Out of Memory Error (arena.cpp:168), pid=24512, tid=24572
#
# JRE version: OpenJDK Runtime Environment Temurin-21.0.7+6 (21.0.7+6) (build 21.0.7+6-LTS)
# Java VM: OpenJDK 64-Bit Server VM Temurin-21.0.7+6 (21.0.7+6-LTS, mixed mode, sharing, tiered, compressed oops, compressed class ptrs, parallel gc, windows-amd64)
# No core dump will be written. Minidumps are not enabled by default on client versions of Windows
#

---------------  S U M M A R Y ------------

Command Line: --add-modules=ALL-SYSTEM --add-opens=java.base/java.util=ALL-UNNAMED --add-opens=java.base/java.lang=ALL-UNNAMED --add-opens=java.base/sun.nio.fs=ALL-UNNAMED -Declipse.application=org.eclipse.jdt.ls.core.id1 -Dosgi.bundles.defaultStartLevel=4 -Declipse.product=org.eclipse.jdt.ls.core.product -Djava.import.generatesMetadataFilesAtProjectRoot=false -DDetectVMInstallationsJob.disabled=true -Dfile.encoding=utf8 -XX:+UseParallelGC -XX:GCTimeRatio=4 -XX:AdaptiveSizePolicyWeight=90 -Dsun.zip.disableMemoryMapping=true -Xmx1G -Xms100m -Xlog:disable -javaagent:c:\Users\1128i\.vscode\extensions\redhat.java-1.42.0-win32-x64\lombok\lombok-1.18.36.jar -XX:+HeapDumpOnOutOfMemoryError -XX:HeapDumpPath=c:\Users\1128i\AppData\Roaming\Code\User\workspaceStorage\dccc5a249ba4dfe139dbbd2595ea0748\redhat.java -Daether.dependencyCollector.impl=bf c:\Users\1128i\.vscode\extensions\redhat.java-1.42.0-win32-x64\server\plugins\org.eclipse.equinox.launcher_1.7.0.v20250424-1814.jar -configuration c:\Users\1128i\AppData\Roaming\Code\User\globalStorage\redhat.java\1.42.0\config_win -data c:\Users\1128i\AppData\Roaming\Code\User\workspaceStorage\dccc5a249ba4dfe139dbbd2595ea0748\redhat.java\jdt_ws --pipe=\\.\pipe\lsp-03a914fbd959502d624f1e3d73a9f34f-sock

Host: 11th Gen Intel(R) Core(TM) i5-11400H @ 2.70GHz, 12 cores, 15G,  Windows 10 , 64 bit Build 19041 (10.0.19041.5794)
Time: Sun May 18 12:56:47 2025 SE Asia Standard Time elapsed time: 3.886721 seconds (0d 0h 0m 3s)

---------------  T H R E A D  ---------------

Current thread (0x000001e67b00bdb0):  JavaThread "C2 CompilerThread0" daemon [_thread_in_native, id=24572, stack(0x0000003427800000,0x0000003427900000) (1024K)]


Current CompileTask:
C2:3886 7135 %     4       org.eclipse.jdt.internal.core.search.indexing.BinaryIndexer::extractReferenceFromConstantPool @ 155 (358 bytes)

Stack: [0x0000003427800000,0x0000003427900000]
Native frames: (J=compiled Java code, j=interpreted, Vv=VM code, C=native code)
V  [jvm.dll+0x6ce119]
V  [jvm.dll+0x8a84a1]
V  [jvm.dll+0x8aa9ce]
V  [jvm.dll+0x8ab0b3]
V  [jvm.dll+0x27f8a6]
V  [jvm.dll+0xc507d]
V  [jvm.dll+0xc55b3]
V  [jvm.dll+0x3b68f2]
V  [jvm.dll+0x382aa5]
V  [jvm.dll+0x381f0a]
V  [jvm.dll+0x247af0]
V  [jvm.dll+0x2470cf]
V  [jvm.dll+0x1c760e]
V  [jvm.dll+0x25695a]
V  [jvm.dll+0x254efa]
V  [jvm.dll+0x3f03f6]
V  [jvm.dll+0x851f6b]
V  [jvm.dll+0x6cc7dd]
C  [ucrtbase.dll+0x21bb2]
C  [KERNEL32.DLL+0x17374]
C  [ntdll.dll+0x4cc91]


---------------  P R O C E S S  ---------------

Threads class SMR info:
_java_thread_list=0x000001e67da91010, length=43, elements={
0x000001e66d6066a0, 0x000001e674cb1920, 0x000001e674cb2a80, 0x000001e674cb89a0,
0x000001e674cba6d0, 0x000001e674cbca50, 0x000001e674cbe1e0, 0x000001e67b00bdb0,
0x000001e67b00f310, 0x000001e67b0ef330, 0x000001e67b367da0, 0x000001e67b79cc30,
0x000001e67baccff0, 0x000001e67b7b6b60, 0x000001e67b7b79d0, 0x000001e67bbb3b70,
0x000001e67b9bec30, 0x000001e67c3a4550, 0x000001e67c1337b0, 0x000001e67c37c770,
0x000001e67c37f560, 0x000001e67c37fbf0, 0x000001e67c37ce00, 0x000001e67c37d490,
0x000001e67c37db20, 0x000001e67c37e1b0, 0x000001e67c37e840, 0x000001e67c37eed0,
0x000001e67ebc44a0, 0x000001e67ebc7920, 0x000001e67ebc8640, 0x000001e67ebc8cd0,
0x000001e67ebc3e10, 0x000001e67ebc5ee0, 0x000001e67ebc1d40, 0x000001e67ebc2a60,
0x000001e67ebc4b30, 0x000001e67ebc3780, 0x000001e67ebc51c0, 0x000001e67ebc5850,
0x000001e67ebc7290, 0x000001e67ebc9360, 0x000001e67ebc7fb0
}

Java Threads: ( => current thread )
  0x000001e66d6066a0 JavaThread "main"                              [_thread_blocked, id=24532, stack(0x0000003426e00000,0x0000003426f00000) (1024K)]
  0x000001e674cb1920 JavaThread "Reference Handler"          daemon [_thread_blocked, id=24548, stack(0x0000003427200000,0x0000003427300000) (1024K)]
  0x000001e674cb2a80 JavaThread "Finalizer"                  daemon [_thread_blocked, id=24552, stack(0x0000003427300000,0x0000003427400000) (1024K)]
  0x000001e674cb89a0 JavaThread "Signal Dispatcher"          daemon [_thread_blocked, id=24556, stack(0x0000003427400000,0x0000003427500000) (1024K)]
  0x000001e674cba6d0 JavaThread "Attach Listener"            daemon [_thread_blocked, id=24560, stack(0x0000003427500000,0x0000003427600000) (1024K)]
  0x000001e674cbca50 JavaThread "Service Thread"             daemon [_thread_blocked, id=24564, stack(0x0000003427600000,0x0000003427700000) (1024K)]
  0x000001e674cbe1e0 JavaThread "Monitor Deflation Thread"   daemon [_thread_blocked, id=24568, stack(0x0000003427700000,0x0000003427800000) (1024K)]
=>0x000001e67b00bdb0 JavaThread "C2 CompilerThread0"         daemon [_thread_in_native, id=24572, stack(0x0000003427800000,0x0000003427900000) (1024K)]
  0x000001e67b00f310 JavaThread "C1 CompilerThread0"         daemon [_thread_blocked, id=23684, stack(0x0000003427900000,0x0000003427a00000) (1024K)]
  0x000001e67b0ef330 JavaThread "Common-Cleaner"             daemon [_thread_blocked, id=21508, stack(0x0000003427a00000,0x0000003427b00000) (1024K)]
  0x000001e67b367da0 JavaThread "Notification Thread"        daemon [_thread_blocked, id=12524, stack(0x0000003427b00000,0x0000003427c00000) (1024K)]
  0x000001e67b79cc30 JavaThread "Active Thread: Equinox Container: 4321bdb3-f217-4bd1-8b31-6785d19b8e53"        [_thread_blocked, id=22052, stack(0x0000003428200000,0x0000003428300000) (1024K)]
  0x000001e67baccff0 JavaThread "Refresh Thread: Equinox Container: 4321bdb3-f217-4bd1-8b31-6785d19b8e53" daemon [_thread_blocked, id=22156, stack(0x0000003428300000,0x0000003428400000) (1024K)]
  0x000001e67b7b6b60 JavaThread "Framework Event Dispatcher: Equinox Container: 4321bdb3-f217-4bd1-8b31-6785d19b8e53" daemon [_thread_blocked, id=21344, stack(0x0000003428500000,0x0000003428600000) (1024K)]
  0x000001e67b7b79d0 JavaThread "Start Level: Equinox Container: 4321bdb3-f217-4bd1-8b31-6785d19b8e53" daemon [_thread_blocked, id=23588, stack(0x0000003428600000,0x0000003428700000) (1024K)]
  0x000001e67bbb3b70 JavaThread "Bundle File Closer"         daemon [_thread_blocked, id=23592, stack(0x0000003428900000,0x0000003428a00000) (1024K)]
  0x000001e67b9bec30 JavaThread "SCR Component Actor"        daemon [_thread_blocked, id=8164, stack(0x0000003428a00000,0x0000003428b00000) (1024K)]
  0x000001e67c3a4550 JavaThread "SCR Component Registry"     daemon [_thread_blocked, id=1756, stack(0x0000003428b00000,0x0000003428c00000) (1024K)]
  0x000001e67c1337b0 JavaThread "C2 CompilerThread1"         daemon [_thread_in_native, id=6452, stack(0x0000003428c00000,0x0000003428d00000) (1024K)]
  0x000001e67c37c770 JavaThread "Worker-JM"                         [_thread_blocked, id=22824, stack(0x0000003428d00000,0x0000003428e00000) (1024K)]
  0x000001e67c37f560 JavaThread "JNA Cleaner"                daemon [_thread_blocked, id=12248, stack(0x0000003428e00000,0x0000003428f00000) (1024K)]
  0x000001e67c37fbf0 JavaThread "Worker-0"                          [_thread_blocked, id=22532, stack(0x0000003428f00000,0x0000003429000000) (1024K)]
  0x000001e67c37ce00 JavaThread "Worker-1: Java indexing... "        [_thread_blocked, id=4112, stack(0x0000003429000000,0x0000003429100000) (1024K)]
  0x000001e67c37d490 JavaThread "Java indexing"              daemon [_thread_in_Java, id=20700, stack(0x0000003429100000,0x0000003429200000) (1024K)]
  0x000001e67c37db20 JavaThread "Worker-2: Building"                [_thread_in_Java, id=13632, stack(0x0000003429200000,0x0000003429300000) (1024K)]
  0x000001e67c37e1b0 JavaThread "Worker-3"                          [_thread_blocked, id=14924, stack(0x0000003429300000,0x0000003429400000) (1024K)]
  0x000001e67c37e840 JavaThread "Thread-2"                   daemon [_thread_in_native, id=17348, stack(0x0000003429400000,0x0000003429500000) (1024K)]
  0x000001e67c37eed0 JavaThread "Thread-3"                   daemon [_thread_in_native, id=22144, stack(0x0000003429500000,0x0000003429600000) (1024K)]
  0x000001e67ebc44a0 JavaThread "Thread-4"                   daemon [_thread_in_native, id=23492, stack(0x0000003429600000,0x0000003429700000) (1024K)]
  0x000001e67ebc7920 JavaThread "Thread-5"                   daemon [_thread_in_native, id=20520, stack(0x0000003429700000,0x0000003429800000) (1024K)]
  0x000001e67ebc8640 JavaThread "Thread-6"                   daemon [_thread_in_native, id=13764, stack(0x0000003429800000,0x0000003429900000) (1024K)]
  0x000001e67ebc8cd0 JavaThread "Thread-7"                   daemon [_thread_in_native, id=22716, stack(0x0000003429900000,0x0000003429a00000) (1024K)]
  0x000001e67ebc3e10 JavaThread "Thread-8"                   daemon [_thread_in_native, id=876, stack(0x0000003429a00000,0x0000003429b00000) (1024K)]
  0x000001e67ebc5ee0 JavaThread "Thread-9"                   daemon [_thread_in_native, id=4208, stack(0x0000003429b00000,0x0000003429c00000) (1024K)]
  0x000001e67ebc1d40 JavaThread "Thread-10"                  daemon [_thread_in_native, id=940, stack(0x0000003429c00000,0x0000003429d00000) (1024K)]
  0x000001e67ebc2a60 JavaThread "Thread-11"                  daemon [_thread_in_native, id=2508, stack(0x0000003429d00000,0x0000003429e00000) (1024K)]
  0x000001e67ebc4b30 JavaThread "Thread-12"                  daemon [_thread_in_native, id=11676, stack(0x0000003429e00000,0x0000003429f00000) (1024K)]
  0x000001e67ebc3780 JavaThread "Thread-13"                  daemon [_thread_in_native, id=13608, stack(0x0000003429f00000,0x000000342a000000) (1024K)]
  0x000001e67ebc51c0 JavaThread "Thread-14"                  daemon [_thread_in_native, id=4272, stack(0x000000342a000000,0x000000342a100000) (1024K)]
  0x000001e67ebc5850 JavaThread "pool-2-thread-1"                   [_thread_blocked, id=13984, stack(0x000000342a100000,0x000000342a200000) (1024K)]
  0x000001e67ebc7290 JavaThread "WorkspaceEventsHandler"            [_thread_blocked, id=10072, stack(0x000000342a200000,0x000000342a300000) (1024K)]
  0x000001e67ebc9360 JavaThread "pool-1-thread-1"                   [_thread_blocked, id=9572, stack(0x000000342a300000,0x000000342a400000) (1024K)]
  0x000001e67ebc7fb0 JavaThread "Worker-4"                          [_thread_blocked, id=10584, stack(0x000000342a400000,0x000000342a500000) (1024K)]
Total: 43

Other Threads:
  0x000001e674c94ea0 VMThread "VM Thread"                           [id=24544, stack(0x0000003427100000,0x0000003427200000) (1024K)]
  0x000001e674b41920 WatcherThread "VM Periodic Task Thread"        [id=24540, stack(0x0000003427000000,0x0000003427100000) (1024K)]
  0x000001e66f8e0220 WorkerThread "GC Thread#0"                     [id=24536, stack(0x0000003426f00000,0x0000003427000000) (1024K)]
  0x000001e67b506070 WorkerThread "GC Thread#1"                     [id=20492, stack(0x0000003427c00000,0x0000003427d00000) (1024K)]
  0x000001e67b7390b0 WorkerThread "GC Thread#2"                     [id=20052, stack(0x0000003427d00000,0x0000003427e00000) (1024K)]
  0x000001e67b6f7420 WorkerThread "GC Thread#3"                     [id=11688, stack(0x0000003427e00000,0x0000003427f00000) (1024K)]
  0x000001e67b6f7fd0 WorkerThread "GC Thread#4"                     [id=3860, stack(0x0000003427f00000,0x0000003428000000) (1024K)]
  0x000001e67b6f8770 WorkerThread "GC Thread#5"                     [id=3416, stack(0x0000003428000000,0x0000003428100000) (1024K)]
  0x000001e67b56a100 WorkerThread "GC Thread#6"                     [id=1060, stack(0x0000003428100000,0x0000003428200000) (1024K)]
  0x000001e67b54ca20 WorkerThread "GC Thread#7"                     [id=23584, stack(0x0000003428400000,0x0000003428500000) (1024K)]
  0x000001e67baf13b0 WorkerThread "GC Thread#8"                     [id=19628, stack(0x0000003428700000,0x0000003428800000) (1024K)]
  0x000001e67baf1750 WorkerThread "GC Thread#9"                     [id=22720, stack(0x0000003428800000,0x0000003428900000) (1024K)]
Total: 12

Threads with active compile tasks:
C2 CompilerThread0  3900 7135 %     4       org.eclipse.jdt.internal.core.search.indexing.BinaryIndexer::extractReferenceFromConstantPool @ 155 (358 bytes)
C2 CompilerThread1  3900 7267       4       org.eclipse.jdt.internal.core.search.indexing.BinaryIndexer::extractArgCount (316 bytes)
Total: 2

VM state: not at safepoint (normal execution)

VM Mutex/Monitor currently owned by a thread: None

Heap address: 0x00000000c0000000, size: 1024 MB, Compressed Oops mode: 32-bit

CDS archive(s) mapped at: [0x000001e60f000000-0x000001e60fba0000-0x000001e60fba0000), size 12189696, SharedBaseAddress: 0x000001e60f000000, ArchiveRelocationMode: 1.
Compressed class space mapped at: 0x000001e610000000-0x000001e650000000, reserved size: 1073741824
Narrow klass base: 0x000001e60f000000, Narrow klass shift: 0, Narrow klass range: 0x100000000

GC Precious Log:
 CardTable entry size: 512
 CPUs: 12 total, 12 available
 Memory: 16106M
 Large Page Support: Disabled
 NUMA Support: Disabled
 Compressed Oops: Enabled (32-bit)
 Alignments: Space 512K, Generation 512K, Heap 2M
 Heap Min Capacity: 100M
 Heap Initial Capacity: 100M
 Heap Max Capacity: 1G
 Pre-touch: Disabled
 Parallel Workers: 10

Heap:
 PSYoungGen      total 22016K, used 16489K [0x00000000eab00000, 0x00000000ec400000, 0x0000000100000000)
  eden space 18432K, 70% used [0x00000000eab00000,0x00000000eb79ad30,0x00000000ebd00000)
  from space 3584K, 99% used [0x00000000ebd00000,0x00000000ec07f890,0x00000000ec080000)
  to   space 3584K, 0% used [0x00000000ec080000,0x00000000ec080000,0x00000000ec400000)
 ParOldGen       total 68608K, used 50610K [0x00000000c0000000, 0x00000000c4300000, 0x00000000eab00000)
  object space 68608K, 73% used [0x00000000c0000000,0x00000000c316c8f0,0x00000000c4300000)
 Metaspace       used 47985K, committed 49280K, reserved 1114112K
  class space    used 5072K, committed 5632K, reserved 1048576K

Card table byte_map: [0x000001e66f270000,0x000001e66f480000] _byte_map_base: 0x000001e66ec70000

Marking Bits: (ParMarkBitMap*) 0x00007ffd5be931f0
 Begin Bits: [0x000001e672ac0000, 0x000001e673ac0000)
 End Bits:   [0x000001e673ac0000, 0x000001e674ac0000)

Polling page: 0x000001e66d5a0000

Metaspace:

Usage:
  Non-class:     41.91 MB used.
      Class:      4.95 MB used.
       Both:     46.86 MB used.

Virtual space:
  Non-class space:       64.00 MB reserved,      42.62 MB ( 67%) committed,  1 nodes.
      Class space:        1.00 GB reserved,       5.50 MB ( <1%) committed,  1 nodes.
             Both:        1.06 GB reserved,      48.12 MB (  4%) committed. 

Chunk freelists:
   Non-Class:  4.58 MB
       Class:  10.40 MB
        Both:  14.98 MB

MaxMetaspaceSize: unlimited
CompressedClassSpaceSize: 1.00 GB
Initial GC threshold: 21.00 MB
Current GC threshold: 58.38 MB
CDS: on
 - commit_granule_bytes: 65536.
 - commit_granule_words: 8192.
 - virtual_space_node_default_size: 8388608.
 - enlarge_chunks_in_place: 1.
 - use_allocation_guard: 0.


Internal statistics:

num_allocs_failed_limit: 8.
num_arena_births: 854.
num_arena_deaths: 14.
num_vsnodes_births: 2.
num_vsnodes_deaths: 0.
num_space_committed: 770.
num_space_uncommitted: 0.
num_chunks_returned_to_freelist: 22.
num_chunks_taken_from_freelist: 2907.
num_chunk_merges: 11.
num_chunk_splits: 1872.
num_chunks_enlarged: 1166.
num_inconsistent_stats: 0.

CodeHeap 'non-profiled nmethods': size=120000Kb used=3211Kb max_used=3211Kb free=116788Kb
 bounds [0x000001e607ad0000, 0x000001e607e00000, 0x000001e60f000000]
CodeHeap 'profiled nmethods': size=120000Kb used=13851Kb max_used=13851Kb free=106148Kb
 bounds [0x000001e600000000, 0x000001e600d90000, 0x000001e607530000]
CodeHeap 'non-nmethods': size=5760Kb used=1395Kb max_used=1438Kb free=4364Kb
 bounds [0x000001e607530000, 0x000001e6077a0000, 0x000001e607ad0000]
 total_blobs=7362 nmethods=6673 adapters=595
 compilation: enabled
              stopped_count=0, restarted_count=0
 full_count=0

Compilation events (20 events):
Event: 3.882 Thread 0x000001e67b00f310 nmethod 7238 0x000001e600d73510 code [0x000001e600d73760, 0x000001e600d73d00]
Event: 3.882 Thread 0x000001e67b00f310 7239       2       org.eclipse.core.internal.resources.ResourceInfo::getType (8 bytes)
Event: 3.882 Thread 0x000001e67b00f310 nmethod 7239 0x000001e600d73f90 code [0x000001e600d74120, 0x000001e600d74230]
Event: 3.882 Thread 0x000001e67b00f310 7240       2       com.google.gson.internal.GsonTypes::resolve (14 bytes)
Event: 3.882 Thread 0x000001e67b00f310 nmethod 7240 0x000001e600d74310 code [0x000001e600d744c0, 0x000001e600d74638]
Event: 3.882 Thread 0x000001e67b00f310 7241       2       com.google.gson.internal.bind.TypeAdapterRuntimeTypeWrapper::<init> (20 bytes)
Event: 3.883 Thread 0x000001e67b00f310 nmethod 7241 0x000001e600d74710 code [0x000001e600d748a0, 0x000001e600d749e8]
Event: 3.883 Thread 0x000001e67b00f310 7242       2       com.google.gson.internal.bind.ReflectiveTypeAdapterFactory::includeField (18 bytes)
Event: 3.883 Thread 0x000001e67b00f310 nmethod 7242 0x000001e600d74a90 code [0x000001e600d74c40, 0x000001e600d74d78]
Event: 3.883 Thread 0x000001e67b00f310 7243       2       com.google.gson.internal.Excluder::excludeField (207 bytes)
Event: 3.884 Thread 0x000001e67b00f310 nmethod 7243 0x000001e600d74e90 code [0x000001e600d75280, 0x000001e600d76408]
Event: 3.884 Thread 0x000001e67b00f310 7244       2       java.lang.Class::getDeclaringClass (31 bytes)
Event: 3.884 Thread 0x000001e67b00f310 nmethod 7244 0x000001e600d76b90 code [0x000001e600d76d40, 0x000001e600d76e68]
Event: 3.884 Thread 0x000001e67b00f310 7245   !   2       com.google.gson.Gson::getAdapter (265 bytes)
Event: 3.885 Thread 0x000001e67b00f310 nmethod 7245 0x000001e600d76f10 code [0x000001e600d77260, 0x000001e600d78060]
Event: 3.885 Thread 0x000001e67b00f310 7250       2       sun.reflect.generics.parser.SignatureParser::parseTypeArguments (109 bytes)
Event: 3.885 Thread 0x000001e67b00f310 nmethod 7250 0x000001e600d78910 code [0x000001e600d78b60, 0x000001e600d791e0]
Event: 3.885 Thread 0x000001e67b00f310 7249       2       org.eclipse.jdt.internal.core.JavaModelStatus::isOK (11 bytes)
Event: 3.886 Thread 0x000001e67b00f310 nmethod 7249 0x000001e600d79610 code [0x000001e600d797c0, 0x000001e600d79900]
Event: 3.886 Thread 0x000001e67b00f310 7248       2       com.google.gson.internal.GsonTypes::getRawType (179 bytes)

GC Heap History (20 events):
Event: 3.599 GC heap before
{Heap before GC invocations=22 (full 2):
 PSYoungGen      total 22528K, used 22368K [0x00000000eab00000, 0x00000000ec400000, 0x0000000100000000)
  eden space 20480K, 100% used [0x00000000eab00000,0x00000000ebf00000,0x00000000ebf00000)
  from space 2048K, 92% used [0x00000000ebf00000,0x00000000ec0d81d0,0x00000000ec100000)
  to   space 2560K, 0% used [0x00000000ec180000,0x00000000ec180000,0x00000000ec400000)
 ParOldGen       total 68608K, used 24229K [0x00000000c0000000, 0x00000000c4300000, 0x00000000eab00000)
  object space 68608K, 35% used [0x00000000c0000000,0x00000000c17a97a0,0x00000000c4300000)
 Metaspace       used 46264K, committed 47488K, reserved 1114112K
  class space    used 4901K, committed 5440K, reserved 1048576K
}
Event: 3.600 GC heap after
{Heap after GC invocations=22 (full 2):
 PSYoungGen      total 20992K, used 2529K [0x00000000eab00000, 0x00000000ec800000, 0x0000000100000000)
  eden space 18432K, 0% used [0x00000000eab00000,0x00000000eab00000,0x00000000ebd00000)
  from space 2560K, 98% used [0x00000000ec180000,0x00000000ec3f87d8,0x00000000ec400000)
  to   space 4608K, 0% used [0x00000000ebd00000,0x00000000ebd00000,0x00000000ec180000)
 ParOldGen       total 68608K, used 25798K [0x00000000c0000000, 0x00000000c4300000, 0x00000000eab00000)
  object space 68608K, 37% used [0x00000000c0000000,0x00000000c1931800,0x00000000c4300000)
 Metaspace       used 46264K, committed 47488K, reserved 1114112K
  class space    used 4901K, committed 5440K, reserved 1048576K
}
Event: 3.623 GC heap before
{Heap before GC invocations=23 (full 2):
 PSYoungGen      total 20992K, used 20961K [0x00000000eab00000, 0x00000000ec800000, 0x0000000100000000)
  eden space 18432K, 100% used [0x00000000eab00000,0x00000000ebd00000,0x00000000ebd00000)
  from space 2560K, 98% used [0x00000000ec180000,0x00000000ec3f87d8,0x00000000ec400000)
  to   space 4608K, 0% used [0x00000000ebd00000,0x00000000ebd00000,0x00000000ec180000)
 ParOldGen       total 68608K, used 25798K [0x00000000c0000000, 0x00000000c4300000, 0x00000000eab00000)
  object space 68608K, 37% used [0x00000000c0000000,0x00000000c1931800,0x00000000c4300000)
 Metaspace       used 46338K, committed 47552K, reserved 1114112K
  class space    used 4904K, committed 5440K, reserved 1048576K
}
Event: 3.625 GC heap after
{Heap after GC invocations=23 (full 2):
 PSYoungGen      total 20992K, used 2523K [0x00000000eab00000, 0x00000000ec400000, 0x0000000100000000)
  eden space 18432K, 0% used [0x00000000eab00000,0x00000000eab00000,0x00000000ebd00000)
  from space 2560K, 98% used [0x00000000ebd00000,0x00000000ebf76c18,0x00000000ebf80000)
  to   space 3584K, 0% used [0x00000000ec080000,0x00000000ec080000,0x00000000ec400000)
 ParOldGen       total 68608K, used 28155K [0x00000000c0000000, 0x00000000c4300000, 0x00000000eab00000)
  object space 68608K, 41% used [0x00000000c0000000,0x00000000c1b7ecc8,0x00000000c4300000)
 Metaspace       used 46338K, committed 47552K, reserved 1114112K
  class space    used 4904K, committed 5440K, reserved 1048576K
}
Event: 3.653 GC heap before
{Heap before GC invocations=24 (full 2):
 PSYoungGen      total 20992K, used 20955K [0x00000000eab00000, 0x00000000ec400000, 0x0000000100000000)
  eden space 18432K, 100% used [0x00000000eab00000,0x00000000ebd00000,0x00000000ebd00000)
  from space 2560K, 98% used [0x00000000ebd00000,0x00000000ebf76c18,0x00000000ebf80000)
  to   space 3584K, 0% used [0x00000000ec080000,0x00000000ec080000,0x00000000ec400000)
 ParOldGen       total 68608K, used 28155K [0x00000000c0000000, 0x00000000c4300000, 0x00000000eab00000)
  object space 68608K, 41% used [0x00000000c0000000,0x00000000c1b7ecc8,0x00000000c4300000)
 Metaspace       used 46374K, committed 47616K, reserved 1114112K
  class space    used 4904K, committed 5440K, reserved 1048576K
}
Event: 3.655 GC heap after
{Heap after GC invocations=24 (full 2):
 PSYoungGen      total 21504K, used 2712K [0x00000000eab00000, 0x00000000ec380000, 0x0000000100000000)
  eden space 18432K, 0% used [0x00000000eab00000,0x00000000eab00000,0x00000000ebd00000)
  from space 3072K, 88% used [0x00000000ec080000,0x00000000ec326008,0x00000000ec380000)
  to   space 3072K, 0% used [0x00000000ebd80000,0x00000000ebd80000,0x00000000ec080000)
 ParOldGen       total 68608K, used 30451K [0x00000000c0000000, 0x00000000c4300000, 0x00000000eab00000)
  object space 68608K, 44% used [0x00000000c0000000,0x00000000c1dbce90,0x00000000c4300000)
 Metaspace       used 46374K, committed 47616K, reserved 1114112K
  class space    used 4904K, committed 5440K, reserved 1048576K
}
Event: 3.685 GC heap before
{Heap before GC invocations=25 (full 2):
 PSYoungGen      total 21504K, used 21144K [0x00000000eab00000, 0x00000000ec380000, 0x0000000100000000)
  eden space 18432K, 100% used [0x00000000eab00000,0x00000000ebd00000,0x00000000ebd00000)
  from space 3072K, 88% used [0x00000000ec080000,0x00000000ec326008,0x00000000ec380000)
  to   space 3072K, 0% used [0x00000000ebd80000,0x00000000ebd80000,0x00000000ec080000)
 ParOldGen       total 68608K, used 30451K [0x00000000c0000000, 0x00000000c4300000, 0x00000000eab00000)
  object space 68608K, 44% used [0x00000000c0000000,0x00000000c1dbce90,0x00000000c4300000)
 Metaspace       used 46456K, committed 47616K, reserved 1114112K
  class space    used 4912K, committed 5440K, reserved 1048576K
}
Event: 3.687 GC heap after
{Heap after GC invocations=25 (full 2):
 PSYoungGen      total 21504K, used 2785K [0x00000000eab00000, 0x00000000ec300000, 0x0000000100000000)
  eden space 18432K, 0% used [0x00000000eab00000,0x00000000eab00000,0x00000000ebd00000)
  from space 3072K, 90% used [0x00000000ebd80000,0x00000000ec038608,0x00000000ec080000)
  to   space 2560K, 0% used [0x00000000ec080000,0x00000000ec080000,0x00000000ec300000)
 ParOldGen       total 68608K, used 32862K [0x00000000c0000000, 0x00000000c4300000, 0x00000000eab00000)
  object space 68608K, 47% used [0x00000000c0000000,0x00000000c2017be8,0x00000000c4300000)
 Metaspace       used 46456K, committed 47616K, reserved 1114112K
  class space    used 4912K, committed 5440K, reserved 1048576K
}
Event: 3.713 GC heap before
{Heap before GC invocations=26 (full 2):
 PSYoungGen      total 21504K, used 21217K [0x00000000eab00000, 0x00000000ec300000, 0x0000000100000000)
  eden space 18432K, 100% used [0x00000000eab00000,0x00000000ebd00000,0x00000000ebd00000)
  from space 3072K, 90% used [0x00000000ebd80000,0x00000000ec038608,0x00000000ec080000)
  to   space 2560K, 0% used [0x00000000ec080000,0x00000000ec080000,0x00000000ec300000)
 ParOldGen       total 68608K, used 32862K [0x00000000c0000000, 0x00000000c4300000, 0x00000000eab00000)
  object space 68608K, 47% used [0x00000000c0000000,0x00000000c2017be8,0x00000000c4300000)
 Metaspace       used 46577K, committed 47808K, reserved 1114112K
  class space    used 4919K, committed 5440K, reserved 1048576K
}
Event: 3.715 GC heap after
{Heap after GC invocations=26 (full 2):
 PSYoungGen      total 20992K, used 2552K [0x00000000eab00000, 0x00000000ec300000, 0x0000000100000000)
  eden space 18432K, 0% used [0x00000000eab00000,0x00000000eab00000,0x00000000ebd00000)
  from space 2560K, 99% used [0x00000000ec080000,0x00000000ec2fe3b8,0x00000000ec300000)
  to   space 3072K, 0% used [0x00000000ebd80000,0x00000000ebd80000,0x00000000ec080000)
 ParOldGen       total 68608K, used 35567K [0x00000000c0000000, 0x00000000c4300000, 0x00000000eab00000)
  object space 68608K, 51% used [0x00000000c0000000,0x00000000c22bbc10,0x00000000c4300000)
 Metaspace       used 46577K, committed 47808K, reserved 1114112K
  class space    used 4919K, committed 5440K, reserved 1048576K
}
Event: 3.740 GC heap before
{Heap before GC invocations=27 (full 2):
 PSYoungGen      total 20992K, used 20984K [0x00000000eab00000, 0x00000000ec300000, 0x0000000100000000)
  eden space 18432K, 100% used [0x00000000eab00000,0x00000000ebd00000,0x00000000ebd00000)
  from space 2560K, 99% used [0x00000000ec080000,0x00000000ec2fe3b8,0x00000000ec300000)
  to   space 3072K, 0% used [0x00000000ebd80000,0x00000000ebd80000,0x00000000ec080000)
 ParOldGen       total 68608K, used 35567K [0x00000000c0000000, 0x00000000c4300000, 0x00000000eab00000)
  object space 68608K, 51% used [0x00000000c0000000,0x00000000c22bbc10,0x00000000c4300000)
 Metaspace       used 46610K, committed 47808K, reserved 1114112K
  class space    used 4919K, committed 5440K, reserved 1048576K
}
Event: 3.742 GC heap after
{Heap after GC invocations=27 (full 2):
 PSYoungGen      total 21504K, used 2969K [0x00000000eab00000, 0x00000000ec500000, 0x0000000100000000)
  eden space 18432K, 0% used [0x00000000eab00000,0x00000000eab00000,0x00000000ebd00000)
  from space 3072K, 96% used [0x00000000ebd80000,0x00000000ec066690,0x00000000ec080000)
  to   space 4096K, 0% used [0x00000000ec100000,0x00000000ec100000,0x00000000ec500000)
 ParOldGen       total 68608K, used 38072K [0x00000000c0000000, 0x00000000c4300000, 0x00000000eab00000)
  object space 68608K, 55% used [0x00000000c0000000,0x00000000c252e148,0x00000000c4300000)
 Metaspace       used 46610K, committed 47808K, reserved 1114112K
  class space    used 4919K, committed 5440K, reserved 1048576K
}
Event: 3.762 GC heap before
{Heap before GC invocations=28 (full 2):
 PSYoungGen      total 21504K, used 21401K [0x00000000eab00000, 0x00000000ec500000, 0x0000000100000000)
  eden space 18432K, 100% used [0x00000000eab00000,0x00000000ebd00000,0x00000000ebd00000)
  from space 3072K, 96% used [0x00000000ebd80000,0x00000000ec066690,0x00000000ec080000)
  to   space 4096K, 0% used [0x00000000ec100000,0x00000000ec100000,0x00000000ec500000)
 ParOldGen       total 68608K, used 38072K [0x00000000c0000000, 0x00000000c4300000, 0x00000000eab00000)
  object space 68608K, 55% used [0x00000000c0000000,0x00000000c252e148,0x00000000c4300000)
 Metaspace       used 46636K, committed 47872K, reserved 1114112K
  class space    used 4919K, committed 5440K, reserved 1048576K
}
Event: 3.764 GC heap after
{Heap after GC invocations=28 (full 2):
 PSYoungGen      total 21504K, used 2976K [0x00000000eab00000, 0x00000000ec400000, 0x0000000100000000)
  eden space 18432K, 0% used [0x00000000eab00000,0x00000000eab00000,0x00000000ebd00000)
  from space 3072K, 96% used [0x00000000ec100000,0x00000000ec3e8068,0x00000000ec400000)
  to   space 3584K, 0% used [0x00000000ebd00000,0x00000000ebd00000,0x00000000ec080000)
 ParOldGen       total 68608K, used 40869K [0x00000000c0000000, 0x00000000c4300000, 0x00000000eab00000)
  object space 68608K, 59% used [0x00000000c0000000,0x00000000c27e9770,0x00000000c4300000)
 Metaspace       used 46636K, committed 47872K, reserved 1114112K
  class space    used 4919K, committed 5440K, reserved 1048576K
}
Event: 3.790 GC heap before
{Heap before GC invocations=29 (full 2):
 PSYoungGen      total 21504K, used 21408K [0x00000000eab00000, 0x00000000ec400000, 0x0000000100000000)
  eden space 18432K, 100% used [0x00000000eab00000,0x00000000ebd00000,0x00000000ebd00000)
  from space 3072K, 96% used [0x00000000ec100000,0x00000000ec3e8068,0x00000000ec400000)
  to   space 3584K, 0% used [0x00000000ebd00000,0x00000000ebd00000,0x00000000ec080000)
 ParOldGen       total 68608K, used 40869K [0x00000000c0000000, 0x00000000c4300000, 0x00000000eab00000)
  object space 68608K, 59% used [0x00000000c0000000,0x00000000c27e9770,0x00000000c4300000)
 Metaspace       used 46812K, committed 48000K, reserved 1114112K
  class space    used 4933K, committed 5440K, reserved 1048576K
}
Event: 3.791 GC heap after
{Heap after GC invocations=29 (full 2):
 PSYoungGen      total 22016K, used 3167K [0x00000000eab00000, 0x00000000ec400000, 0x0000000100000000)
  eden space 18432K, 0% used [0x00000000eab00000,0x00000000eab00000,0x00000000ebd00000)
  from space 3584K, 88% used [0x00000000ebd00000,0x00000000ec017ef8,0x00000000ec080000)
  to   space 3584K, 0% used [0x00000000ec080000,0x00000000ec080000,0x00000000ec400000)
 ParOldGen       total 68608K, used 43669K [0x00000000c0000000, 0x00000000c4300000, 0x00000000eab00000)
  object space 68608K, 63% used [0x00000000c0000000,0x00000000c2aa5630,0x00000000c4300000)
 Metaspace       used 46812K, committed 48000K, reserved 1114112K
  class space    used 4933K, committed 5440K, reserved 1048576K
}
Event: 3.826 GC heap before
{Heap before GC invocations=30 (full 2):
 PSYoungGen      total 22016K, used 21599K [0x00000000eab00000, 0x00000000ec400000, 0x0000000100000000)
  eden space 18432K, 100% used [0x00000000eab00000,0x00000000ebd00000,0x00000000ebd00000)
  from space 3584K, 88% used [0x00000000ebd00000,0x00000000ec017ef8,0x00000000ec080000)
  to   space 3584K, 0% used [0x00000000ec080000,0x00000000ec080000,0x00000000ec400000)
 ParOldGen       total 68608K, used 43669K [0x00000000c0000000, 0x00000000c4300000, 0x00000000eab00000)
  object space 68608K, 63% used [0x00000000c0000000,0x00000000c2aa5630,0x00000000c4300000)
 Metaspace       used 47254K, committed 48512K, reserved 1114112K
  class space    used 4972K, committed 5504K, reserved 1048576K
}
Event: 3.828 GC heap after
{Heap after GC invocations=30 (full 2):
 PSYoungGen      total 22016K, used 3580K [0x00000000eab00000, 0x00000000ec400000, 0x0000000100000000)
  eden space 18432K, 0% used [0x00000000eab00000,0x00000000eab00000,0x00000000ebd00000)
  from space 3584K, 99% used [0x00000000ec080000,0x00000000ec3ff0e8,0x00000000ec400000)
  to   space 3584K, 0% used [0x00000000ebd00000,0x00000000ebd00000,0x00000000ec080000)
 ParOldGen       total 68608K, used 47072K [0x00000000c0000000, 0x00000000c4300000, 0x00000000eab00000)
  object space 68608K, 68% used [0x00000000c0000000,0x00000000c2df81d0,0x00000000c4300000)
 Metaspace       used 47254K, committed 48512K, reserved 1114112K
  class space    used 4972K, committed 5504K, reserved 1048576K
}
Event: 3.873 GC heap before
{Heap before GC invocations=31 (full 2):
 PSYoungGen      total 22016K, used 22012K [0x00000000eab00000, 0x00000000ec400000, 0x0000000100000000)
  eden space 18432K, 100% used [0x00000000eab00000,0x00000000ebd00000,0x00000000ebd00000)
  from space 3584K, 99% used [0x00000000ec080000,0x00000000ec3ff0e8,0x00000000ec400000)
  to   space 3584K, 0% used [0x00000000ebd00000,0x00000000ebd00000,0x00000000ec080000)
 ParOldGen       total 68608K, used 47072K [0x00000000c0000000, 0x00000000c4300000, 0x00000000eab00000)
  object space 68608K, 68% used [0x00000000c0000000,0x00000000c2df81d0,0x00000000c4300000)
 Metaspace       used 47646K, committed 48896K, reserved 1114112K
  class space    used 5025K, committed 5568K, reserved 1048576K
}
Event: 3.875 GC heap after
{Heap after GC invocations=31 (full 2):
 PSYoungGen      total 22016K, used 3582K [0x00000000eab00000, 0x00000000ec400000, 0x0000000100000000)
  eden space 18432K, 0% used [0x00000000eab00000,0x00000000eab00000,0x00000000ebd00000)
  from space 3584K, 99% used [0x00000000ebd00000,0x00000000ec07f890,0x00000000ec080000)
  to   space 3584K, 0% used [0x00000000ec080000,0x00000000ec080000,0x00000000ec400000)
 ParOldGen       total 68608K, used 50610K [0x00000000c0000000, 0x00000000c4300000, 0x00000000eab00000)
  object space 68608K, 73% used [0x00000000c0000000,0x00000000c316c8f0,0x00000000c4300000)
 Metaspace       used 47646K, committed 48896K, reserved 1114112K
  class space    used 5025K, committed 5568K, reserved 1048576K
}

Dll operation events (10 events):
Event: 0.005 Loaded shared library c:\Users\1128i\.vscode\extensions\redhat.java-1.42.0-win32-x64\jre\21.0.7-win32-x86_64\bin\java.dll
Event: 0.053 Loaded shared library c:\Users\1128i\.vscode\extensions\redhat.java-1.42.0-win32-x64\jre\21.0.7-win32-x86_64\bin\zip.dll
Event: 0.065 Loaded shared library C:\Users\1128i\.vscode\extensions\redhat.java-1.42.0-win32-x64\jre\21.0.7-win32-x86_64\bin\instrument.dll
Event: 0.068 Loaded shared library C:\Users\1128i\.vscode\extensions\redhat.java-1.42.0-win32-x64\jre\21.0.7-win32-x86_64\bin\net.dll
Event: 0.069 Loaded shared library C:\Users\1128i\.vscode\extensions\redhat.java-1.42.0-win32-x64\jre\21.0.7-win32-x86_64\bin\nio.dll
Event: 0.071 Loaded shared library C:\Users\1128i\.vscode\extensions\redhat.java-1.42.0-win32-x64\jre\21.0.7-win32-x86_64\bin\zip.dll
Event: 0.081 Loaded shared library C:\Users\1128i\.vscode\extensions\redhat.java-1.42.0-win32-x64\jre\21.0.7-win32-x86_64\bin\jimage.dll
Event: 0.119 Loaded shared library c:\Users\1128i\.vscode\extensions\redhat.java-1.42.0-win32-x64\jre\21.0.7-win32-x86_64\bin\verify.dll
Event: 0.757 Loaded shared library C:\Users\1128i\AppData\Roaming\Code\User\globalStorage\redhat.java\1.42.0\config_win\org.eclipse.equinox.launcher\org.eclipse.equinox.launcher.win32.win32.x86_64_1.2.1300.v20250331-1702\eclipse_11911.dll
Event: 1.688 Loaded shared library C:\Users\1128i\AppData\Local\Temp\jna-46762179\jna17133883875668863019.dll

Deoptimization events (20 events):
Event: 3.734 Thread 0x000001e67c37d490 DEOPT PACKING pc=0x000001e607dceb30 sp=0x00000034291fe8e0
Event: 3.734 Thread 0x000001e67c37d490 DEOPT UNPACKING pc=0x000001e607586da2 sp=0x00000034291fe890 mode 2
Event: 3.753 Thread 0x000001e67c37d490 DEOPT PACKING pc=0x000001e600ca300c sp=0x00000034291fe750
Event: 3.753 Thread 0x000001e67c37d490 DEOPT UNPACKING pc=0x000001e6075878e2 sp=0x00000034291fdc78 mode 0
Event: 3.764 Thread 0x000001e67c37d490 DEOPT PACKING pc=0x000001e600beabae sp=0x00000034291feaf0
Event: 3.764 Thread 0x000001e67c37d490 DEOPT UNPACKING pc=0x000001e6075878e2 sp=0x00000034291fdf60 mode 0
Event: 3.786 Thread 0x000001e67c37d490 DEOPT PACKING pc=0x000001e600c102b0 sp=0x00000034291feb00
Event: 3.786 Thread 0x000001e67c37d490 DEOPT UNPACKING pc=0x000001e6075878e2 sp=0x00000034291fdfe8 mode 0
Event: 3.796 Thread 0x000001e67c37fbf0 Uncommon trap: trap_request=0xffffff45 fr.pc=0x000001e607d7cd6c relative=0x00000000000002ac
Event: 3.796 Thread 0x000001e67c37fbf0 Uncommon trap: reason=unstable_if action=reinterpret pc=0x000001e607d7cd6c method=org.eclipse.core.runtime.Path.equals(Ljava/lang/Object;)Z @ 99 c2
Event: 3.796 Thread 0x000001e67c37fbf0 DEOPT PACKING pc=0x000001e607d7cd6c sp=0x0000003428ffe600
Event: 3.796 Thread 0x000001e67c37fbf0 DEOPT UNPACKING pc=0x000001e607586da2 sp=0x0000003428ffe578 mode 2
Event: 3.801 Thread 0x000001e67c37d490 DEOPT PACKING pc=0x000001e600bd8eb0 sp=0x00000034291fea20
Event: 3.801 Thread 0x000001e67c37d490 DEOPT UNPACKING pc=0x000001e6075878e2 sp=0x00000034291fde68 mode 0
Event: 3.811 Thread 0x000001e67c37d490 Uncommon trap: trap_request=0xffffff45 fr.pc=0x000001e607de1678 relative=0x00000000000005b8
Event: 3.811 Thread 0x000001e67c37d490 Uncommon trap: reason=unstable_if action=reinterpret pc=0x000001e607de1678 method=org.eclipse.jdt.internal.core.search.indexing.BinaryIndexer.addTypeReference([C)V @ 23 c2
Event: 3.811 Thread 0x000001e67c37d490 DEOPT PACKING pc=0x000001e607de1678 sp=0x00000034291fe920
Event: 3.811 Thread 0x000001e67c37d490 DEOPT UNPACKING pc=0x000001e607586da2 sp=0x00000034291fe908 mode 2
Event: 3.850 Thread 0x000001e67ebc9360 DEOPT PACKING pc=0x000001e600ad41c6 sp=0x000000342a3fe1a0
Event: 3.850 Thread 0x000001e67ebc9360 DEOPT UNPACKING pc=0x000001e6075878e2 sp=0x000000342a3fd720 mode 0

Classes loaded (20 events):
Event: 3.480 Loading class java/nio/file/FileVisitResult
Event: 3.480 Loading class java/nio/file/FileVisitResult done
Event: 3.537 Loading class java/nio/channels/Channels$ReadableByteChannelImpl
Event: 3.537 Loading class java/nio/channels/Channels$ReadableByteChannelImpl done
Event: 3.538 Loading class java/nio/channels/NonWritableChannelException
Event: 3.538 Loading class java/nio/channels/NonWritableChannelException done
Event: 3.589 Loading class java/util/AbstractList$ListItr
Event: 3.590 Loading class java/util/AbstractList$ListItr done
Event: 3.798 Loading class java/util/WeakHashMap$KeyIterator
Event: 3.798 Loading class java/util/WeakHashMap$KeyIterator done
Event: 3.870 Loading class java/util/concurrent/CompletableFuture$AltResult
Event: 3.870 Loading class java/util/concurrent/CompletableFuture$AltResult done
Event: 3.871 Loading class java/util/concurrent/CompletableFuture$Completion
Event: 3.871 Loading class java/util/concurrent/CompletableFuture$AsynchronousCompletionTask
Event: 3.871 Loading class java/util/concurrent/CompletableFuture$AsynchronousCompletionTask done
Event: 3.871 Loading class java/util/concurrent/CompletableFuture$Completion done
Event: 3.873 Loading class sun/nio/ch/WindowsAsynchronousFileChannelImpl$WriteTask
Event: 3.875 Loading class sun/nio/ch/WindowsAsynchronousFileChannelImpl$WriteTask done
Event: 3.881 Loading class jdk/internal/math/FormattedFPDecimal
Event: 3.881 Loading class jdk/internal/math/FormattedFPDecimal done

Classes unloaded (7 events):
Event: 1.976 Thread 0x000001e674c94ea0 Unloading class 0x000001e61019bc00 'java/lang/invoke/LambdaForm$MH+0x000001e61019bc00'
Event: 1.976 Thread 0x000001e674c94ea0 Unloading class 0x000001e61019b800 'java/lang/invoke/LambdaForm$MH+0x000001e61019b800'
Event: 1.976 Thread 0x000001e674c94ea0 Unloading class 0x000001e61019b400 'java/lang/invoke/LambdaForm$MH+0x000001e61019b400'
Event: 1.976 Thread 0x000001e674c94ea0 Unloading class 0x000001e61019b000 'java/lang/invoke/LambdaForm$MH+0x000001e61019b000'
Event: 1.976 Thread 0x000001e674c94ea0 Unloading class 0x000001e61019ac00 'java/lang/invoke/LambdaForm$BMH+0x000001e61019ac00'
Event: 1.976 Thread 0x000001e674c94ea0 Unloading class 0x000001e61019a800 'java/lang/invoke/LambdaForm$DMH+0x000001e61019a800'
Event: 1.976 Thread 0x000001e674c94ea0 Unloading class 0x000001e610199400 'java/lang/invoke/LambdaForm$DMH+0x000001e610199400'

Classes redefined (0 events):
No events

Internal exceptions (20 events):
Event: 3.386 Thread 0x000001e67c37fbf0 Exception <a 'java/io/FileNotFoundException'{0x00000000eb03ac40}> (0x00000000eb03ac40) 
thrown [s\src\hotspot\share\prims\jni.cpp, line 520]
Event: 3.399 Thread 0x000001e67c37fbf0 Exception <a 'sun/nio/fs/WindowsException'{0x00000000eb048e10}> (0x00000000eb048e10) 
thrown [s\src\hotspot\share\prims\jni.cpp, line 520]
Event: 3.441 Thread 0x000001e67c37d490 Implicit null exception at 0x000001e607d18ea6 to 0x000001e607d19174
Event: 3.441 Thread 0x000001e67c37d490 Exception <a 'java/lang/NoSuchMethodError'{0x00000000eb5cfa10}: 'java.lang.Object java.lang.invoke.DelegatingMethodHandle$Holder.reinvoke_L(java.lang.Object, int, long, java.lang.Object, java.lang.Object, int, java.lang.Object)'> (0x00000000eb5cfa10) 
thrown [s\src\hotspot\share\interpreter\linkResolver.cpp, line 773]
Event: 3.457 Thread 0x000001e67c37fbf0 Exception <a 'sun/nio/fs/WindowsException'{0x00000000eb8f1d38}> (0x00000000eb8f1d38) 
thrown [s\src\hotspot\share\prims\jni.cpp, line 520]
Event: 3.457 Thread 0x000001e67c37fbf0 Exception <a 'sun/nio/fs/WindowsException'{0x00000000eb8f2618}> (0x00000000eb8f2618) 
thrown [s\src\hotspot\share\prims\jni.cpp, line 520]
Event: 3.533 Thread 0x000001e67c37fbf0 Exception <a 'java/lang/NoSuchMethodError'{0x00000000eb3611f8}: 'java.lang.Object java.lang.invoke.Invokers$Holder.invoke_MT(java.lang.Object, java.lang.Object, java.lang.Object, java.lang.Object, java.lang.Object, java.lang.Object, java.lang.Object, java.lang.Object, java.lang.Object, java.lang.Object)'> (0x00000000eb3611f8) 
thrown [s\src\hotspot\share\interpreter\linkResolver.cpp, line 773]
Event: 3.545 Thread 0x000001e67c37d490 Exception <a 'java/io/FileNotFoundException'{0x00000000eb650f28}> (0x00000000eb650f28) 
thrown [s\src\hotspot\share\prims\jni.cpp, line 520]
Event: 3.545 Thread 0x000001e67c37d490 Exception <a 'java/io/FileNotFoundException'{0x00000000eb652198}> (0x00000000eb652198) 
thrown [s\src\hotspot\share\prims\jni.cpp, line 520]
Event: 3.546 Thread 0x000001e67c37d490 Exception <a 'java/lang/NoSuchMethodError'{0x00000000eb72b830}: 'java.lang.Object java.lang.invoke.DirectMethodHandle$Holder.newInvokeSpecial(java.lang.Object, java.lang.Object, java.lang.Object, int)'> (0x00000000eb72b830) 
thrown [s\src\hotspot\share\interpreter\linkResolver.cpp, line 773]
Event: 3.546 Thread 0x000001e67c37d490 Exception <a 'java/lang/NoSuchMethodError'{0x00000000eb75f5b0}: 'java.lang.Object java.lang.invoke.DirectMethodHandle$Holder.invokeSpecial(java.lang.Object, java.lang.Object, java.lang.Object, java.lang.Object, int)'> (0x00000000eb75f5b0) 
thrown [s\src\hotspot\share\interpreter\linkResolver.cpp, line 773]
Event: 3.546 Thread 0x000001e67c37d490 Exception <a 'java/lang/NoSuchMethodError'{0x00000000eb762a58}: 'java.lang.Object java.lang.invoke.Invokers$Holder.linkToTargetMethod(java.lang.Object, java.lang.Object, int, java.lang.Object)'> (0x00000000eb762a58) 
thrown [s\src\hotspot\share\interpreter\linkResolver.cpp, line 773]
Event: 3.717 Thread 0x000001e67c37d490 Implicit null exception at 0x000001e607da405a to 0x000001e607da4158
Event: 3.799 Thread 0x000001e67c37fbf0 Exception <a 'java/io/FileNotFoundException'{0x00000000eadbcba0}> (0x00000000eadbcba0) 
thrown [s\src\hotspot\share\prims\jni.cpp, line 520]
Event: 3.799 Thread 0x000001e67c37fbf0 Exception <a 'java/io/FileNotFoundException'{0x00000000eadbdba0}> (0x00000000eadbdba0) 
thrown [s\src\hotspot\share\prims\jni.cpp, line 520]
Event: 3.799 Thread 0x000001e67c37fbf0 Exception <a 'java/io/FileNotFoundException'{0x00000000eadbe8f8}> (0x00000000eadbe8f8) 
thrown [s\src\hotspot\share\prims\jni.cpp, line 520]
Event: 3.829 Thread 0x000001e67ebc9360 Exception <a 'java/io/FileNotFoundException'{0x00000000eab68c10}> (0x00000000eab68c10) 
thrown [s\src\hotspot\share\prims\jni.cpp, line 520]
Event: 3.879 Thread 0x000001e67c37db20 Exception <a 'java/lang/NoSuchMethodError'{0x00000000eac91488}: 'int java.lang.invoke.DirectMethodHandle$Holder.invokeSpecialIFC(java.lang.Object, java.lang.Object, java.lang.Object, java.lang.Object)'> (0x00000000eac91488) 
thrown [s\src\hotspot\share\interpreter\linkResolver.cpp, line 773]
Event: 3.882 Thread 0x000001e67c37db20 Exception <a 'sun/nio/fs/WindowsException'{0x00000000eae86ca0}> (0x00000000eae86ca0) 
thrown [s\src\hotspot\share\prims\jni.cpp, line 520]
Event: 3.883 Thread 0x000001e67c37db20 Exception <a 'sun/nio/fs/WindowsException'{0x00000000eae872f0}> (0x00000000eae872f0) 
thrown [s\src\hotspot\share\prims\jni.cpp, line 520]

ZGC Phase Switch (0 events):
No events

VM Operations (20 events):
Event: 3.623 Executing VM operation: ParallelGCFailedAllocation (Allocation Failure)
Event: 3.625 Executing VM operation: ParallelGCFailedAllocation (Allocation Failure) done
Event: 3.653 Executing VM operation: ParallelGCFailedAllocation (Allocation Failure)
Event: 3.655 Executing VM operation: ParallelGCFailedAllocation (Allocation Failure) done
Event: 3.685 Executing VM operation: ParallelGCFailedAllocation (Allocation Failure)
Event: 3.687 Executing VM operation: ParallelGCFailedAllocation (Allocation Failure) done
Event: 3.713 Executing VM operation: ParallelGCFailedAllocation (Allocation Failure)
Event: 3.715 Executing VM operation: ParallelGCFailedAllocation (Allocation Failure) done
Event: 3.740 Executing VM operation: ParallelGCFailedAllocation (Allocation Failure)
Event: 3.742 Executing VM operation: ParallelGCFailedAllocation (Allocation Failure) done
Event: 3.762 Executing VM operation: ParallelGCFailedAllocation (Allocation Failure)
Event: 3.764 Executing VM operation: ParallelGCFailedAllocation (Allocation Failure) done
Event: 3.790 Executing VM operation: ParallelGCFailedAllocation (Allocation Failure)
Event: 3.791 Executing VM operation: ParallelGCFailedAllocation (Allocation Failure) done
Event: 3.821 Executing VM operation: HandshakeAllThreads (Deoptimize)
Event: 3.821 Executing VM operation: HandshakeAllThreads (Deoptimize) done
Event: 3.826 Executing VM operation: ParallelGCFailedAllocation (Allocation Failure)
Event: 3.828 Executing VM operation: ParallelGCFailedAllocation (Allocation Failure) done
Event: 3.873 Executing VM operation: ParallelGCFailedAllocation (Allocation Failure)
Event: 3.875 Executing VM operation: ParallelGCFailedAllocation (Allocation Failure) done

Memory protections (0 events):
No events

Nmethod flushes (20 events):
Event: 2.668 Thread 0x000001e674c94ea0 flushing  nmethod 0x000001e600648310
Event: 2.668 Thread 0x000001e674c94ea0 flushing  nmethod 0x000001e600648c10
Event: 2.668 Thread 0x000001e674c94ea0 flushing  nmethod 0x000001e600649e10
Event: 2.668 Thread 0x000001e674c94ea0 flushing  nmethod 0x000001e60064a610
Event: 2.668 Thread 0x000001e674c94ea0 flushing  nmethod 0x000001e60064ad90
Event: 2.668 Thread 0x000001e674c94ea0 flushing  nmethod 0x000001e60064b710
Event: 2.668 Thread 0x000001e674c94ea0 flushing  nmethod 0x000001e60064bc10
Event: 2.668 Thread 0x000001e674c94ea0 flushing  nmethod 0x000001e60064c010
Event: 2.668 Thread 0x000001e674c94ea0 flushing  nmethod 0x000001e60064d490
Event: 2.668 Thread 0x000001e674c94ea0 flushing  nmethod 0x000001e60064e990
Event: 2.668 Thread 0x000001e674c94ea0 flushing  nmethod 0x000001e60064f410
Event: 2.668 Thread 0x000001e674c94ea0 flushing  nmethod 0x000001e600658410
Event: 2.668 Thread 0x000001e674c94ea0 flushing  nmethod 0x000001e600658f90
Event: 2.668 Thread 0x000001e674c94ea0 flushing  nmethod 0x000001e60065a790
Event: 2.668 Thread 0x000001e674c94ea0 flushing  nmethod 0x000001e60066c290
Event: 2.668 Thread 0x000001e674c94ea0 flushing  nmethod 0x000001e600681b10
Event: 2.668 Thread 0x000001e674c94ea0 flushing  nmethod 0x000001e600682c10
Event: 2.668 Thread 0x000001e674c94ea0 flushing  nmethod 0x000001e60069fd90
Event: 2.668 Thread 0x000001e674c94ea0 flushing  nmethod 0x000001e6006d6890
Event: 2.668 Thread 0x000001e674c94ea0 flushing  nmethod 0x000001e600748890

Events (20 events):
Event: 2.383 Thread 0x000001e67b7b79d0 Thread added: 0x000001e67c37d490
Event: 2.518 Thread 0x000001e67c37ce00 Thread added: 0x000001e67c37db20
Event: 2.537 Thread 0x000001e67c37db20 Thread added: 0x000001e67c37e1b0
Event: 2.552 Thread 0x000001e66d6066a0 Thread added: 0x000001e67c37e840
Event: 2.553 Thread 0x000001e66d6066a0 Thread added: 0x000001e67c37eed0
Event: 2.553 Thread 0x000001e66d6066a0 Thread added: 0x000001e67ebc44a0
Event: 2.553 Thread 0x000001e66d6066a0 Thread added: 0x000001e67ebc7920
Event: 2.553 Thread 0x000001e66d6066a0 Thread added: 0x000001e67ebc8640
Event: 2.553 Thread 0x000001e66d6066a0 Thread added: 0x000001e67ebc8cd0
Event: 2.553 Thread 0x000001e66d6066a0 Thread added: 0x000001e67ebc3e10
Event: 2.553 Thread 0x000001e66d6066a0 Thread added: 0x000001e67ebc5ee0
Event: 2.553 Thread 0x000001e66d6066a0 Thread added: 0x000001e67ebc1d40
Event: 2.553 Thread 0x000001e66d6066a0 Thread added: 0x000001e67ebc2a60
Event: 2.553 Thread 0x000001e66d6066a0 Thread added: 0x000001e67ebc4b30
Event: 2.553 Thread 0x000001e66d6066a0 Thread added: 0x000001e67ebc3780
Event: 2.553 Thread 0x000001e66d6066a0 Thread added: 0x000001e67ebc51c0
Event: 2.573 Thread 0x000001e66d6066a0 Thread added: 0x000001e67ebc5850
Event: 2.680 Thread 0x000001e66d6066a0 Thread added: 0x000001e67ebc7290
Event: 2.680 Thread 0x000001e66d6066a0 Thread added: 0x000001e67ebc9360
Event: 3.161 Thread 0x000001e67c37db20 Thread added: 0x000001e67ebc7fb0


Dynamic libraries:
0x00007ff63bcd0000 - 0x00007ff63bcde000 	c:\Users\1128i\.vscode\extensions\redhat.java-1.42.0-win32-x64\jre\21.0.7-win32-x86_64\bin\java.exe
0x00007ffdca110000 - 0x00007ffdca308000 	C:\WINDOWS\SYSTEM32\ntdll.dll
0x00007ffdc9da0000 - 0x00007ffdc9e62000 	C:\WINDOWS\System32\KERNEL32.DLL
0x00007ffdc77b0000 - 0x00007ffdc7aa6000 	C:\WINDOWS\System32\KERNELBASE.dll
0x00007ffdc7cf0000 - 0x00007ffdc7df0000 	C:\WINDOWS\System32\ucrtbase.dll
0x00007ffd9cdf0000 - 0x00007ffd9ce0e000 	c:\Users\1128i\.vscode\extensions\redhat.java-1.42.0-win32-x64\jre\21.0.7-win32-x86_64\bin\VCRUNTIME140.dll
0x00007ffdb13b0000 - 0x00007ffdb13c8000 	c:\Users\1128i\.vscode\extensions\redhat.java-1.42.0-win32-x64\jre\21.0.7-win32-x86_64\bin\jli.dll
0x00007ffdc9450000 - 0x00007ffdc95ed000 	C:\WINDOWS\System32\USER32.dll
0x00007ffdc7ea0000 - 0x00007ffdc7ec2000 	C:\WINDOWS\System32\win32u.dll
0x00007ffdb2f00000 - 0x00007ffdb319a000 	C:\WINDOWS\WinSxS\amd64_microsoft.windows.common-controls_6595b64144ccf1df_6.0.19041.5794_none_60bcd33171f2783c\COMCTL32.dll
0x00007ffdc9820000 - 0x00007ffdc984b000 	C:\WINDOWS\System32\GDI32.dll
0x00007ffdc7b30000 - 0x00007ffdc7c4a000 	C:\WINDOWS\System32\gdi32full.dll
0x00007ffdc7c50000 - 0x00007ffdc7ced000 	C:\WINDOWS\System32\msvcp_win.dll
0x00007ffdc9660000 - 0x00007ffdc96fe000 	C:\WINDOWS\System32\msvcrt.dll
0x00007ffdc89a0000 - 0x00007ffdc89cf000 	C:\WINDOWS\System32\IMM32.DLL
0x00007ffdb76a0000 - 0x00007ffdb76ac000 	c:\Users\1128i\.vscode\extensions\redhat.java-1.42.0-win32-x64\jre\21.0.7-win32-x86_64\bin\vcruntime140_1.dll
0x00007ffd652e0000 - 0x00007ffd6536d000 	c:\Users\1128i\.vscode\extensions\redhat.java-1.42.0-win32-x64\jre\21.0.7-win32-x86_64\bin\msvcp140.dll
0x00007ffd5b1e0000 - 0x00007ffd5bf70000 	c:\Users\1128i\.vscode\extensions\redhat.java-1.42.0-win32-x64\jre\21.0.7-win32-x86_64\bin\server\jvm.dll
0x00007ffdc88f0000 - 0x00007ffdc899f000 	C:\WINDOWS\System32\ADVAPI32.dll
0x00007ffdc92d0000 - 0x00007ffdc936f000 	C:\WINDOWS\System32\sechost.dll
0x00007ffdc9fa0000 - 0x00007ffdca0c3000 	C:\WINDOWS\System32\RPCRT4.dll
0x00007ffdc7b00000 - 0x00007ffdc7b27000 	C:\WINDOWS\System32\bcrypt.dll
0x00007ffdc9d30000 - 0x00007ffdc9d9b000 	C:\WINDOWS\System32\WS2_32.dll
0x00007ffdc6d10000 - 0x00007ffdc6d5b000 	C:\WINDOWS\SYSTEM32\POWRPROF.dll
0x00007ffdbfa00000 - 0x00007ffdbfa0a000 	C:\WINDOWS\SYSTEM32\VERSION.dll
0x00007ffdb8260000 - 0x00007ffdb8287000 	C:\WINDOWS\SYSTEM32\WINMM.dll
0x00007ffdc6b80000 - 0x00007ffdc6b92000 	C:\WINDOWS\SYSTEM32\UMPDC.dll
0x00007ffdc5f80000 - 0x00007ffdc5f92000 	C:\WINDOWS\SYSTEM32\kernel.appcore.dll
0x00007ffdb2840000 - 0x00007ffdb284a000 	c:\Users\1128i\.vscode\extensions\redhat.java-1.42.0-win32-x64\jre\21.0.7-win32-x86_64\bin\jimage.dll
0x00007ffdc54b0000 - 0x00007ffdc56b1000 	C:\WINDOWS\SYSTEM32\DBGHELP.DLL
0x00007ffdb1c50000 - 0x00007ffdb1c84000 	C:\WINDOWS\SYSTEM32\dbgcore.DLL
0x00007ffdc80b0000 - 0x00007ffdc8132000 	C:\WINDOWS\System32\bcryptPrimitives.dll
0x00007ffdb24e0000 - 0x00007ffdb24ef000 	c:\Users\1128i\.vscode\extensions\redhat.java-1.42.0-win32-x64\jre\21.0.7-win32-x86_64\bin\instrument.dll
0x00007ffd9cb60000 - 0x00007ffd9cb7f000 	c:\Users\1128i\.vscode\extensions\redhat.java-1.42.0-win32-x64\jre\21.0.7-win32-x86_64\bin\java.dll
0x00007ffdc8b50000 - 0x00007ffdc92be000 	C:\WINDOWS\System32\SHELL32.dll
0x00007ffdc57d0000 - 0x00007ffdc5f73000 	C:\WINDOWS\SYSTEM32\windows.storage.dll
0x00007ffdc9920000 - 0x00007ffdc9c73000 	C:\WINDOWS\System32\combase.dll
0x00007ffdc71e0000 - 0x00007ffdc720b000 	C:\WINDOWS\SYSTEM32\Wldp.dll
0x00007ffdc9850000 - 0x00007ffdc991d000 	C:\WINDOWS\System32\OLEAUT32.dll
0x00007ffdc9c80000 - 0x00007ffdc9d2d000 	C:\WINDOWS\System32\SHCORE.dll
0x00007ffdc89d0000 - 0x00007ffdc8a25000 	C:\WINDOWS\System32\shlwapi.dll
0x00007ffdc76e0000 - 0x00007ffdc7705000 	C:\WINDOWS\SYSTEM32\profapi.dll
0x00007ffd9cdd0000 - 0x00007ffd9cde8000 	c:\Users\1128i\.vscode\extensions\redhat.java-1.42.0-win32-x64\jre\21.0.7-win32-x86_64\bin\zip.dll
0x00007ffd9d050000 - 0x00007ffd9d060000 	C:\Users\1128i\.vscode\extensions\redhat.java-1.42.0-win32-x64\jre\21.0.7-win32-x86_64\bin\net.dll
0x00007ffdc10b0000 - 0x00007ffdc11ba000 	C:\WINDOWS\SYSTEM32\WINHTTP.dll
0x00007ffdc6f20000 - 0x00007ffdc6f8c000 	C:\WINDOWS\system32\mswsock.dll
0x00007ffd9cb80000 - 0x00007ffd9cb96000 	C:\Users\1128i\.vscode\extensions\redhat.java-1.42.0-win32-x64\jre\21.0.7-win32-x86_64\bin\nio.dll
0x00007ffd9cdc0000 - 0x00007ffd9cdd0000 	c:\Users\1128i\.vscode\extensions\redhat.java-1.42.0-win32-x64\jre\21.0.7-win32-x86_64\bin\verify.dll
0x00007ffd85b40000 - 0x00007ffd85b85000 	C:\Users\1128i\AppData\Roaming\Code\User\globalStorage\redhat.java\1.42.0\config_win\org.eclipse.equinox.launcher\org.eclipse.equinox.launcher.win32.win32.x86_64_1.2.1300.v20250331-1702\eclipse_11911.dll
0x00007ffdc9e70000 - 0x00007ffdc9f9b000 	C:\WINDOWS\System32\ole32.dll
0x00007ffdc7130000 - 0x00007ffdc7148000 	C:\WINDOWS\SYSTEM32\CRYPTSP.dll
0x00007ffdc67b0000 - 0x00007ffdc67e8000 	C:\WINDOWS\system32\rsaenh.dll
0x00007ffdc7660000 - 0x00007ffdc768e000 	C:\WINDOWS\SYSTEM32\USERENV.dll
0x00007ffdc7150000 - 0x00007ffdc715c000 	C:\WINDOWS\SYSTEM32\CRYPTBASE.dll
0x00007ffdc6ba0000 - 0x00007ffdc6bdb000 	C:\WINDOWS\SYSTEM32\IPHLPAPI.DLL
0x00007ffdc92c0000 - 0x00007ffdc92c8000 	C:\WINDOWS\System32\NSI.dll
0x00007ffd83ae0000 - 0x00007ffd83b29000 	C:\Users\1128i\AppData\Local\Temp\jna-46762179\jna17133883875668863019.dll
0x00007ffdc8a30000 - 0x00007ffdc8a38000 	C:\WINDOWS\System32\PSAPI.DLL
0x00007ffdc02b0000 - 0x00007ffdc02c7000 	C:\WINDOWS\SYSTEM32\dhcpcsvc6.DLL
0x00007ffdc0290000 - 0x00007ffdc02ad000 	C:\WINDOWS\SYSTEM32\dhcpcsvc.DLL

dbghelp: loaded successfully - version: 4.0.5 - missing functions: none
symbol engine: initialized successfully - sym options: 0x614 - pdb path: .;c:\Users\1128i\.vscode\extensions\redhat.java-1.42.0-win32-x64\jre\21.0.7-win32-x86_64\bin;C:\WINDOWS\SYSTEM32;C:\WINDOWS\WinSxS\amd64_microsoft.windows.common-controls_6595b64144ccf1df_6.0.19041.5794_none_60bcd33171f2783c;c:\Users\1128i\.vscode\extensions\redhat.java-1.42.0-win32-x64\jre\21.0.7-win32-x86_64\bin\server;C:\Users\1128i\AppData\Roaming\Code\User\globalStorage\redhat.java\1.42.0\config_win\org.eclipse.equinox.launcher\org.eclipse.equinox.launcher.win32.win32.x86_64_1.2.1300.v20250331-1702;C:\Users\1128i\AppData\Local\Temp\jna-46762179

VM Arguments:
jvm_args: --add-modules=ALL-SYSTEM --add-opens=java.base/java.util=ALL-UNNAMED --add-opens=java.base/java.lang=ALL-UNNAMED --add-opens=java.base/sun.nio.fs=ALL-UNNAMED -Declipse.application=org.eclipse.jdt.ls.core.id1 -Dosgi.bundles.defaultStartLevel=4 -Declipse.product=org.eclipse.jdt.ls.core.product -Djava.import.generatesMetadataFilesAtProjectRoot=false -DDetectVMInstallationsJob.disabled=true -Dfile.encoding=utf8 -XX:+UseParallelGC -XX:GCTimeRatio=4 -XX:AdaptiveSizePolicyWeight=90 -Dsun.zip.disableMemoryMapping=true -Xmx1G -Xms100m -Xlog:disable -javaagent:c:\Users\1128i\.vscode\extensions\redhat.java-1.42.0-win32-x64\lombok\lombok-1.18.36.jar -XX:+HeapDumpOnOutOfMemoryError -XX:HeapDumpPath=c:\Users\1128i\AppData\Roaming\Code\User\workspaceStorage\dccc5a249ba4dfe139dbbd2595ea0748\redhat.java -Daether.dependencyCollector.impl=bf 
java_command: c:\Users\1128i\.vscode\extensions\redhat.java-1.42.0-win32-x64\server\plugins\org.eclipse.equinox.launcher_1.7.0.v20250424-1814.jar -configuration c:\Users\1128i\AppData\Roaming\Code\User\globalStorage\redhat.java\1.42.0\config_win -data c:\Users\1128i\AppData\Roaming\Code\User\workspaceStorage\dccc5a249ba4dfe139dbbd2595ea0748\redhat.java\jdt_ws --pipe=\\.\pipe\lsp-03a914fbd959502d624f1e3d73a9f34f-sock
java_class_path (initial): c:\Users\1128i\.vscode\extensions\redhat.java-1.42.0-win32-x64\server\plugins\org.eclipse.equinox.launcher_1.7.0.v20250424-1814.jar
Launcher Type: SUN_STANDARD

[Global flags]
    uintx AdaptiveSizePolicyWeight                 = 90                                        {product} {command line}
     intx CICompilerCount                          = 4                                         {product} {ergonomic}
    uintx GCTimeRatio                              = 4                                         {product} {command line}
     bool HeapDumpOnOutOfMemoryError               = true                                   {manageable} {command line}
    ccstr HeapDumpPath                             = c:\Users\1128i\AppData\Roaming\Code\User\workspaceStorage\dccc5a249ba4dfe139dbbd2595ea0748\redhat.java         {manageable} {command line}
   size_t InitialHeapSize                          = 104857600                                 {product} {command line}
   size_t MaxHeapSize                              = 1073741824                                {product} {command line}
   size_t MaxNewSize                               = 357564416                                 {product} {ergonomic}
   size_t MinHeapDeltaBytes                        = 524288                                    {product} {ergonomic}
   size_t MinHeapSize                              = 104857600                                 {product} {command line}
   size_t NewSize                                  = 34603008                                  {product} {ergonomic}
    uintx NonNMethodCodeHeapSize                   = 5839372                                {pd product} {ergonomic}
    uintx NonProfiledCodeHeapSize                  = 122909434                              {pd product} {ergonomic}
   size_t OldSize                                  = 70254592                                  {product} {ergonomic}
    uintx ProfiledCodeHeapSize                     = 122909434                              {pd product} {ergonomic}
    uintx ReservedCodeCacheSize                    = 251658240                              {pd product} {ergonomic}
     bool SegmentedCodeCache                       = true                                      {product} {ergonomic}
   size_t SoftMaxHeapSize                          = 1073741824                             {manageable} {ergonomic}
     bool UseCompressedOops                        = true                           {product lp64_product} {ergonomic}
     bool UseLargePagesIndividualAllocation        = false                                  {pd product} {ergonomic}
     bool UseParallelGC                            = true                                      {product} {command line}

Logging:
Log output configuration:
 #0: stdout all=off uptime,level,tags foldmultilines=false
 #1: stderr all=off uptime,level,tags foldmultilines=false

Environment Variables:
PATH=C:\Program Files\Common Files\Oracle\Java\javapath;C:\Program Files (x86)\Common Files\Oracle\Java\java8path;C:\Program Files (x86)\Common Files\Oracle\Java\javapath;C:\WINDOWS\system32;C:\WINDOWS;C:\WINDOWS\System32\Wbem;C:\WINDOWS\System32\WindowsPowerShell\v1.0\;C:\WINDOWS\System32\OpenSSH\;C:\Program Files (x86)\Microsoft SQL Server\160\DTS\Binn\;C:\Program Files\Azure Data Studio\bin;C:\Program Files\Git\cmd;C:\Program Files\nodejs\;C:\Program Files\PuTTY\;C:\Program Files\apache-maven-3.9.9\bin;C:\Program Files\Cloudflare\Cloudflare WARP\;C:\Program Files\Docker\Docker\resources\bin;C:\Users\1128i\AppData\Local\Microsoft\WindowsApps;C:\Program Files\Azure Data Studio\bin;C:\Users\1128i\AppData\Local\Programs\Microsoft VS Code\bin;C:\Users\1128i\AppData\Local\GitHubDesktop\bin;C:\Users\1128i\AppData\Roaming\npm;D:\IntelliJ IDEA 2024.1\bin;;D:\DataGrip 2024.2.1\bin;;D:\cursor\resources\app\bin
USERNAME=1128i
OS=Windows_NT
PROCESSOR_IDENTIFIER=Intel64 Family 6 Model 141 Stepping 1, GenuineIntel
TMP=C:\Users\1128i\AppData\Local\Temp
TEMP=C:\Users\1128i\AppData\Local\Temp




Periodic native trim disabled

---------------  S Y S T E M  ---------------

OS:
 Windows 10 , 64 bit Build 19041 (10.0.19041.5794)
OS uptime: 0 days 0:31 hours
Hyper-V role detected

CPU: total 12 (initial active 12) (6 cores per cpu, 2 threads per core) family 6 model 141 stepping 1 microcode 0x34, cx8, cmov, fxsr, ht, mmx, 3dnowpref, sse, sse2, sse3, ssse3, sse4.1, sse4.2, popcnt, lzcnt, tsc, tscinvbit, avx, avx2, aes, erms, clmul, bmi1, bmi2, adx, avx512f, avx512dq, avx512cd, avx512bw, avx512vl, sha, fma, vzeroupper, avx512_vpopcntdq, avx512_vpclmulqdq, avx512_vaes, avx512_vnni, clflush, clflushopt, clwb, avx512_vbmi2, avx512_vbmi, hv, rdtscp, rdpid, fsrm, gfni, avx512_bitalg, f16c, cet_ibt, cet_ss, avx512_ifma
Processor Information for the first 12 processors :
  Max Mhz: 2688, Current Mhz: 2688, Mhz Limit: 2688

Memory: 4k page, system-wide physical 16106M (306M free)
TotalPageFile size 26676M (AvailPageFile size 3M)
current process WorkingSet (physical memory assigned to process): 261M, peak: 261M
current process commit charge ("private bytes"): 316M, peak: 324M

vm_info: OpenJDK 64-Bit Server VM (21.0.7+6-LTS) for windows-amd64 JRE (21.0.7+6-LTS), built on 2025-04-15T00:00:00Z by "admin" with MS VC++ 17.7 (VS2022)

END.
