#
# A fatal error has been detected by the Java Runtime Environment:
#
#  SIGBUS (0xa) at pc=0x00000001182014e4, pid=38535, tid=5379
#
# JRE version: Java(TM) SE Runtime Environment (17.0.7+8) (build 17.0.7+8-LTS-224)
# Java VM: Java HotSpot(TM) 64-Bit Server VM (17.0.7+8-LTS-224, mixed mode, emulated-client, sharing, tiered, compressed oops, compressed class ptrs, g1 gc, bsd-aarch64)
# Problematic frame:
# v  ~StubRoutines::SafeFetch32
#
# No core dump will be written. Core dumps have been disabled. To enable core dumping, try "ulimit -c unlimited" before starting Java again
#
# JFR recording file will be written. Location: /Users/lehieu/Desktop/RatingService/hs_err_pid38535.jfr
#
# If you would like to submit a bug report, please visit:
#   https://bugreport.java.com/bugreport/crash.jsp
# The crash happened outside the Java Virtual Machine in native code.
# See problematic frame for where to report the bug.
#

---------------  S U M M A R Y ------------

Command Line: -XX:TieredStopAtLevel=1 -Dspring.output.ansi.enabled=always -Dcom.sun.management.jmxremote -Dspring.jmx.enabled=true -Dspring.liveBeansView.mbeanDomain -Dspring.application.admin.enabled=true -Dmanagement.endpoints.jmx.exposure.include=* -javaagent:/Applications/IntelliJ IDEA.app/Contents/lib/idea_rt.jar=63085:/Applications/IntelliJ IDEA.app/Contents/bin -agentpath:/private/var/folders/kp/bydpksq57llfm3j9wjqp2t4c0000gn/T/libasyncProfiler.so=start,jfr,event=cpu,interval=10ms,jfrsync=profile,cstack=no,file=/Users/lehieu/IdeaSnapshots/RatingServiceApplication_2025_03_09_204154.jfr,log=/private/var/folders/kp/bydpksq57llfm3j9wjqp2t4c0000gn/T/RatingServiceApplication_2025_03_09_204154.jfr.log.txt,logLevel=DEBUG -Dfile.encoding=UTF-8 com.example.ratingservice.RatingServiceApplication

Host: "MacBookAir10,1" arm64 1 MHz, 8 cores, 8G, Darwin 22.1.0, macOS 13.0 (22A380)
Time: Sun Mar  9 20:41:55 2025 +07 elapsed time: 0.722718 seconds (0d 0h 0m 0s)

---------------  T H R E A D  ---------------

Current thread (0x000000015280bc00):  JavaThread "main" [_thread_in_native, id=5379, stack(0x000000016b378000,0x000000016b57b000)]

Stack: [0x000000016b378000,0x000000016b57b000],  sp=0x000000016b575120,  free space=2036k
Native frames: (J=compiled Java code, j=interpreted, Vv=VM code, C=native code)
v  ~StubRoutines::SafeFetch32
V  [libjvm.dylib+0x7ae654]  os::is_readable_range(void const*, void const*)+0x2c
V  [libjvm.dylib+0x75eed0]  Method::is_valid_method(Method const*)+0x38
V  [libjvm.dylib+0x3548e4]  forte_fill_call_trace_given_top(JavaThread*, ASGCT_CallTrace*, int, frame)+0x1e0
V  [libjvm.dylib+0x3546f0]  AsyncGetCallTrace+0x1c8
C  [libasyncProfiler.so+0x3ac64]  Profiler::getJavaTraceAsync(void*, ASGCT_CallFrame*, int, StackContext*)+0x15c
C  [libasyncProfiler.so+0x3bd14]  Profiler::recordSampleForThread(int, void*, unsigned long long, int, Event*, int*)+0x1c4
C  [libasyncProfiler.so+0x4a03c]  WallClock::signalHandler(int, __siginfo*, void*)+0xa8
C  [libsystem_platform.dylib+0x42a4]  _sigtramp+0x38
C  [libsystem_c.dylib+0x134f4]  realpath$DARWIN_EXTSN+0x450
C  [libjava.dylib+0xb818]  JDK_Canonicalize+0x7c
C  [libjava.dylib+0xa884]  Java_java_io_UnixFileSystem_canonicalize0+0x58
j  java.io.UnixFileSystem.canonicalize0(Ljava/lang/String;)Ljava/lang/String;+0 java.base@17.0.7
j  java.io.UnixFileSystem.canonicalize(Ljava/lang/String;)Ljava/lang/String;+8 java.base@17.0.7
j  java.io.File.getCanonicalPath()Ljava/lang/String;+27 java.base@17.0.7
j  java.io.File.getCanonicalFile()Ljava/io/File;+1 java.base@17.0.7
j  sun.security.provider.FileInputStreamPool.getInputStream(Ljava/io/File;)Ljava/io/InputStream;+32 java.base@17.0.7
j  sun.security.provider.NativePRNG$RandomIO.<init>(Ljava/io/File;Ljava/io/File;)V+56 java.base@17.0.7
j  sun.security.provider.NativePRNG$1.run()Lsun/security/provider/NativePRNG$RandomIO;+261 java.base@17.0.7
j  sun.security.provider.NativePRNG$1.run()Ljava/lang/Object;+1 java.base@17.0.7
J 643 c1 java.security.AccessController.doPrivileged(Ljava/security/PrivilegedAction;)Ljava/lang/Object; java.base@17.0.7 (9 bytes) @ 0x00000001184136f4 [0x00000001184136c0+0x0000000000000034]
j  sun.security.provider.NativePRNG.initIO(Lsun/security/provider/NativePRNG$Variant;)Lsun/security/provider/NativePRNG$RandomIO;+8 java.base@17.0.7
j  sun.security.provider.NativePRNG$NonBlocking.<clinit>()V+3 java.base@17.0.7
v  ~StubRoutines::call_stub
V  [libjvm.dylib+0x464a38]  JavaCalls::call_helper(JavaValue*, methodHandle const&, JavaCallArguments*, JavaThread*)+0x38c
V  [libjvm.dylib+0x4455a8]  InstanceKlass::call_class_initializer(JavaThread*)+0x1e8
V  [libjvm.dylib+0x444960]  InstanceKlass::initialize_impl(JavaThread*)+0x4a4
V  [libjvm.dylib+0x67c41c]  LinkResolver::resolve_static_call(CallInfo&, LinkInfo const&, bool, JavaThread*)+0x78
V  [libjvm.dylib+0x67e354]  LinkResolver::resolve_invoke(CallInfo&, Handle, constantPoolHandle const&, int, Bytecodes::Code, JavaThread*)+0xac
V  [libjvm.dylib+0x45e028]  InterpreterRuntime::resolve_invoke(JavaThread*, Bytecodes::Code)+0x29c
V  [libjvm.dylib+0x45e608]  InterpreterRuntime::resolve_from_cache(JavaThread*, Bytecodes::Code)+0x98
j  sun.security.provider.SunEntries.<init>(Ljava/security/Provider;)V+73 java.base@17.0.7
j  sun.security.provider.Sun.<init>()V+18 java.base@17.0.7
j  sun.security.jca.ProviderConfig.getProvider()Ljava/security/Provider;+67 java.base@17.0.7
j  sun.security.jca.ProviderList.getProvider(I)Ljava/security/Provider;+6 java.base@17.0.7
j  sun.security.jca.ProviderList$3.get(I)Ljava/security/Provider;+5 java.base@17.0.7
j  sun.security.jca.ProviderList$3.get(I)Ljava/lang/Object;+2 java.base@17.0.7
j  java.util.AbstractList$Itr.next()Ljava/lang/Object;+14 java.base@17.0.7
j  java.security.SecureRandom.getDefaultPRNG(Z[B)V+30 java.base@17.0.7
j  java.security.SecureRandom.<init>()V+23 java.base@17.0.7
j  java.rmi.server.UID.<init>()V+20 java.rmi@17.0.7
j  java.rmi.server.ObjID.<clinit>()V+14 java.rmi@17.0.7
v  ~StubRoutines::call_stub
V  [libjvm.dylib+0x464a38]  JavaCalls::call_helper(JavaValue*, methodHandle const&, JavaCallArguments*, JavaThread*)+0x38c
V  [libjvm.dylib+0x4455a8]  InstanceKlass::call_class_initializer(JavaThread*)+0x1e8
V  [libjvm.dylib+0x444960]  InstanceKlass::initialize_impl(JavaThread*)+0x4a4
V  [libjvm.dylib+0x45a780]  InterpreterRuntime::_new(JavaThread*, ConstantPool*, int)+0xdc
j  sun.rmi.transport.LiveRef.<init>(ILjava/rmi/server/RMIClientSocketFactory;Ljava/rmi/server/RMIServerSocketFactory;)V+1 java.rmi@17.0.7
j  sun.rmi.server.UnicastServerRef2.<init>(ILjava/rmi/server/RMIClientSocketFactory;Ljava/rmi/server/RMIServerSocketFactory;Ljava/io/ObjectInputFilter;)V+8 java.rmi@17.0.7
j  sun.management.jmxremote.ConnectorBootstrap$PermanentExporter.exportObject(Ljava/rmi/Remote;ILjava/rmi/server/RMIClientSocketFactory;Ljava/rmi/server/RMIServerSocketFactory;Ljava/io/ObjectInputFilter;)Ljava/rmi/Remote;+72 jdk.management.agent@17.0.7
j  javax.management.remote.rmi.RMIJRMPServerImpl.export(Ljava/rmi/Remote;Ljava/io/ObjectInputFilter;)V+62 java.management.rmi@17.0.7
j  javax.management.remote.rmi.RMIJRMPServerImpl.export()V+6 java.management.rmi@17.0.7
j  javax.management.remote.rmi.RMIConnectorServer.start()V+257 java.management.rmi@17.0.7
j  sun.management.jmxremote.ConnectorBootstrap.startLocalConnectorServer()Ljavax/management/remote/JMXConnectorServer;+290 jdk.management.agent@17.0.7
j  jdk.internal.agent.Agent.startLocalManagementAgent()V+13 jdk.management.agent@17.0.7
j  jdk.internal.agent.Agent.startAgent(Ljava/util/Properties;)V+58 jdk.management.agent@17.0.7
j  jdk.internal.agent.Agent.startAgent()V+20 jdk.management.agent@17.0.7
v  ~StubRoutines::call_stub
V  [libjvm.dylib+0x464a38]  JavaCalls::call_helper(JavaValue*, methodHandle const&, JavaCallArguments*, JavaThread*)+0x38c
V  [libjvm.dylib+0x463ff4]  JavaCalls::call_static(JavaValue*, Klass*, Symbol*, Symbol*, JavaCallArguments*, JavaThread*)+0xc4
V  [libjvm.dylib+0x46407c]  JavaCalls::call_static(JavaValue*, Klass*, Symbol*, Symbol*, JavaThread*)+0x4c
V  [libjvm.dylib+0x71b688]  Management::initialize(JavaThread*)+0x118
V  [libjvm.dylib+0x918784]  Threads::create_vm(JavaVMInitArgs*, bool*)+0x8bc
V  [libjvm.dylib+0x4d88d8]  JNI_CreateJavaVM+0x6c
C  [libjli.dylib+0x6e40]  JavaMain+0x104
C  [libjli.dylib+0x9a80]  ThreadJavaMain+0xc
C  [libsystem_pthread.dylib+0x706c]  _pthread_start+0x94

Java frames: (J=compiled Java code, j=interpreted, Vv=VM code)
j  java.io.UnixFileSystem.canonicalize0(Ljava/lang/String;)Ljava/lang/String;+0 java.base@17.0.7
j  java.io.UnixFileSystem.canonicalize(Ljava/lang/String;)Ljava/lang/String;+8 java.base@17.0.7
j  java.io.File.getCanonicalPath()Ljava/lang/String;+27 java.base@17.0.7
j  java.io.File.getCanonicalFile()Ljava/io/File;+1 java.base@17.0.7
j  sun.security.provider.FileInputStreamPool.getInputStream(Ljava/io/File;)Ljava/io/InputStream;+32 java.base@17.0.7
j  sun.security.provider.NativePRNG$RandomIO.<init>(Ljava/io/File;Ljava/io/File;)V+56 java.base@17.0.7
j  sun.security.provider.NativePRNG$1.run()Lsun/security/provider/NativePRNG$RandomIO;+261 java.base@17.0.7
j  sun.security.provider.NativePRNG$1.run()Ljava/lang/Object;+1 java.base@17.0.7
J 643 c1 java.security.AccessController.doPrivileged(Ljava/security/PrivilegedAction;)Ljava/lang/Object; java.base@17.0.7 (9 bytes) @ 0x00000001184136f4 [0x00000001184136c0+0x0000000000000034]
j  sun.security.provider.NativePRNG.initIO(Lsun/security/provider/NativePRNG$Variant;)Lsun/security/provider/NativePRNG$RandomIO;+8 java.base@17.0.7
j  sun.security.provider.NativePRNG$NonBlocking.<clinit>()V+3 java.base@17.0.7
v  ~StubRoutines::call_stub
j  sun.security.provider.SunEntries.<init>(Ljava/security/Provider;)V+73 java.base@17.0.7
j  sun.security.provider.Sun.<init>()V+18 java.base@17.0.7
j  sun.security.jca.ProviderConfig.getProvider()Ljava/security/Provider;+67 java.base@17.0.7
j  sun.security.jca.ProviderList.getProvider(I)Ljava/security/Provider;+6 java.base@17.0.7
j  sun.security.jca.ProviderList$3.get(I)Ljava/security/Provider;+5 java.base@17.0.7
j  sun.security.jca.ProviderList$3.get(I)Ljava/lang/Object;+2 java.base@17.0.7
j  java.util.AbstractList$Itr.next()Ljava/lang/Object;+14 java.base@17.0.7
j  java.security.SecureRandom.getDefaultPRNG(Z[B)V+30 java.base@17.0.7
j  java.security.SecureRandom.<init>()V+23 java.base@17.0.7
j  java.rmi.server.UID.<init>()V+20 java.rmi@17.0.7
j  java.rmi.server.ObjID.<clinit>()V+14 java.rmi@17.0.7
v  ~StubRoutines::call_stub
j  sun.rmi.transport.LiveRef.<init>(ILjava/rmi/server/RMIClientSocketFactory;Ljava/rmi/server/RMIServerSocketFactory;)V+1 java.rmi@17.0.7
j  sun.rmi.server.UnicastServerRef2.<init>(ILjava/rmi/server/RMIClientSocketFactory;Ljava/rmi/server/RMIServerSocketFactory;Ljava/io/ObjectInputFilter;)V+8 java.rmi@17.0.7
j  sun.management.jmxremote.ConnectorBootstrap$PermanentExporter.exportObject(Ljava/rmi/Remote;ILjava/rmi/server/RMIClientSocketFactory;Ljava/rmi/server/RMIServerSocketFactory;Ljava/io/ObjectInputFilter;)Ljava/rmi/Remote;+72 jdk.management.agent@17.0.7
j  javax.management.remote.rmi.RMIJRMPServerImpl.export(Ljava/rmi/Remote;Ljava/io/ObjectInputFilter;)V+62 java.management.rmi@17.0.7
j  javax.management.remote.rmi.RMIJRMPServerImpl.export()V+6 java.management.rmi@17.0.7
j  javax.management.remote.rmi.RMIConnectorServer.start()V+257 java.management.rmi@17.0.7
j  sun.management.jmxremote.ConnectorBootstrap.startLocalConnectorServer()Ljavax/management/remote/JMXConnectorServer;+290 jdk.management.agent@17.0.7
j  jdk.internal.agent.Agent.startLocalManagementAgent()V+13 jdk.management.agent@17.0.7
j  jdk.internal.agent.Agent.startAgent(Ljava/util/Properties;)V+58 jdk.management.agent@17.0.7
j  jdk.internal.agent.Agent.startAgent()V+20 jdk.management.agent@17.0.7
v  ~StubRoutines::call_stub

siginfo: si_signo: 10 (SIGBUS), si_code: 1 (BUS_ADRALN), si_addr: 0x00000001182014e4

Register to memory mapping:

 x0=0x00000008000ad000 is pointing into metadata
 x1=0x00000000cafebabe is an unknown value
 x2=0x0 is NULL
 x3=0x0 is NULL
 x4=0x000000016b575f80 is pointing into the stack for thread: 0x000000015280bc00
 x5=0x000000016b575f80 is pointing into the stack for thread: 0x000000015280bc00
 x6=0x006d6f646e617275 is an unknown value
 x7=0x0 is NULL
 x8=0x00000001182014e0 is at begin+0 in a stub
StubRoutines::SafeFetch32 [0x00000001182014e0, 0x00000001182014ec] (12 bytes)
 x9=0x0000000000000450 is an unknown value
x10=0x0000000118205600 is pointing into interpreter code (not bytecode specific)
x11=0x00000000000000ab is an unknown value
x12=0x00000000000000ab is an unknown value
x13=0x0 is NULL
x14=0x00000000000007fb is an unknown value
x15=0x00000000e926e324 is an unknown value
x16=0x0000000187f58e9c: pthread_getspecific+0 in /usr/lib/system/libsystem_pthread.dylib at 0x0000000187f57000
x17=0x0000600000c17640 points into unknown readable memory: 0xfffffffffffffffe | fe ff ff ff ff ff ff ff
x18=0x0 is NULL
x19=0x00000008000ad000 is pointing into metadata
x20=0x000000015280bc00 is a thread
x21=0x0000000000000001 is an unknown value
x22={method} {0x00000008000ad100} 'canonicalize0' '(Ljava/lang/String;)Ljava/lang/String;' in 'java/io/UnixFileSystem'
x23=0x00000001066c8798: _ZN12StubRoutines18_safefetch32_entryE+0 in /Library/Java/JavaVirtualMachines/jdk-17.jdk/Contents/Home/lib/server/libjvm.dylib at 0x0000000105b20000
x24=0x00000000cafebabe is an unknown value
x25=0x000000015280bea8 points into unknown readable memory: 0x000000010668e7d0 | d0 e7 68 06 01 00 00 00
x26=0x000000016b575d00 is pointing into the stack for thread: 0x000000015280bc00
x27=0x0000000120014390 points into unknown readable memory: 0x0000000000000127 | 27 01 00 00 00 00 00 00
x28=0x0000000187f1f7f0: __getattrlist+0x8 in /usr/lib/system/libsystem_kernel.dylib at 0x0000000187f1e000


Registers:
 x0=0x00000008000ad000  x1=0x00000000cafebabe  x2=0x0000000000000000  x3=0x0000000000000000
 x4=0x000000016b575f80  x5=0x000000016b575f80  x6=0x006d6f646e617275  x7=0x0000000000000000
 x8=0x00000001182014e0  x9=0x0000000000000450 x10=0x0000000118205600 x11=0x00000000000000ab
x12=0x00000000000000ab x13=0x0000000000000000 x14=0x00000000000007fb x15=0x00000000e926e324
x16=0x0000000187f58e9c x17=0x0000600000c17640 x18=0x0000000000000000 x19=0x00000008000ad000
x20=0x000000015280bc00 x21=0x0000000000000001 x22=0x00000008000ad100 x23=0x00000001066c8798
x24=0x00000000cafebabe x25=0x000000015280bea8 x26=0x000000016b575d00 x27=0x0000000120014390
x28=0x0000000187f1f7f0  fp=0x000000016b575150  lr=0x00000001062ce054  sp=0x000000016b575120
pc=0x00000001182014e4 cpsr=0x0000000060001000
Top of Stack: (sp=0x000000016b575120)
0x000000016b575120:   000000015280bc00 00000000000007ff
0x000000016b575130:   00000008000ad100 000000015280bc00
0x000000016b575140:   00000008000ad000 00000008000ad158
0x000000016b575150:   000000016b575170 00000001062ce654
0x000000016b575160:   0000000000000800 00000008000ad100
0x000000016b575170:   000000016b575190 000000010627eed0
0x000000016b575180:   0000000000000800 000000016b575ee0
0x000000016b575190:   000000016b575e00 0000000105e748e4
0x000000016b5751a0:   0000000000000000 000000010619af28
0x000000016b5751b0:   0000000000000000 000000080019e490
0x000000016b5751c0:   0000000000000000 000000014ff1af28
0x000000016b5751d0:   0000000000000000 000000010619b5ec
0x000000016b5751e0:   0000000000000000 00000008007b2480
0x000000016b5751f0:   0000000000000000 0000000105da1574
0x000000016b575200:   0000000000000000 000000015280bc00
0x000000016b575210:   0000000000000000 0000000105da1740
0x000000016b575220:   0000000000000000 000000016b5752e8
0x000000016b575230:   0000000000000000 000000080002e9b0
0x000000016b575240:   0000000000000000 000000015280bc00
0x000000016b575250:   0000000000000000 0000600002e30520
0x000000016b575260:   0000000000000000 00000008000d7128
0x000000016b575270:   0000000000000000 000000015280bc00
0x000000016b575280:   0000000000000000 000000015280bc00
0x000000016b575290:   0000000000000000 0000600002e30520
0x000000016b5752a0:   0000000000000000 00000008000d7128
0x000000016b5752b0:   0000000000000000 000000015280bc00
0x000000016b5752c0:   0000000000000000 000000015280bc00
0x000000016b5752d0:   0000000000000000 000000014ff1af28
0x000000016b5752e0:   0000000000000000 000000010619b5ec
0x000000016b5752f0:   0000000000000000 000000080002e9b0
0x000000016b575300:   0000000000000000 0000000000000000
0x000000016b575310:   0000000000000000 00000000000a0101 

Instructions: (pc=0x00000001182014e4)
0x00000001182013e4:   1e614000 1400003a d29c2809 f2a0cd29
0x00000001182013f4:   f2c00029 6d425935 1e640886 0c402d31
0x0000000118201404:   1e6408c7 1f5654d0 1e6c1017 1f5050d0
0x0000000118201414:   1f504cd0 1f5048d0 1e650af6 1f50d8f6
0x0000000118201424:   1f5694d6 1f5158f6 1e762880 36000501
0x0000000118201434:   1e614000 14000026 2e251ca5 d29c3009
0x0000000118201444:   f2a0cd29 f2c00029 6d425d36 1e600806
0x0000000118201454:   0c402d32 1f5758c7 1e6c101a 1f4754c7
0x0000000118201464:   1e650805 1f4750c7 d2866668 f2a7fa68
0x0000000118201474:   1f474cc7 1e6608c0 1f4748c7 1e6e1019
0x0000000118201484:   eb08007f 540000ac 1f479400 1f460340
0x0000000118201494:   1e603b20 1400000e d2a7fd29 eb09007f
0x00000001182014a4:   540000ac 51480069 d3607d29 9e670121
0x00000001182014b4:   14000002 1e6a5001 1f679417 1f668742
0x00000001182014c4:   1e613b23 1e773857 1e773860 a8c17ff3
0x00000001182014d4:   910003bf a8c17bfd d65f03c0 b9400001
0x00000001182014e4:   aa0103e0 d65f03c0 f9400001 aa0103e0
0x00000001182014f4:   d65f03c0 00000000 00000000 00000000
0x0000000118201504:   00000000 00000000 00000000 00000000
0x0000000118201514:   00000000 00000000 00000000 00000000
0x0000000118201524:   00000000 00000000 00000000 00000000
0x0000000118201534:   00000000 00000000 00000000 00000000
0x0000000118201544:   00000000 00000000 00000000 00000000
0x0000000118201554:   00000000 00000000 00000000 00000000
0x0000000118201564:   00000000 00000000 00000000 00000000
0x0000000118201574:   00000000 00000000 00000000 00000000
0x0000000118201584:   00000000 00000000 00000000 00000000
0x0000000118201594:   00000000 00000000 00000000 00000000
0x00000001182015a4:   00000000 00000000 00000000 00000000
0x00000001182015b4:   00000000 00000000 00000000 00000000
0x00000001182015c4:   00000000 00000000 00000000 00000000
0x00000001182015d4:   00000000 00000000 00000000 00000000 


Stack slot to memory mapping:
stack at sp + 0 slots: 0x000000015280bc00 is a thread
stack at sp + 1 slots: 0x00000000000007ff is an unknown value
stack at sp + 2 slots: {method} {0x00000008000ad100} 'canonicalize0' '(Ljava/lang/String;)Ljava/lang/String;' in 'java/io/UnixFileSystem'
stack at sp + 3 slots: 0x000000015280bc00 is a thread
stack at sp + 4 slots: 0x00000008000ad000 is pointing into metadata
stack at sp + 5 slots: 0x00000008000ad158 is pointing into metadata
stack at sp + 6 slots: 0x000000016b575170 is pointing into the stack for thread: 0x000000015280bc00
stack at sp + 7 slots: 0x00000001062ce654: _ZN2os17is_readable_rangeEPKvS1_+0x2c in /Library/Java/JavaVirtualMachines/jdk-17.jdk/Contents/Home/lib/server/libjvm.dylib at 0x0000000105b20000

StubRoutines::SafeFetch32 [0x00000001182014e0, 0x00000001182014ec] (12 bytes)
[MachCode]
  0x00000001182014e0: 0100 40b9 | e003 01aa | c003 5fd6 
[/MachCode]

---------------  P R O C E S S  ---------------

Threads class SMR info:
_java_thread_list=0x0000600002e10b80, length=14, elements={
0x000000015280bc00, 0x00000001511f8000, 0x000000015297fe00, 0x000000015297dc00,
0x0000000152984a00, 0x00000001511faa00, 0x00000001511fb000, 0x00000001511fb600,
0x0000000152983200, 0x000000015080e400, 0x000000015085f200, 0x00000001508e5600,
0x0000000152a6bc00, 0x0000000152a6fe00
}

Java Threads: ( => current thread )
=>0x000000015280bc00 JavaThread "main" [_thread_in_native, id=5379, stack(0x000000016b378000,0x000000016b57b000)]
  0x00000001511f8000 JavaThread "Reference Handler" daemon [_thread_blocked, id=19203, stack(0x000000016c1cc000,0x000000016c3cf000)]
  0x000000015297fe00 JavaThread "Finalizer" daemon [_thread_blocked, id=18947, stack(0x000000016c3d8000,0x000000016c5db000)]
  0x000000015297dc00 JavaThread "Signal Dispatcher" daemon [_thread_blocked, id=23555, stack(0x000000016c6fc000,0x000000016c8ff000)]
  0x0000000152984a00 JavaThread "Service Thread" daemon [_thread_blocked, id=31747, stack(0x000000016c908000,0x000000016cb0b000)]
  0x00000001511faa00 JavaThread "Monitor Deflation Thread" daemon [_thread_blocked, id=24323, stack(0x000000016cb14000,0x000000016cd17000)]
  0x00000001511fb000 JavaThread "C1 CompilerThread0" daemon [_thread_blocked, id=31491, stack(0x000000016cd20000,0x000000016cf23000)]
  0x00000001511fb600 JavaThread "Sweeper thread" daemon [_thread_blocked, id=25091, stack(0x000000016cf2c000,0x000000016d12f000)]
  0x0000000152983200 JavaThread "Common-Cleaner" daemon [_thread_blocked, id=25603, stack(0x000000016d138000,0x000000016d33b000)]
  0x000000015080e400 JavaThread "Monitor Ctrl-Break" daemon [_thread_in_native, id=25859, stack(0x000000016d344000,0x000000016d547000)]
  0x000000015085f200 JavaThread "JFR Recorder Thread" daemon [_thread_blocked, id=30979, stack(0x000000016d550000,0x000000016d753000)]
  0x00000001508e5600 JavaThread "JFR Periodic Tasks" daemon [_thread_blocked, id=26371, stack(0x000000016d75c000,0x000000016d95f000)]
  0x0000000152a6bc00 JavaThread "Async-profiler Timer" daemon [_thread_in_native, id=27651, stack(0x000000016e018000,0x000000016e21b000)]
  0x0000000152a6fe00 JavaThread "Notification Thread" daemon [_thread_blocked, id=28675, stack(0x000000016e224000,0x000000016e427000)]

Other Threads:
  0x000000014ff23eb0 VMThread "VM Thread" [stack: 0x000000016bfc0000,0x000000016c1c3000] [id=17667]
  0x000000014ff1cd30 GCTaskThread "GC Thread#0" [stack: 0x000000016b584000,0x000000016b787000] [id=11779]
  0x000000014ff64cf0 GCTaskThread "GC Thread#1" [stack: 0x000000016d968000,0x000000016db6b000] [id=26627]
  0x000000014ff65390 GCTaskThread "GC Thread#2" [stack: 0x000000016db74000,0x000000016dd77000] [id=29955]
  0x000000014ff1d3e0 ConcurrentGCThread "G1 Main Marker" [stack: 0x000000016b790000,0x000000016b993000] [id=12035]
  0x000000014ff1dc60 ConcurrentGCThread "G1 Conc#0" [stack: 0x000000016b99c000,0x000000016bb9f000] [id=12803]
  0x000000014ff1fad0 ConcurrentGCThread "G1 Refine#0" [stack: 0x000000016bba8000,0x000000016bdab000] [id=21507]
  0x0000000118143ed0 ConcurrentGCThread "G1 Refine#1" [stack: 0x000000016dd80000,0x000000016df83000] [id=29443]
  0x000000014ff20370 ConcurrentGCThread "G1 Service" [stack: 0x000000016bdb4000,0x000000016bfb7000] [id=21251]

Threads with active compile tasks:

VM state: not at safepoint (normal execution)

VM Mutex/Monitor currently owned by a thread: None

Heap address: 0x0000000780000000, size: 2048 MB, Compressed Oops mode: Zero based, Oop shift amount: 3

CDS archive(s) mapped at: [0x0000000800000000-0x0000000800bd8000-0x0000000800bd8000), size 12419072, SharedBaseAddress: 0x0000000800000000, ArchiveRelocationMode: 0.
Compressed class space mapped at: 0x0000000800c00000-0x0000000840c00000, reserved size: 1073741824
Narrow klass base: 0x0000000800000000, Narrow klass shift: 0, Narrow klass range: 0x100000000

GC Precious Log:
 CPUs: 8 total, 8 available
 Memory: 8192M
 Large Page Support: Disabled
 NUMA Support: Disabled
 Compressed Oops: Enabled (Zero based)
 Heap Region Size: 1M
 Heap Min Capacity: 8M
 Heap Initial Capacity: 128M
 Heap Max Capacity: 2G
 Pre-touch: Disabled
 Parallel Workers: 8
 Concurrent Workers: 2
 Concurrent Refinement Workers: 8
 Periodic GC: Disabled

Heap:
 garbage-first heap   total 133120K, used 10691K [0x0000000780000000, 0x0000000800000000)
  region size 1024K, 7 young (7168K), 3 survivors (3072K)
 Metaspace       used 5319K, committed 5568K, reserved 1056768K
  class space    used 665K, committed 768K, reserved 1048576K

Heap Regions: E=young(eden), S=young(survivor), O=old, HS=humongous(starts), HC=humongous(continues), CS=collection set, F=free, OA=open archive, CA=closed archive, TAMS=top-at-mark-start (previous, next)
|   0|0x0000000780000000, 0x0000000780100000, 0x0000000780100000|100%|HS|  |TAMS 0x0000000780000000, 0x0000000780000000| Complete 
|   1|0x0000000780100000, 0x0000000780200000, 0x0000000780200000|100%|HS|  |TAMS 0x0000000780100000, 0x0000000780100000| Complete 
|   2|0x0000000780200000, 0x0000000780300000, 0x0000000780300000|100%| O|  |TAMS 0x0000000780200000, 0x0000000780200000| Untracked 
|   3|0x0000000780300000, 0x0000000780400000, 0x0000000780400000|100%| O|  |TAMS 0x0000000780300000, 0x0000000780300000| Untracked 
|   4|0x0000000780400000, 0x0000000780478c00, 0x0000000780500000| 47%| O|  |TAMS 0x0000000780400000, 0x0000000780400000| Untracked 
|   5|0x0000000780500000, 0x0000000780500000, 0x0000000780600000|  0%| F|  |TAMS 0x0000000780500000, 0x0000000780500000| Untracked 
|   6|0x0000000780600000, 0x0000000780600000, 0x0000000780700000|  0%| F|  |TAMS 0x0000000780600000, 0x0000000780600000| Untracked 
|   7|0x0000000780700000, 0x0000000780700000, 0x0000000780800000|  0%| F|  |TAMS 0x0000000780700000, 0x0000000780700000| Untracked 
|   8|0x0000000780800000, 0x0000000780800000, 0x0000000780900000|  0%| F|  |TAMS 0x0000000780800000, 0x0000000780800000| Untracked 
|   9|0x0000000780900000, 0x0000000780900000, 0x0000000780a00000|  0%| F|  |TAMS 0x0000000780900000, 0x0000000780900000| Untracked 
|  10|0x0000000780a00000, 0x0000000780a00000, 0x0000000780b00000|  0%| F|  |TAMS 0x0000000780a00000, 0x0000000780a00000| Untracked 
|  11|0x0000000780b00000, 0x0000000780b00000, 0x0000000780c00000|  0%| F|  |TAMS 0x0000000780b00000, 0x0000000780b00000| Untracked 
|  12|0x0000000780c00000, 0x0000000780c00000, 0x0000000780d00000|  0%| F|  |TAMS 0x0000000780c00000, 0x0000000780c00000| Untracked 
|  13|0x0000000780d00000, 0x0000000780d00000, 0x0000000780e00000|  0%| F|  |TAMS 0x0000000780d00000, 0x0000000780d00000| Untracked 
|  14|0x0000000780e00000, 0x0000000780e00000, 0x0000000780f00000|  0%| F|  |TAMS 0x0000000780e00000, 0x0000000780e00000| Untracked 
|  15|0x0000000780f00000, 0x0000000780f00000, 0x0000000781000000|  0%| F|  |TAMS 0x0000000780f00000, 0x0000000780f00000| Untracked 
|  16|0x0000000781000000, 0x0000000781000000, 0x0000000781100000|  0%| F|  |TAMS 0x0000000781000000, 0x0000000781000000| Untracked 
|  17|0x0000000781100000, 0x0000000781100000, 0x0000000781200000|  0%| F|  |TAMS 0x0000000781100000, 0x0000000781100000| Untracked 
|  18|0x0000000781200000, 0x0000000781200000, 0x0000000781300000|  0%| F|  |TAMS 0x0000000781200000, 0x0000000781200000| Untracked 
|  19|0x0000000781300000, 0x0000000781300000, 0x0000000781400000|  0%| F|  |TAMS 0x0000000781300000, 0x0000000781300000| Untracked 
|  20|0x0000000781400000, 0x0000000781400000, 0x0000000781500000|  0%| F|  |TAMS 0x0000000781400000, 0x0000000781400000| Untracked 
|  21|0x0000000781500000, 0x0000000781500000, 0x0000000781600000|  0%| F|  |TAMS 0x0000000781500000, 0x0000000781500000| Untracked 
|  22|0x0000000781600000, 0x0000000781600000, 0x0000000781700000|  0%| F|  |TAMS 0x0000000781600000, 0x0000000781600000| Untracked 
|  23|0x0000000781700000, 0x0000000781700000, 0x0000000781800000|  0%| F|  |TAMS 0x0000000781700000, 0x0000000781700000| Untracked 
|  24|0x0000000781800000, 0x0000000781800000, 0x0000000781900000|  0%| F|  |TAMS 0x0000000781800000, 0x0000000781800000| Untracked 
|  25|0x0000000781900000, 0x0000000781900000, 0x0000000781a00000|  0%| F|  |TAMS 0x0000000781900000, 0x0000000781900000| Untracked 
|  26|0x0000000781a00000, 0x0000000781a00000, 0x0000000781b00000|  0%| F|  |TAMS 0x0000000781a00000, 0x0000000781a00000| Untracked 
|  27|0x0000000781b00000, 0x0000000781b00000, 0x0000000781c00000|  0%| F|  |TAMS 0x0000000781b00000, 0x0000000781b00000| Untracked 
|  28|0x0000000781c00000, 0x0000000781c00000, 0x0000000781d00000|  0%| F|  |TAMS 0x0000000781c00000, 0x0000000781c00000| Untracked 
|  29|0x0000000781d00000, 0x0000000781d00000, 0x0000000781e00000|  0%| F|  |TAMS 0x0000000781d00000, 0x0000000781d00000| Untracked 
|  30|0x0000000781e00000, 0x0000000781e00000, 0x0000000781f00000|  0%| F|  |TAMS 0x0000000781e00000, 0x0000000781e00000| Untracked 
|  31|0x0000000781f00000, 0x0000000781f00000, 0x0000000782000000|  0%| F|  |TAMS 0x0000000781f00000, 0x0000000781f00000| Untracked 
|  32|0x0000000782000000, 0x0000000782000000, 0x0000000782100000|  0%| F|  |TAMS 0x0000000782000000, 0x0000000782000000| Untracked 
|  33|0x0000000782100000, 0x0000000782100000, 0x0000000782200000|  0%| F|  |TAMS 0x0000000782100000, 0x0000000782100000| Untracked 
|  34|0x0000000782200000, 0x0000000782200000, 0x0000000782300000|  0%| F|  |TAMS 0x0000000782200000, 0x0000000782200000| Untracked 
|  35|0x0000000782300000, 0x0000000782300000, 0x0000000782400000|  0%| F|  |TAMS 0x0000000782300000, 0x0000000782300000| Untracked 
|  36|0x0000000782400000, 0x0000000782400000, 0x0000000782500000|  0%| F|  |TAMS 0x0000000782400000, 0x0000000782400000| Untracked 
|  37|0x0000000782500000, 0x0000000782500000, 0x0000000782600000|  0%| F|  |TAMS 0x0000000782500000, 0x0000000782500000| Untracked 
|  38|0x0000000782600000, 0x0000000782600000, 0x0000000782700000|  0%| F|  |TAMS 0x0000000782600000, 0x0000000782600000| Untracked 
|  39|0x0000000782700000, 0x0000000782700000, 0x0000000782800000|  0%| F|  |TAMS 0x0000000782700000, 0x0000000782700000| Untracked 
|  40|0x0000000782800000, 0x0000000782800000, 0x0000000782900000|  0%| F|  |TAMS 0x0000000782800000, 0x0000000782800000| Untracked 
|  41|0x0000000782900000, 0x0000000782900000, 0x0000000782a00000|  0%| F|  |TAMS 0x0000000782900000, 0x0000000782900000| Untracked 
|  42|0x0000000782a00000, 0x0000000782a00000, 0x0000000782b00000|  0%| F|  |TAMS 0x0000000782a00000, 0x0000000782a00000| Untracked 
|  43|0x0000000782b00000, 0x0000000782b00000, 0x0000000782c00000|  0%| F|  |TAMS 0x0000000782b00000, 0x0000000782b00000| Untracked 
|  44|0x0000000782c00000, 0x0000000782c00000, 0x0000000782d00000|  0%| F|  |TAMS 0x0000000782c00000, 0x0000000782c00000| Untracked 
|  45|0x0000000782d00000, 0x0000000782d00000, 0x0000000782e00000|  0%| F|  |TAMS 0x0000000782d00000, 0x0000000782d00000| Untracked 
|  46|0x0000000782e00000, 0x0000000782e00000, 0x0000000782f00000|  0%| F|  |TAMS 0x0000000782e00000, 0x0000000782e00000| Untracked 
|  47|0x0000000782f00000, 0x0000000782f00000, 0x0000000783000000|  0%| F|  |TAMS 0x0000000782f00000, 0x0000000782f00000| Untracked 
|  48|0x0000000783000000, 0x0000000783000000, 0x0000000783100000|  0%| F|  |TAMS 0x0000000783000000, 0x0000000783000000| Untracked 
|  49|0x0000000783100000, 0x0000000783100000, 0x0000000783200000|  0%| F|  |TAMS 0x0000000783100000, 0x0000000783100000| Untracked 
|  50|0x0000000783200000, 0x0000000783200000, 0x0000000783300000|  0%| F|  |TAMS 0x0000000783200000, 0x0000000783200000| Untracked 
|  51|0x0000000783300000, 0x0000000783300000, 0x0000000783400000|  0%| F|  |TAMS 0x0000000783300000, 0x0000000783300000| Untracked 
|  52|0x0000000783400000, 0x0000000783400000, 0x0000000783500000|  0%| F|  |TAMS 0x0000000783400000, 0x0000000783400000| Untracked 
|  53|0x0000000783500000, 0x0000000783500000, 0x0000000783600000|  0%| F|  |TAMS 0x0000000783500000, 0x0000000783500000| Untracked 
|  54|0x0000000783600000, 0x0000000783600000, 0x0000000783700000|  0%| F|  |TAMS 0x0000000783600000, 0x0000000783600000| Untracked 
|  55|0x0000000783700000, 0x0000000783700000, 0x0000000783800000|  0%| F|  |TAMS 0x0000000783700000, 0x0000000783700000| Untracked 
|  56|0x0000000783800000, 0x0000000783800000, 0x0000000783900000|  0%| F|  |TAMS 0x0000000783800000, 0x0000000783800000| Untracked 
|  57|0x0000000783900000, 0x0000000783900000, 0x0000000783a00000|  0%| F|  |TAMS 0x0000000783900000, 0x0000000783900000| Untracked 
|  58|0x0000000783a00000, 0x0000000783a00000, 0x0000000783b00000|  0%| F|  |TAMS 0x0000000783a00000, 0x0000000783a00000| Untracked 
|  59|0x0000000783b00000, 0x0000000783b00000, 0x0000000783c00000|  0%| F|  |TAMS 0x0000000783b00000, 0x0000000783b00000| Untracked 
|  60|0x0000000783c00000, 0x0000000783c00000, 0x0000000783d00000|  0%| F|  |TAMS 0x0000000783c00000, 0x0000000783c00000| Untracked 
|  61|0x0000000783d00000, 0x0000000783d00000, 0x0000000783e00000|  0%| F|  |TAMS 0x0000000783d00000, 0x0000000783d00000| Untracked 
|  62|0x0000000783e00000, 0x0000000783e00000, 0x0000000783f00000|  0%| F|  |TAMS 0x0000000783e00000, 0x0000000783e00000| Untracked 
|  63|0x0000000783f00000, 0x0000000783f00000, 0x0000000784000000|  0%| F|  |TAMS 0x0000000783f00000, 0x0000000783f00000| Untracked 
|  64|0x0000000784000000, 0x0000000784000000, 0x0000000784100000|  0%| F|  |TAMS 0x0000000784000000, 0x0000000784000000| Untracked 
|  65|0x0000000784100000, 0x0000000784100000, 0x0000000784200000|  0%| F|  |TAMS 0x0000000784100000, 0x0000000784100000| Untracked 
|  66|0x0000000784200000, 0x0000000784200000, 0x0000000784300000|  0%| F|  |TAMS 0x0000000784200000, 0x0000000784200000| Untracked 
|  67|0x0000000784300000, 0x0000000784300000, 0x0000000784400000|  0%| F|  |TAMS 0x0000000784300000, 0x0000000784300000| Untracked 
|  68|0x0000000784400000, 0x0000000784400000, 0x0000000784500000|  0%| F|  |TAMS 0x0000000784400000, 0x0000000784400000| Untracked 
|  69|0x0000000784500000, 0x0000000784500000, 0x0000000784600000|  0%| F|  |TAMS 0x0000000784500000, 0x0000000784500000| Untracked 
|  70|0x0000000784600000, 0x0000000784600000, 0x0000000784700000|  0%| F|  |TAMS 0x0000000784600000, 0x0000000784600000| Untracked 
|  71|0x0000000784700000, 0x0000000784700000, 0x0000000784800000|  0%| F|  |TAMS 0x0000000784700000, 0x0000000784700000| Untracked 
|  72|0x0000000784800000, 0x0000000784800000, 0x0000000784900000|  0%| F|  |TAMS 0x0000000784800000, 0x0000000784800000| Untracked 
|  73|0x0000000784900000, 0x0000000784900000, 0x0000000784a00000|  0%| F|  |TAMS 0x0000000784900000, 0x0000000784900000| Untracked 
|  74|0x0000000784a00000, 0x0000000784a00000, 0x0000000784b00000|  0%| F|  |TAMS 0x0000000784a00000, 0x0000000784a00000| Untracked 
|  75|0x0000000784b00000, 0x0000000784b00000, 0x0000000784c00000|  0%| F|  |TAMS 0x0000000784b00000, 0x0000000784b00000| Untracked 
|  76|0x0000000784c00000, 0x0000000784c00000, 0x0000000784d00000|  0%| F|  |TAMS 0x0000000784c00000, 0x0000000784c00000| Untracked 
|  77|0x0000000784d00000, 0x0000000784d00000, 0x0000000784e00000|  0%| F|  |TAMS 0x0000000784d00000, 0x0000000784d00000| Untracked 
|  78|0x0000000784e00000, 0x0000000784e00000, 0x0000000784f00000|  0%| F|  |TAMS 0x0000000784e00000, 0x0000000784e00000| Untracked 
|  79|0x0000000784f00000, 0x0000000784f00000, 0x0000000785000000|  0%| F|  |TAMS 0x0000000784f00000, 0x0000000784f00000| Untracked 
|  80|0x0000000785000000, 0x0000000785000000, 0x0000000785100000|  0%| F|  |TAMS 0x0000000785000000, 0x0000000785000000| Untracked 
|  81|0x0000000785100000, 0x0000000785100000, 0x0000000785200000|  0%| F|  |TAMS 0x0000000785100000, 0x0000000785100000| Untracked 
|  82|0x0000000785200000, 0x0000000785200000, 0x0000000785300000|  0%| F|  |TAMS 0x0000000785200000, 0x0000000785200000| Untracked 
|  83|0x0000000785300000, 0x0000000785300000, 0x0000000785400000|  0%| F|  |TAMS 0x0000000785300000, 0x0000000785300000| Untracked 
|  84|0x0000000785400000, 0x0000000785400000, 0x0000000785500000|  0%| F|  |TAMS 0x0000000785400000, 0x0000000785400000| Untracked 
|  85|0x0000000785500000, 0x0000000785500000, 0x0000000785600000|  0%| F|  |TAMS 0x0000000785500000, 0x0000000785500000| Untracked 
|  86|0x0000000785600000, 0x0000000785600000, 0x0000000785700000|  0%| F|  |TAMS 0x0000000785600000, 0x0000000785600000| Untracked 
|  87|0x0000000785700000, 0x0000000785700000, 0x0000000785800000|  0%| F|  |TAMS 0x0000000785700000, 0x0000000785700000| Untracked 
|  88|0x0000000785800000, 0x0000000785800000, 0x0000000785900000|  0%| F|  |TAMS 0x0000000785800000, 0x0000000785800000| Untracked 
|  89|0x0000000785900000, 0x0000000785900000, 0x0000000785a00000|  0%| F|  |TAMS 0x0000000785900000, 0x0000000785900000| Untracked 
|  90|0x0000000785a00000, 0x0000000785a00000, 0x0000000785b00000|  0%| F|  |TAMS 0x0000000785a00000, 0x0000000785a00000| Untracked 
|  91|0x0000000785b00000, 0x0000000785b00000, 0x0000000785c00000|  0%| F|  |TAMS 0x0000000785b00000, 0x0000000785b00000| Untracked 
|  92|0x0000000785c00000, 0x0000000785c00000, 0x0000000785d00000|  0%| F|  |TAMS 0x0000000785c00000, 0x0000000785c00000| Untracked 
|  93|0x0000000785d00000, 0x0000000785d00000, 0x0000000785e00000|  0%| F|  |TAMS 0x0000000785d00000, 0x0000000785d00000| Untracked 
|  94|0x0000000785e00000, 0x0000000785e00000, 0x0000000785f00000|  0%| F|  |TAMS 0x0000000785e00000, 0x0000000785e00000| Untracked 
|  95|0x0000000785f00000, 0x0000000785f00000, 0x0000000786000000|  0%| F|  |TAMS 0x0000000785f00000, 0x0000000785f00000| Untracked 
|  96|0x0000000786000000, 0x0000000786000000, 0x0000000786100000|  0%| F|  |TAMS 0x0000000786000000, 0x0000000786000000| Untracked 
|  97|0x0000000786100000, 0x0000000786100000, 0x0000000786200000|  0%| F|  |TAMS 0x0000000786100000, 0x0000000786100000| Untracked 
|  98|0x0000000786200000, 0x0000000786200000, 0x0000000786300000|  0%| F|  |TAMS 0x0000000786200000, 0x0000000786200000| Untracked 
|  99|0x0000000786300000, 0x0000000786300000, 0x0000000786400000|  0%| F|  |TAMS 0x0000000786300000, 0x0000000786300000| Untracked 
| 100|0x0000000786400000, 0x0000000786400000, 0x0000000786500000|  0%| F|  |TAMS 0x0000000786400000, 0x0000000786400000| Untracked 
| 101|0x0000000786500000, 0x0000000786500000, 0x0000000786600000|  0%| F|  |TAMS 0x0000000786500000, 0x0000000786500000| Untracked 
| 102|0x0000000786600000, 0x0000000786700000, 0x0000000786700000|100%| S|CS|TAMS 0x0000000786600000, 0x0000000786600000| Complete 
| 103|0x0000000786700000, 0x0000000786800000, 0x0000000786800000|100%| S|CS|TAMS 0x0000000786700000, 0x0000000786700000| Complete 
| 104|0x0000000786800000, 0x0000000786900000, 0x0000000786900000|100%| S|CS|TAMS 0x0000000786800000, 0x0000000786800000| Complete 
| 105|0x0000000786900000, 0x0000000786900000, 0x0000000786a00000|  0%| F|  |TAMS 0x0000000786900000, 0x0000000786900000| Untracked 
| 106|0x0000000786a00000, 0x0000000786a00000, 0x0000000786b00000|  0%| F|  |TAMS 0x0000000786a00000, 0x0000000786a00000| Untracked 
| 107|0x0000000786b00000, 0x0000000786b00000, 0x0000000786c00000|  0%| F|  |TAMS 0x0000000786b00000, 0x0000000786b00000| Untracked 
| 108|0x0000000786c00000, 0x0000000786c00000, 0x0000000786d00000|  0%| F|  |TAMS 0x0000000786c00000, 0x0000000786c00000| Untracked 
| 109|0x0000000786d00000, 0x0000000786d00000, 0x0000000786e00000|  0%| F|  |TAMS 0x0000000786d00000, 0x0000000786d00000| Untracked 
| 110|0x0000000786e00000, 0x0000000786e00000, 0x0000000786f00000|  0%| F|  |TAMS 0x0000000786e00000, 0x0000000786e00000| Untracked 
| 111|0x0000000786f00000, 0x0000000786f00000, 0x0000000787000000|  0%| F|  |TAMS 0x0000000786f00000, 0x0000000786f00000| Untracked 
| 112|0x0000000787000000, 0x0000000787000000, 0x0000000787100000|  0%| F|  |TAMS 0x0000000787000000, 0x0000000787000000| Untracked 
| 113|0x0000000787100000, 0x0000000787100000, 0x0000000787200000|  0%| F|  |TAMS 0x0000000787100000, 0x0000000787100000| Untracked 
| 114|0x0000000787200000, 0x0000000787200000, 0x0000000787300000|  0%| F|  |TAMS 0x0000000787200000, 0x0000000787200000| Untracked 
| 115|0x0000000787300000, 0x0000000787300000, 0x0000000787400000|  0%| F|  |TAMS 0x0000000787300000, 0x0000000787300000| Untracked 
| 116|0x0000000787400000, 0x0000000787400000, 0x0000000787500000|  0%| F|  |TAMS 0x0000000787400000, 0x0000000787400000| Untracked 
| 117|0x0000000787500000, 0x0000000787500000, 0x0000000787600000|  0%| F|  |TAMS 0x0000000787500000, 0x0000000787500000| Untracked 
| 118|0x0000000787600000, 0x0000000787600000, 0x0000000787700000|  0%| F|  |TAMS 0x0000000787600000, 0x0000000787600000| Untracked 
| 119|0x0000000787700000, 0x0000000787700000, 0x0000000787800000|  0%| F|  |TAMS 0x0000000787700000, 0x0000000787700000| Untracked 
| 120|0x0000000787800000, 0x0000000787800000, 0x0000000787900000|  0%| F|  |TAMS 0x0000000787800000, 0x0000000787800000| Untracked 
| 121|0x0000000787900000, 0x0000000787900000, 0x0000000787a00000|  0%| F|  |TAMS 0x0000000787900000, 0x0000000787900000| Untracked 
| 122|0x0000000787a00000, 0x0000000787a00000, 0x0000000787b00000|  0%| F|  |TAMS 0x0000000787a00000, 0x0000000787a00000| Untracked 
| 123|0x0000000787b00000, 0x0000000787b00000, 0x0000000787c00000|  0%| F|  |TAMS 0x0000000787b00000, 0x0000000787b00000| Untracked 
| 124|0x0000000787c00000, 0x0000000787c80800, 0x0000000787d00000| 50%| E|  |TAMS 0x0000000787c00000, 0x0000000787c00000| Complete 
| 125|0x0000000787d00000, 0x0000000787e00000, 0x0000000787e00000|100%| E|CS|TAMS 0x0000000787d00000, 0x0000000787d00000| Complete 
| 126|0x0000000787e00000, 0x0000000787f00000, 0x0000000787f00000|100%| E|CS|TAMS 0x0000000787e00000, 0x0000000787e00000| Complete 
| 127|0x0000000787f00000, 0x0000000788000000, 0x0000000788000000|100%| E|  |TAMS 0x0000000787f00000, 0x0000000787f00000| Complete 
|2046|0x00000007ffe00000, 0x00000007ffe78000, 0x00000007fff00000| 46%|OA|  |TAMS 0x00000007ffe00000, 0x00000007ffe00000| Untracked 
|2047|0x00000007fff00000, 0x00000007fff80000, 0x0000000800000000| 50%|CA|  |TAMS 0x00000007fff00000, 0x00000007fff00000| Untracked 

Card table byte_map: [0x000000010e630000,0x000000010ea30000] _byte_map_base: 0x000000010aa30000

Marking Bits (Prev, Next): (CMBitMap*) 0x00000001528f0e10, (CMBitMap*) 0x00000001528f0e50
 Prev Bits: [0x000000011b200000, 0x000000011d200000)
 Next Bits: [0x000000011d200000, 0x000000011f200000)

Polling page: 0x0000000104b6c000

Metaspace:

Usage:
  Non-class:      4.55 MB used.
      Class:    665.66 KB used.
       Both:      5.20 MB used.

Virtual space:
  Non-class space:        8.00 MB reserved,       4.69 MB ( 59%) committed,  1 nodes.
      Class space:        1.00 GB reserved,     768.00 KB ( <1%) committed,  1 nodes.
             Both:        1.01 GB reserved,       5.44 MB ( <1%) committed. 

Chunk freelists:
   Non-Class:  2.87 MB
       Class:  3.23 MB
        Both:  6.10 MB

MaxMetaspaceSize: unlimited
CompressedClassSpaceSize: 1.00 GB
Initial GC threshold: 21.00 MB
Current GC threshold: 21.00 MB
CDS: on
MetaspaceReclaimPolicy: balanced
 - commit_granule_bytes: 65536.
 - commit_granule_words: 8192.
 - virtual_space_node_default_size: 1048576.
 - enlarge_chunks_in_place: 1.
 - new_chunks_are_fully_committed: 0.
 - uncommit_free_chunks: 1.
 - use_allocation_guard: 0.
 - handle_deallocations: 1.


Internal statistics:

num_allocs_failed_limit: 0.
num_arena_births: 114.
num_arena_deaths: 0.
num_vsnodes_births: 2.
num_vsnodes_deaths: 0.
num_space_committed: 87.
num_space_uncommitted: 0.
num_chunks_returned_to_freelist: 0.
num_chunks_taken_from_freelist: 140.
num_chunk_merges: 0.
num_chunk_splits: 82.
num_chunks_enlarged: 42.
num_purges: 0.
num_inconsistent_stats: 0.

CodeCache: size=49152Kb used=3625Kb max_used=3625Kb free=45526Kb
 bounds [0x0000000118200000, 0x0000000118590000, 0x000000011b200000]
 total_blobs=1832 nmethods=1380 adapters=383
 compilation: enabled
              stopped_count=0, restarted_count=0
 full_count=0

Compilation events (20 events):
Event: 0.716 Thread 0x00000001511fb000 1373       1       java.lang.invoke.MethodHandles$Lookup::checkSecurityManager (97 bytes)
Event: 0.716 Thread 0x00000001511fb000 nmethod 1373 0x0000000118585190 code [0x00000001185854c0, 0x00000001185860d8]
Event: 0.716 Thread 0x00000001511fb000 1374       1       java.lang.invoke.MethodType::changeReturnType (20 bytes)
Event: 0.716 Thread 0x00000001511fb000 nmethod 1374 0x0000000118587310 code [0x00000001185874c0, 0x00000001185875f8]
Event: 0.717 Thread 0x00000001511fb000 1375       1       jdk.internal.org.objectweb.asm.MethodVisitor::visitCode (15 bytes)
Event: 0.717 Thread 0x00000001511fb000 nmethod 1375 0x0000000118587710 code [0x00000001185878c0, 0x00000001185879f8]
Event: 0.717 Thread 0x00000001511fb000 1376       1       jdk.internal.org.objectweb.asm.MethodVisitor::visitEnd (15 bytes)
Event: 0.717 Thread 0x00000001511fb000 nmethod 1376 0x0000000118587b10 code [0x0000000118587cc0, 0x0000000118587df8]
Event: 0.718 Thread 0x00000001511fb000 1377       1       java.lang.Module::allows (60 bytes)
Event: 0.718 Thread 0x00000001511fb000 nmethod 1377 0x0000000118587f10 code [0x0000000118588100, 0x0000000118588378]
Event: 0.718 Thread 0x00000001511fb000 1378       1       java.util.logging.Logger::getName (5 bytes)
Event: 0.718 Thread 0x00000001511fb000 nmethod 1378 0x0000000118588610 code [0x0000000118588780, 0x0000000118588818]
Event: 0.719 Thread 0x00000001511fb000 1379       1       java.lang.invoke.DirectMethodHandle::preparedLambdaForm (31 bytes)
Event: 0.719 Thread 0x00000001511fb000 nmethod 1379 0x0000000118588910 code [0x0000000118588ac0, 0x0000000118588cd8]
Event: 0.719 Thread 0x00000001511fb000 1380       1       java.lang.invoke.DirectMethodHandle$Holder::invokeStatic (15 bytes)
Event: 0.719 Thread 0x00000001511fb000 nmethod 1380 0x0000000118589090 code [0x0000000118589240, 0x0000000118589340]
Event: 0.719 Thread 0x00000001511fb000 1382       1       jdk.internal.misc.CDS::isDumpingArchive (4 bytes)
Event: 0.719 Thread 0x00000001511fb000 nmethod 1382 0x0000000118589490 code [0x0000000118589600, 0x0000000118589698]
Event: 0.719 Thread 0x00000001511fb000 1381       1       java.lang.invoke.DirectMethodHandle::isCrackable (5 bytes)
Event: 0.719 Thread 0x00000001511fb000 nmethod 1381 0x0000000118589790 code [0x0000000118589900, 0x0000000118589998]

GC Heap History (2 events):
Event: 0.653 GC heap before
{Heap before GC invocations=0 (full 0):
 garbage-first heap   total 133120K, used 26592K [0x0000000780000000, 0x0000000800000000)
  region size 1024K, 23 young (23552K), 0 survivors (0K)
 Metaspace       used 3057K, committed 3200K, reserved 1056768K
  class space    used 374K, committed 448K, reserved 1048576K
}
Event: 0.654 GC heap after
{Heap after GC invocations=1 (full 0):
 garbage-first heap   total 133120K, used 8643K [0x0000000780000000, 0x0000000800000000)
  region size 1024K, 3 young (3072K), 3 survivors (3072K)
 Metaspace       used 3057K, committed 3200K, reserved 1056768K
  class space    used 374K, committed 448K, reserved 1048576K
}

Deoptimization events (4 events):
Event: 0.589 Thread 0x000000015280bc00 DEOPT PACKING pc=0x0000000118437218 sp=0x000000016b578970
Event: 0.589 Thread 0x000000015280bc00 DEOPT UNPACKING pc=0x000000011823eb7c sp=0x000000016b578660 mode 3
Event: 0.594 Thread 0x000000015280bc00 DEOPT PACKING pc=0x00000001183fda0c sp=0x000000016b579a20
Event: 0.594 Thread 0x000000015280bc00 DEOPT UNPACKING pc=0x000000011823eb7c sp=0x000000016b579790 mode 3

Classes unloaded (0 events):
No events

Classes redefined (20 events):
Event: 0.633 Thread 0x000000014ff23eb0 redefined class name=sun.nio.ch.SocketChannelImpl, count=1
Event: 0.633 Thread 0x000000014ff23eb0 redefined class name=java.lang.Throwable, count=1
Event: 0.633 Thread 0x000000014ff23eb0 redefined class name=java.lang.Error, count=2
Event: 0.657 Thread 0x000000014ff23eb0 redefined class name=jdk.internal.event.ProcessStartEvent, count=1
Event: 0.657 Thread 0x000000014ff23eb0 redefined class name=jdk.jfr.events.ContainerIOUsageEvent, count=1
Event: 0.657 Thread 0x000000014ff23eb0 redefined class name=jdk.jfr.events.ContainerMemoryUsageEvent, count=1
Event: 0.657 Thread 0x000000014ff23eb0 redefined class name=jdk.jfr.events.ContainerCPUThrottlingEvent, count=1
Event: 0.657 Thread 0x000000014ff23eb0 redefined class name=jdk.jfr.events.ContainerCPUUsageEvent, count=1
Event: 0.657 Thread 0x000000014ff23eb0 redefined class name=jdk.jfr.events.ContainerConfigurationEvent, count=1
Event: 0.657 Thread 0x000000014ff23eb0 redefined class name=jdk.jfr.events.InitialSecurityPropertyEvent, count=1
Event: 0.657 Thread 0x000000014ff23eb0 redefined class name=jdk.jfr.events.DirectBufferStatisticsEvent, count=1
Event: 0.657 Thread 0x000000014ff23eb0 redefined class name=jdk.jfr.events.ActiveRecordingEvent, count=1
Event: 0.657 Thread 0x000000014ff23eb0 redefined class name=jdk.jfr.events.ActiveSettingEvent, count=1
Event: 0.657 Thread 0x000000014ff23eb0 redefined class name=jdk.jfr.events.ErrorThrownEvent, count=1
Event: 0.657 Thread 0x000000014ff23eb0 redefined class name=jdk.jfr.events.ExceptionStatisticsEvent, count=1
Event: 0.657 Thread 0x000000014ff23eb0 redefined class name=jdk.jfr.events.SocketWriteEvent, count=1
Event: 0.657 Thread 0x000000014ff23eb0 redefined class name=jdk.jfr.events.SocketReadEvent, count=1
Event: 0.657 Thread 0x000000014ff23eb0 redefined class name=jdk.jfr.events.FileWriteEvent, count=1
Event: 0.657 Thread 0x000000014ff23eb0 redefined class name=jdk.jfr.events.FileReadEvent, count=1
Event: 0.657 Thread 0x000000014ff23eb0 redefined class name=jdk.jfr.events.FileForceEvent, count=1

Internal exceptions (20 events):
Event: 0.594 Thread 0x000000015280bc00 Exception <a 'java/lang/ClassNotFoundException'{0x00000007873626b0}: jdk/jfr/internal/handlers/EventHandler1471_1741527715112-38535> (0x00000007873626b0) 
thrown [open/src/hotspot/share/classfile/systemDictionary.cpp, line 256]
Event: 0.595 Thread 0x000000015280bc00 Exception <a 'java/lang/ClassNotFoundException'{0x00000007873726a8}: jdk/jfr/internal/handlers/EventHandler1473_1741527715112-38535> (0x00000007873726a8) 
thrown [open/src/hotspot/share/classfile/systemDictionary.cpp, line 256]
Event: 0.595 Thread 0x000000015280bc00 Exception <a 'java/lang/ClassNotFoundException'{0x000000078737f610}: jdk/jfr/internal/handlers/EventHandler1475_1741527715112-38535> (0x000000078737f610) 
thrown [open/src/hotspot/share/classfile/systemDictionary.cpp, line 256]
Event: 0.596 Thread 0x000000015280bc00 Exception <a 'java/lang/ClassNotFoundException'{0x00000007873a6970}: jdk/jfr/internal/handlers/EventHandler1477_1741527715112-38535> (0x00000007873a6970) 
thrown [open/src/hotspot/share/classfile/systemDictionary.cpp, line 256]
Event: 0.597 Thread 0x000000015280bc00 Exception <a 'java/lang/ClassNotFoundException'{0x00000007873bb080}: jdk/jfr/internal/handlers/EventHandler1479_1741527715112-38535> (0x00000007873bb080) 
thrown [open/src/hotspot/share/classfile/systemDictionary.cpp, line 256]
Event: 0.597 Thread 0x000000015280bc00 Exception <a 'java/lang/ClassNotFoundException'{0x00000007873d3888}: jdk/jfr/internal/handlers/EventHandler1481_1741527715112-38535> (0x00000007873d3888) 
thrown [open/src/hotspot/share/classfile/systemDictionary.cpp, line 256]
Event: 0.598 Thread 0x000000015280bc00 Exception <a 'java/lang/ClassNotFoundException'{0x00000007873e3a90}: jdk/jfr/internal/handlers/EventHandler1484_1741527715112-38535> (0x00000007873e3a90) 
thrown [open/src/hotspot/share/classfile/systemDictionary.cpp, line 256]
Event: 0.599 Thread 0x000000015280bc00 Exception <a 'java/lang/ClassNotFoundException'{0x00000007873ef418}: jdk/jfr/internal/handlers/EventHandler1486_1741527715112-38535> (0x00000007873ef418) 
thrown [open/src/hotspot/share/classfile/systemDictionary.cpp, line 256]
Event: 0.600 Thread 0x000000015280bc00 Exception <a 'java/lang/ClassNotFoundException'{0x0000000787205ec0}: jdk/jfr/internal/handlers/EventHandler1749_1741527715112-38535> (0x0000000787205ec0) 
thrown [open/src/hotspot/share/classfile/systemDictionary.cpp, line 256]
Event: 0.600 Thread 0x000000015280bc00 Exception <a 'java/lang/ClassNotFoundException'{0x00000007872159d0}: jdk/jfr/internal/handlers/EventHandler1752_1741527715112-38535> (0x00000007872159d0) 
thrown [open/src/hotspot/share/classfile/systemDictionary.cpp, line 256]
Event: 0.600 Thread 0x000000015280bc00 Exception <a 'java/lang/ClassNotFoundException'{0x0000000787223338}: jdk/jfr/internal/handlers/EventHandler1755_1741527715112-38535> (0x0000000787223338) 
thrown [open/src/hotspot/share/classfile/systemDictionary.cpp, line 256]
Event: 0.601 Thread 0x000000015280bc00 Exception <a 'java/lang/ClassNotFoundException'{0x00000007872313b8}: jdk/jfr/internal/handlers/EventHandler1758_1741527715112-38535> (0x00000007872313b8) 
thrown [open/src/hotspot/share/classfile/systemDictionary.cpp, line 256]
Event: 0.601 Thread 0x000000015280bc00 Exception <a 'java/lang/ClassNotFoundException'{0x000000078723dac8}: jdk/jfr/internal/handlers/EventHandler1761_1741527715112-38535> (0x000000078723dac8) 
thrown [open/src/hotspot/share/classfile/systemDictionary.cpp, line 256]
Event: 0.635 Thread 0x000000015280bc00 Exception <a 'java/lang/NoSuchMethodError'{0x0000000786c3b188}: 'void java.lang.invoke.DirectMethodHandle$Holder.invokeStatic(java.lang.Object, java.lang.Object, int)'> (0x0000000786c3b188) 
thrown [open/src/hotspot/share/interpreter/linkResolver.cpp, line 759]
Event: 0.635 Thread 0x000000015280bc00 Exception <a 'java/lang/NoSuchMethodError'{0x0000000786c412d8}: 'java.lang.Object java.lang.invoke.DirectMethodHandle$Holder.newInvokeSpecial(java.lang.Object, java.lang.Object, int)'> (0x0000000786c412d8) 
thrown [open/src/hotspot/share/interpreter/linkResolver.cpp, line 759]
Event: 0.641 Thread 0x000000015280bc00 Exception <a 'java/lang/NoSuchMethodError'{0x0000000786c71328}: 'void java.lang.invoke.DirectMethodHandle$Holder.invokeSpecial(java.lang.Object, java.lang.Object, java.lang.Object)'> (0x0000000786c71328) 
thrown [open/src/hotspot/share/interpreter/linkResolver.cpp, line 759]
Event: 0.678 Thread 0x000000015280bc00 Exception <a 'java/lang/NoSuchMethodError'{0x0000000787e4bdf0}: 'int java.lang.invoke.DirectMethodHandle$Holder.invokeInterface(java.lang.Object, java.lang.Object)'> (0x0000000787e4bdf0) 
thrown [open/src/hotspot/share/interpreter/linkResolver.cpp, line 759]
Event: 0.678 Thread 0x000000015280bc00 Exception <a 'java/lang/IncompatibleClassChangeError'{0x0000000787e4f2d8}: Found class java.lang.Object, but interface was expected> (0x0000000787e4f2d8) 
thrown [open/src/hotspot/share/interpreter/linkResolver.cpp, line 826]
Event: 0.692 Thread 0x000000015280bc00 Exception <a 'java/lang/NoSuchMethodError'{0x0000000787ef0140}: 'int java.lang.invoke.DirectMethodHandle$Holder.invokeSpecial(java.lang.Object, java.lang.Object, java.lang.Object)'> (0x0000000787ef0140) 
thrown [open/src/hotspot/share/interpreter/linkResolver.cpp, line 759]
Event: 0.713 Thread 0x000000015280bc00 Exception <a 'java/lang/NoSuchMethodError'{0x0000000787c1dd58}: 'int java.lang.invoke.DirectMethodHandle$Holder.invokeSpecialIFC(java.lang.Object, java.lang.Object, java.lang.Object)'> (0x0000000787c1dd58) 
thrown [open/src/hotspot/share/interpreter/linkResolver.cpp, line 759]

VM Operations (20 events):
Event: 0.633 Executing VM operation: RedefineClasses
Event: 0.634 Executing VM operation: RedefineClasses done
Event: 0.640 Executing VM operation: HandshakeAllThreads
Event: 0.640 Executing VM operation: HandshakeAllThreads done
Event: 0.648 Executing VM operation: JFRCheckpoint
Event: 0.648 Executing VM operation: JFRCheckpoint done
Event: 0.650 Executing VM operation: JFROldObject
Event: 0.650 Executing VM operation: JFROldObject done
Event: 0.652 Executing VM operation: G1CollectForAllocation
Event: 0.654 Executing VM operation: G1CollectForAllocation done
Event: 0.657 Executing VM operation: RedefineClasses
Event: 0.658 Executing VM operation: RedefineClasses done
Event: 0.660 Executing VM operation: ClassLoaderStatsOperation
Event: 0.660 Executing VM operation: ClassLoaderStatsOperation done
Event: 0.680 Executing VM operation: HandshakeAllThreads
Event: 0.680 Executing VM operation: HandshakeAllThreads done
Event: 0.717 Executing VM operation: HandshakeAllThreads
Event: 0.717 Executing VM operation: HandshakeAllThreads done
Event: 0.720 Executing VM operation: HandshakeAllThreads
Event: 0.720 Executing VM operation: HandshakeAllThreads done

Events (20 events):
Event: 0.722 loading class sun/security/provider/NativePRNG$1
Event: 0.722 loading class sun/security/provider/NativePRNG$1 done
Event: 0.722 loading class sun/security/provider/NativePRNG$2
Event: 0.722 loading class sun/security/provider/NativePRNG$2 done
Event: 0.722 loading class sun/security/provider/NativePRNG$RandomIO
Event: 0.722 loading class sun/security/provider/NativePRNG$RandomIO done
Event: 0.722 loading class sun/security/provider/FileInputStreamPool
Event: 0.722 loading class sun/security/provider/FileInputStreamPool done
Event: 0.722 loading class sun/security/provider/FileInputStreamPool$UnclosableInputStream
Event: 0.722 loading class sun/security/provider/FileInputStreamPool$UnclosableInputStream done
Event: 0.722 loading class sun/security/provider/FileInputStreamPool$StreamRef
Event: 0.722 loading class sun/security/provider/FileInputStreamPool$StreamRef done
Event: 0.722 loading class java/security/Provider$Service
Event: 0.722 loading class java/security/Provider$Service done
Event: 0.722 loading class java/security/Provider$UString
Event: 0.722 loading class java/security/Provider$UString done
Event: 0.722 loading class sun/security/provider/NativePRNG$Blocking
Event: 0.722 loading class sun/security/provider/NativePRNG$Blocking done
Event: 0.722 loading class sun/security/provider/NativePRNG$NonBlocking
Event: 0.722 loading class sun/security/provider/NativePRNG$NonBlocking done


Dynamic libraries:
0x0000000104bcc000 	/Library/Java/JavaVirtualMachines/jdk-17.jdk/Contents/Home/lib/libjli.dylib
0x000000019f340000 	/System/Library/Frameworks/Cocoa.framework/Versions/A/Cocoa
0x000000018b25b000 	/System/Library/Frameworks/AppKit.framework/Versions/C/AppKit
0x000000018dbf5000 	/System/Library/Frameworks/CoreData.framework/Versions/A/CoreData
0x0000000188ee7000 	/System/Library/Frameworks/Foundation.framework/Versions/C/Foundation
0x0000000193579000 	/usr/lib/libSystem.B.dylib
0x000000018c163000 	/System/Library/PrivateFrameworks/UIFoundation.framework/Versions/A/UIFoundation
0x00000001f2c03000 	/System/Library/PrivateFrameworks/CollectionViewCore.framework/Versions/A/CollectionViewCore
0x0000000199801000 	/System/Library/PrivateFrameworks/RemoteViewServices.framework/Versions/A/RemoteViewServices
0x00000001919c9000 	/System/Library/PrivateFrameworks/XCTTargetBootstrap.framework/Versions/A/XCTTargetBootstrap
0x000000019530b000 	/System/Library/PrivateFrameworks/InternationalSupport.framework/Versions/A/InternationalSupport
0x0000000195392000 	/System/Library/PrivateFrameworks/UserActivity.framework/Versions/A/UserActivity
0x00000002097cc000 	/System/Library/PrivateFrameworks/WindowManagement.framework/Versions/A/WindowManagement
0x0000000188bb1000 	/System/Library/Frameworks/SystemConfiguration.framework/Versions/A/SystemConfiguration
0x0000000194810000 	/usr/lib/libspindump.dylib
0x000000018c308000 	/System/Library/Frameworks/UniformTypeIdentifiers.framework/Versions/A/UniformTypeIdentifiers
0x000000018fcf4000 	/usr/lib/libapp_launch_measurement.dylib
0x000000018f1a6000 	/System/Library/PrivateFrameworks/CoreAnalytics.framework/Versions/A/CoreAnalytics
0x000000018fcfb000 	/System/Library/PrivateFrameworks/CoreAutoLayout.framework/Versions/A/CoreAutoLayout
0x00000001911eb000 	/System/Library/Frameworks/Metal.framework/Versions/A/Metal
0x0000000192120000 	/usr/lib/liblangid.dylib
0x00000001919cf000 	/System/Library/PrivateFrameworks/CoreSVG.framework/Versions/A/CoreSVG
0x000000018cc29000 	/System/Library/PrivateFrameworks/SkyLight.framework/Versions/A/SkyLight
0x000000018d040000 	/System/Library/Frameworks/CoreGraphics.framework/Versions/A/CoreGraphics
0x0000000199ed0000 	/System/Library/Frameworks/Accelerate.framework/Versions/A/Accelerate
0x000000019427e000 	/System/Library/PrivateFrameworks/IconServices.framework/Versions/A/IconServices
0x00000001911cb000 	/System/Library/Frameworks/IOSurface.framework/Versions/A/IOSurface
0x000000018f1d3000 	/usr/lib/libDiagnosticMessagesClient.dylib
0x00000001934bf000 	/usr/lib/libz.1.dylib
0x000000019d12c000 	/System/Library/Frameworks/ApplicationServices.framework/Versions/A/ApplicationServices
0x00000001919b1000 	/System/Library/PrivateFrameworks/DFRFoundation.framework/Versions/A/DFRFoundation
0x000000018aad9000 	/usr/lib/libicucore.A.dylib
0x000000019629a000 	/System/Library/Frameworks/AudioToolbox.framework/Versions/A/AudioToolbox
0x0000000195316000 	/System/Library/PrivateFrameworks/DataDetectorsCore.framework/Versions/A/DataDetectorsCore
0x00000001ac322000 	/System/Library/PrivateFrameworks/TextInput.framework/Versions/A/TextInput
0x000000018cb8e000 	/usr/lib/libMobileGestalt.dylib
0x000000019167d000 	/System/Library/Frameworks/Carbon.framework/Versions/A/Frameworks/HIToolbox.framework/Versions/A/HIToolbox
0x000000018f67e000 	/System/Library/Frameworks/QuartzCore.framework/Versions/A/QuartzCore
0x000000018a736000 	/System/Library/Frameworks/Security.framework/Versions/A/Security
0x0000000199841000 	/System/Library/Frameworks/Carbon.framework/Versions/A/Frameworks/SpeechRecognition.framework/Versions/A/SpeechRecognition
0x000000018fa33000 	/System/Library/PrivateFrameworks/CoreUI.framework/Versions/A/CoreUI
0x000000018a056000 	/System/Library/Frameworks/CoreAudio.framework/Versions/A/CoreAudio
0x000000018f2af000 	/System/Library/Frameworks/DiskArbitration.framework/Versions/A/DiskArbitration
0x0000000194c43000 	/System/Library/PrivateFrameworks/MultitouchSupport.framework/Versions/A/MultitouchSupport
0x000000018cb8c000 	/usr/lib/libenergytrace.dylib
0x000000018b11e000 	/System/Library/Frameworks/IOKit.framework/Versions/A/IOKit
0x0000000199c24000 	/System/Library/Frameworks/CoreServices.framework/Versions/A/CoreServices
0x000000018fc81000 	/System/Library/PrivateFrameworks/PerformanceAnalysis.framework/Versions/A/PerformanceAnalysis
0x00000001d62a5000 	/System/Library/Frameworks/OpenGL.framework/Versions/A/OpenGL
0x000000018fd45000 	/usr/lib/libxml2.2.dylib
0x0000000192aed000 	/System/Library/PrivateFrameworks/MobileKeyBag.framework/Versions/A/MobileKeyBag
0x0000000187be8000 	/usr/lib/libobjc.A.dylib
0x0000000187e9f000 	/usr/lib/libc++.1.dylib
0x000000018d68a000 	/System/Library/Frameworks/ColorSync.framework/Versions/A/ColorSync
0x0000000187fbc000 	/System/Library/Frameworks/CoreFoundation.framework/Versions/A/CoreFoundation
0x0000000191d47000 	/System/Library/Frameworks/CoreImage.framework/Versions/A/CoreImage
0x0000000189e77000 	/System/Library/Frameworks/CoreText.framework/Versions/A/CoreText
0x0000000191a08000 	/System/Library/Frameworks/ImageIO.framework/Versions/A/ImageIO
0x000000019357f000 	/System/Library/PrivateFrameworks/SoftLinking.framework/Versions/A/SoftLinking
0x0000000193812000 	/usr/lib/libcompression.dylib
0x0000000195267000 	/System/Library/PrivateFrameworks/TextureIO.framework/Versions/A/TextureIO
0x0000000193f50000 	/usr/lib/libate.dylib
0x0000000193573000 	/usr/lib/system/libcache.dylib
0x000000019352c000 	/usr/lib/system/libcommonCrypto.dylib
0x000000019355a000 	/usr/lib/system/libcompiler_rt.dylib
0x0000000193550000 	/usr/lib/system/libcopyfile.dylib
0x0000000187d1b000 	/usr/lib/system/libcorecrypto.dylib
0x0000000187dd3000 	/usr/lib/system/libdispatch.dylib
0x0000000187f64000 	/usr/lib/system/libdyld.dylib
0x0000000193569000 	/usr/lib/system/libkeymgr.dylib
0x000000019350a000 	/usr/lib/system/libmacho.dylib
0x0000000192be6000 	/usr/lib/system/libquarantine.dylib
0x0000000193566000 	/usr/lib/system/libremovefile.dylib
0x000000018cbf3000 	/usr/lib/system/libsystem_asl.dylib
0x0000000187cb9000 	/usr/lib/system/libsystem_blocks.dylib
0x0000000187e1e000 	/usr/lib/system/libsystem_c.dylib
0x000000019355e000 	/usr/lib/system/libsystem_collections.dylib
0x000000019210f000 	/usr/lib/system/libsystem_configuration.dylib
0x0000000191199000 	/usr/lib/system/libsystem_containermanager.dylib
0x000000019321b000 	/usr/lib/system/libsystem_coreservices.dylib
0x000000018ad90000 	/usr/lib/system/libsystem_darwin.dylib
0x000000019356a000 	/usr/lib/system/libsystem_dnssd.dylib
0x0000000187e1b000 	/usr/lib/system/libsystem_featureflags.dylib
0x0000000187f90000 	/usr/lib/system/libsystem_info.dylib
0x00000001934d1000 	/usr/lib/system/libsystem_m.dylib
0x0000000187da7000 	/usr/lib/system/libsystem_malloc.dylib
0x000000018cb73000 	/usr/lib/system/libsystem_networkextension.dylib
0x000000018b1fa000 	/usr/lib/system/libsystem_notify.dylib
0x0000000192114000 	/usr/lib/system/libsystem_sandbox.dylib
0x0000000193563000 	/usr/lib/system/libsystem_secinit.dylib
0x0000000187f1e000 	/usr/lib/system/libsystem_kernel.dylib
0x0000000187f88000 	/usr/lib/system/libsystem_platform.dylib
0x0000000187f57000 	/usr/lib/system/libsystem_pthread.dylib
0x000000018e3c2000 	/usr/lib/system/libsystem_symptoms.dylib
0x0000000187d01000 	/usr/lib/system/libsystem_trace.dylib
0x000000019353d000 	/usr/lib/system/libunwind.dylib
0x0000000187cbe000 	/usr/lib/system/libxpc.dylib
0x0000000187f06000 	/usr/lib/libc++abi.dylib
0x0000000193548000 	/usr/lib/liboah.dylib
0x0000000193e0f000 	/usr/lib/liblzma.5.dylib
0x000000019357b000 	/usr/lib/libfakelink.dylib
0x000000018c7b3000 	/System/Library/Frameworks/CFNetwork.framework/Versions/A/CFNetwork
0x00000001936ba000 	/usr/lib/libarchive.2.dylib
0x0000000197b8e000 	/System/Library/Frameworks/Combine.framework/Versions/A/Combine
0x0000000195c64000 	/usr/lib/swift/libswiftCore.dylib
0x00000001a9426000 	/usr/lib/swift/libswiftCoreFoundation.dylib
0x00000001a7326000 	/usr/lib/swift/libswiftDarwin.dylib
0x000000019b140000 	/usr/lib/swift/libswiftDispatch.dylib
0x00000001a9447000 	/usr/lib/swift/libswiftIOKit.dylib
0x000000019d547000 	/usr/lib/swift/libswiftObjectiveC.dylib
0x00000001a943a000 	/usr/lib/swift/libswiftXPC.dylib
0x000000020ffaf000 	/usr/lib/swift/libswift_Concurrency.dylib
0x0000000210101000 	/usr/lib/swift/libswift_StringProcessing.dylib
0x000000019d54b000 	/usr/lib/swift/libswiftos.dylib
0x000000018b0a3000 	/System/Library/PrivateFrameworks/CoreServicesInternal.framework/Versions/A/CoreServicesInternal
0x0000000192c11000 	/usr/lib/libbsm.0.dylib
0x0000000193510000 	/usr/lib/system/libkxld.dylib
0x000000018fcbd000 	/System/Library/Frameworks/CoreServices.framework/Versions/A/Frameworks/FSEvents.framework/Versions/A/FSEvents
0x000000018ad9b000 	/System/Library/Frameworks/CoreServices.framework/Versions/A/Frameworks/CarbonCore.framework/Versions/A/CarbonCore
0x000000018f216000 	/System/Library/Frameworks/CoreServices.framework/Versions/A/Frameworks/Metadata.framework/Versions/A/Metadata
0x0000000193221000 	/System/Library/Frameworks/CoreServices.framework/Versions/A/Frameworks/OSServices.framework/Versions/A/OSServices
0x0000000193741000 	/System/Library/Frameworks/CoreServices.framework/Versions/A/Frameworks/SearchKit.framework/Versions/A/SearchKit
0x000000018e345000 	/System/Library/Frameworks/CoreServices.framework/Versions/A/Frameworks/AE.framework/Versions/A/AE
0x0000000188494000 	/System/Library/Frameworks/CoreServices.framework/Versions/A/Frameworks/LaunchServices.framework/Versions/A/LaunchServices
0x0000000193db8000 	/System/Library/Frameworks/CoreServices.framework/Versions/A/Frameworks/DictionaryServices.framework/Versions/A/DictionaryServices
0x000000018fcca000 	/System/Library/Frameworks/CoreServices.framework/Versions/A/Frameworks/SharedFileList.framework/Versions/A/SharedFileList
0x00000001937e0000 	/usr/lib/libapple_nghttp2.dylib
0x000000018c7af000 	/usr/lib/libnetwork.dylib
0x000000018dfca000 	/usr/lib/libsqlite3.dylib
0x000000018e3cb000 	/System/Library/Frameworks/Network.framework/Versions/A/Network
0x000000020f135000 	/usr/lib/libCoreEntitlements.dylib
0x00000001fc042000 	/System/Library/PrivateFrameworks/MessageSecurity.framework/Versions/A/MessageSecurity
0x000000018dfb0000 	/System/Library/PrivateFrameworks/ProtocolBuffer.framework/Versions/A/ProtocolBuffer
0x00000001931fd000 	/System/Library/PrivateFrameworks/AppleFSCompression.framework/Versions/A/AppleFSCompression
0x0000000192bf9000 	/usr/lib/libcoretls.dylib
0x0000000193e28000 	/usr/lib/libcoretls_cfhelpers.dylib
0x000000019380d000 	/usr/lib/libpam.2.dylib
0x0000000193e8e000 	/usr/lib/libxar.1.dylib
0x0000000194259000 	/usr/lib/libheimdal-asn1.dylib
0x0000000193580000 	/usr/lib/libpcap.A.dylib
0x000000018e3b8000 	/usr/lib/libdns_services.dylib
0x000000019211c000 	/System/Library/PrivateFrameworks/AppleSystemInfo.framework/Versions/A/AppleSystemInfo
0x00000001928ee000 	/System/Library/PrivateFrameworks/IOMobileFramebuffer.framework/Versions/A/IOMobileFramebuffer
0x000000019320e000 	/usr/lib/libbz2.1.0.dylib
0x0000000192be9000 	/usr/lib/libCheckFix.dylib
0x000000018cc0b000 	/System/Library/PrivateFrameworks/TCC.framework/Versions/A/TCC
0x0000000192122000 	/System/Library/PrivateFrameworks/CoreNLP.framework/Versions/A/CoreNLP
0x000000018f1d5000 	/System/Library/PrivateFrameworks/MetadataUtilities.framework/Versions/A/MetadataUtilities
0x0000000192c22000 	/usr/lib/libmecab.dylib
0x0000000188c3b000 	/usr/lib/libCRFSuite.dylib
0x0000000192c7f000 	/usr/lib/libgermantok.dylib
0x00000001937b9000 	/usr/lib/libThaiTokenizer.dylib
0x000000018f2b8000 	/System/Library/Frameworks/Accelerate.framework/Versions/A/Frameworks/vImage.framework/Versions/A/vImage
0x0000000199bfb000 	/System/Library/Frameworks/Accelerate.framework/Versions/A/Frameworks/vecLib.framework/Versions/A/vecLib
0x0000000193ed4000 	/System/Library/Frameworks/Accelerate.framework/Versions/A/Frameworks/vecLib.framework/Versions/A/libvMisc.dylib
0x00000001927ee000 	/System/Library/Frameworks/Accelerate.framework/Versions/A/Frameworks/vecLib.framework/Versions/A/libvDSP.dylib
0x0000000188847000 	/System/Library/Frameworks/Accelerate.framework/Versions/A/Frameworks/vecLib.framework/Versions/A/libBLAS.dylib
0x00000001938e4000 	/System/Library/Frameworks/Accelerate.framework/Versions/A/Frameworks/vecLib.framework/Versions/A/libLAPACK.dylib
0x0000000192c82000 	/System/Library/Frameworks/Accelerate.framework/Versions/A/Frameworks/vecLib.framework/Versions/A/libLinearAlgebra.dylib
0x00000001937f8000 	/System/Library/Frameworks/Accelerate.framework/Versions/A/Frameworks/vecLib.framework/Versions/A/libSparseBLAS.dylib
0x00000001938df000 	/System/Library/Frameworks/Accelerate.framework/Versions/A/Frameworks/vecLib.framework/Versions/A/libQuadrature.dylib
0x000000019221b000 	/System/Library/Frameworks/Accelerate.framework/Versions/A/Frameworks/vecLib.framework/Versions/A/libBNNS.dylib
0x0000000188b4a000 	/System/Library/Frameworks/Accelerate.framework/Versions/A/Frameworks/vecLib.framework/Versions/A/libSparse.dylib
0x00000001fb3ae000 	/System/Library/PrivateFrameworks/MIL.framework/Versions/A/MIL
0x00000001935b5000 	/usr/lib/libiconv.2.dylib
0x0000000193509000 	/usr/lib/libcharset.1.dylib
0x000000018fc9d000 	/System/Library/Frameworks/OpenDirectory.framework/Versions/A/Frameworks/CFOpenDirectory.framework/Versions/A/CFOpenDirectory
0x000000018fc8d000 	/System/Library/Frameworks/OpenDirectory.framework/Versions/A/OpenDirectory
0x0000000193e2a000 	/System/Library/PrivateFrameworks/APFS.framework/Versions/A/APFS
0x0000000192b24000 	/System/Library/Frameworks/SecurityFoundation.framework/Versions/A/SecurityFoundation
0x0000000193e9d000 	/usr/lib/libutil.dylib
0x00000001fa4a6000 	/System/Library/PrivateFrameworks/InstalledContentLibrary.framework/Versions/A/InstalledContentLibrary
0x000000018b0e1000 	/System/Library/PrivateFrameworks/CoreServicesStore.framework/Versions/A/CoreServicesStore
0x00000001f157a000 	/System/Library/PrivateFrameworks/AppleMobileFileIntegrity.framework/Versions/A/AppleMobileFileIntegrity
0x00000001a9405000 	/usr/lib/libmis.dylib
0x00000001b7208000 	/System/Library/PrivateFrameworks/MobileSystemServices.framework/Versions/A/MobileSystemServices
0x00000001d15e5000 	/System/Library/PrivateFrameworks/ConfigProfileHelper.framework/Versions/A/ConfigProfileHelper
0x00000001937bb000 	/System/Library/PrivateFrameworks/AppleSauce.framework/Versions/A/AppleSauce
0x0000000189920000 	/System/Library/PrivateFrameworks/LanguageModeling.framework/Versions/A/LanguageModeling
0x0000000193ea1000 	/usr/lib/libxslt.1.dylib
0x00000001936a8000 	/usr/lib/libcmph.dylib
0x00000001928db000 	/System/Library/PrivateFrameworks/CoreEmoji.framework/Versions/A/CoreEmoji
0x0000000192215000 	/System/Library/PrivateFrameworks/LinguisticData.framework/Versions/A/LinguisticData
0x0000000188b02000 	/System/Library/PrivateFrameworks/Lexicon.framework/Versions/A/Lexicon
0x0000000192bb7000 	/System/Library/PrivateFrameworks/BackgroundTaskManagement.framework/Versions/A/BackgroundTaskManagement
0x000000020f2d4000 	/usr/lib/libTLE.dylib
0x000000021004c000 	/usr/lib/swift/libswift_RegexParser.dylib
0x0000000194b08000 	/System/Library/PrivateFrameworks/AppleJPEG.framework/Versions/A/AppleJPEG
0x000000019423e000 	/usr/lib/libexpat.1.dylib
0x00000001950c9000 	/System/Library/Frameworks/ImageIO.framework/Versions/A/Resources/libPng.dylib
0x00000001950f4000 	/System/Library/Frameworks/ImageIO.framework/Versions/A/Resources/libTIFF.dylib
0x00000001951dd000 	/System/Library/Frameworks/ImageIO.framework/Versions/A/Resources/libGIF.dylib
0x0000000194b4d000 	/System/Library/Frameworks/ImageIO.framework/Versions/A/Resources/libJP2.dylib
0x0000000195181000 	/System/Library/Frameworks/ImageIO.framework/Versions/A/Resources/libJPEG.dylib
0x0000000195178000 	/System/Library/Frameworks/ImageIO.framework/Versions/A/Resources/libRadiance.dylib
0x0000000191506000 	/System/Library/PrivateFrameworks/FontServices.framework/libFontParser.dylib
0x000000018e2e7000 	/System/Library/PrivateFrameworks/RunningBoardServices.framework/Versions/A/RunningBoardServices
0x000000019fa69000 	/System/Library/PrivateFrameworks/IOSurfaceAccelerator.framework/Versions/A/IOSurfaceAccelerator
0x0000000194c3f000 	/System/Library/PrivateFrameworks/WatchdogClient.framework/Versions/A/WatchdogClient
0x0000000189a99000 	/System/Library/Frameworks/CoreDisplay.framework/Versions/A/CoreDisplay
0x00000001913e1000 	/System/Library/Frameworks/CoreMedia.framework/Versions/A/CoreMedia
0x00000001911e1000 	/System/Library/PrivateFrameworks/IOAccelerator.framework/Versions/A/IOAccelerator
0x000000018fe2e000 	/System/Library/Frameworks/CoreVideo.framework/Versions/A/CoreVideo
0x000000019380b000 	/System/Library/Frameworks/MetalPerformanceShaders.framework/Versions/A/MetalPerformanceShaders
0x0000000194c7e000 	/System/Library/Frameworks/VideoToolbox.framework/Versions/A/VideoToolbox
0x000000018e22b000 	/System/Library/PrivateFrameworks/BaseBoard.framework/Versions/A/BaseBoard
0x0000000195173000 	/System/Library/PrivateFrameworks/GPUWrangler.framework/Versions/A/GPUWrangler
0x0000000195153000 	/System/Library/PrivateFrameworks/IOPresentment.framework/Versions/A/IOPresentment
0x000000019517b000 	/System/Library/PrivateFrameworks/DSExternalDisplay.framework/Versions/A/DSExternalDisplay
0x00000001f6d00000 	/System/Library/PrivateFrameworks/GPUCompiler.framework/Versions/31001/Libraries/libllvm-flatbuffers.dylib
0x00000001d6298000 	/System/Library/Frameworks/OpenGL.framework/Versions/A/Libraries/libCoreFSCache.dylib
0x00000001f6cfc000 	/System/Library/PrivateFrameworks/GPUCompiler.framework/Versions/31001/Libraries/libGPUCompilerUtils.dylib
0x00000001951e3000 	/System/Library/PrivateFrameworks/CMCaptureCore.framework/Versions/A/CMCaptureCore
0x00000001eb82d000 	/System/Library/Frameworks/ExtensionFoundation.framework/Versions/A/ExtensionFoundation
0x000000019b8e5000 	/System/Library/PrivateFrameworks/CoreTime.framework/Versions/A/CoreTime
0x00000001947fb000 	/System/Library/PrivateFrameworks/AppServerSupport.framework/Versions/A/AppServerSupport
0x0000000196b7c000 	/System/Library/PrivateFrameworks/perfdata.framework/Versions/A/perfdata
0x0000000189bb9000 	/System/Library/PrivateFrameworks/AudioToolboxCore.framework/Versions/A/AudioToolboxCore
0x00000001913b7000 	/System/Library/PrivateFrameworks/caulk.framework/Versions/A/caulk
0x0000000196439000 	/usr/lib/libAudioStatistics.dylib
0x00000001a8841000 	/System/Library/PrivateFrameworks/SystemPolicy.framework/Versions/A/SystemPolicy
0x00000001966db000 	/usr/lib/libSMC.dylib
0x000000019f215000 	/System/Library/Frameworks/CoreMIDI.framework/Versions/A/CoreMIDI
0x0000000195096000 	/usr/lib/libAudioToolboxUtility.dylib
0x00000001a45f9000 	/System/Library/PrivateFrameworks/OSAServicesClient.framework/Versions/A/OSAServicesClient
0x0000000196b89000 	/usr/lib/libperfcheck.dylib
0x0000000194129000 	/System/Library/PrivateFrameworks/PlugInKit.framework/Versions/A/PlugInKit
0x0000000192b16000 	/System/Library/PrivateFrameworks/AssertionServices.framework/Versions/A/AssertionServices
0x00000001d62fa000 	/System/Library/Frameworks/OpenGL.framework/Versions/A/Libraries/libGLU.dylib
0x00000001d62b9000 	/System/Library/Frameworks/OpenGL.framework/Versions/A/Libraries/libGFXShared.dylib
0x00000001d64a0000 	/System/Library/Frameworks/OpenGL.framework/Versions/A/Libraries/libGL.dylib
0x00000001d62c2000 	/System/Library/Frameworks/OpenGL.framework/Versions/A/Libraries/libGLImage.dylib
0x00000001d62b6000 	/System/Library/Frameworks/OpenGL.framework/Versions/A/Libraries/libCVMSPluginSupport.dylib
0x000000020f2b3000 	/usr/lib/libRosetta.dylib
0x00000001d629f000 	/System/Library/Frameworks/OpenGL.framework/Versions/A/Libraries/libCoreVMClient.dylib
0x0000000192099000 	/System/Library/Frameworks/MetalPerformanceShaders.framework/Versions/A/Frameworks/MPSCore.framework/Versions/A/MPSCore
0x0000000193173000 	/System/Library/Frameworks/MetalPerformanceShaders.framework/Versions/A/Frameworks/MPSImage.framework/Versions/A/MPSImage
0x0000000192c97000 	/System/Library/Frameworks/MetalPerformanceShaders.framework/Versions/A/Frameworks/MPSNeuralNetwork.framework/Versions/A/MPSNeuralNetwork
0x0000000193083000 	/System/Library/Frameworks/MetalPerformanceShaders.framework/Versions/A/Frameworks/MPSMatrix.framework/Versions/A/MPSMatrix
0x0000000192e95000 	/System/Library/Frameworks/MetalPerformanceShaders.framework/Versions/A/Frameworks/MPSRayIntersector.framework/Versions/A/MPSRayIntersector
0x00000001930b1000 	/System/Library/Frameworks/MetalPerformanceShaders.framework/Versions/A/Frameworks/MPSNDArray.framework/Versions/A/MPSNDArray
0x00000001ecbe6000 	/System/Library/Frameworks/MetalPerformanceShaders.framework/Versions/A/Frameworks/MPSFunctions.framework/Versions/A/MPSFunctions
0x000000018870d000 	/System/Library/PrivateFrameworks/MetalTools.framework/Versions/A/MetalTools
0x000000019211a000 	/System/Library/PrivateFrameworks/AggregateDictionary.framework/Versions/A/AggregateDictionary
0x0000000193fe2000 	/usr/lib/libIOReport.dylib
0x000000019e40b000 	/System/Library/PrivateFrameworks/ASEProcessing.framework/Versions/A/ASEProcessing
0x0000000194399000 	/System/Library/PrivateFrameworks/GraphVisualizer.framework/Versions/A/GraphVisualizer
0x00000001f6c0d000 	/System/Library/PrivateFrameworks/FontServices.framework/Versions/A/FontServices
0x00000001947b9000 	/System/Library/PrivateFrameworks/OTSVG.framework/Versions/A/OTSVG
0x000000018f9e1000 	/System/Library/Frameworks/ApplicationServices.framework/Versions/A/Frameworks/ATS.framework/Versions/A/Resources/libFontRegistry.dylib
0x0000000194805000 	/System/Library/PrivateFrameworks/FontServices.framework/libhvf.dylib
0x00000001f6c0e000 	/System/Library/PrivateFrameworks/FontServices.framework/libXTFontStaticRegistryData.dylib
0x0000000208632000 	/System/Library/PrivateFrameworks/VideoToolboxParavirtualizationSupport.framework/Versions/A/VideoToolboxParavirtualizationSupport
0x00000001941f2000 	/System/Library/PrivateFrameworks/AppleVA.framework/Versions/A/AppleVA
0x0000000196479000 	/System/Library/Frameworks/ApplicationServices.framework/Versions/A/Frameworks/ATS.framework/Versions/A/ATS
0x000000018d77d000 	/System/Library/Frameworks/ApplicationServices.framework/Versions/A/Frameworks/HIServices.framework/Versions/A/HIServices
0x00000001951ef000 	/System/Library/Frameworks/ApplicationServices.framework/Versions/A/Frameworks/PrintCore.framework/Versions/A/PrintCore
0x0000000196834000 	/System/Library/Frameworks/ApplicationServices.framework/Versions/A/Frameworks/QD.framework/Versions/A/QD
0x0000000196828000 	/System/Library/Frameworks/ApplicationServices.framework/Versions/A/Frameworks/ColorSyncLegacy.framework/Versions/A/ColorSyncLegacy
0x000000019644d000 	/System/Library/Frameworks/ApplicationServices.framework/Versions/A/Frameworks/SpeechSynthesis.framework/Versions/A/SpeechSynthesis
0x00000001951ad000 	/System/Library/Frameworks/ApplicationServices.framework/Versions/A/Frameworks/ATSUI.framework/Versions/A/ATSUI
0x00000001967bb000 	/usr/lib/libcups.2.dylib
0x0000000196b97000 	/System/Library/Frameworks/Kerberos.framework/Versions/A/Kerberos
0x0000000196ba8000 	/System/Library/Frameworks/GSS.framework/Versions/A/GSS
0x00000001964eb000 	/usr/lib/libresolv.9.dylib
0x0000000194815000 	/System/Library/PrivateFrameworks/Heimdal.framework/Versions/A/Heimdal
0x000000019d4ca000 	/System/Library/Frameworks/Kerberos.framework/Versions/A/Libraries/libHeimdalProxy.dylib
0x0000000196bf8000 	/System/Library/PrivateFrameworks/CommonAuth.framework/Versions/A/CommonAuth
0x00000001d74f8000 	/System/Library/Frameworks/AVFAudio.framework/Versions/A/AVFAudio
0x00000001a4648000 	/System/Library/PrivateFrameworks/AXCoreUtilities.framework/Versions/A/AXCoreUtilities
0x00000001963c5000 	/System/Library/PrivateFrameworks/AudioSession.framework/Versions/A/AudioSession
0x0000000197947000 	/System/Library/Frameworks/IOBluetooth.framework/Versions/A/IOBluetooth
0x00000001942f3000 	/System/Library/PrivateFrameworks/MediaExperience.framework/Versions/A/MediaExperience
0x0000000196260000 	/System/Library/PrivateFrameworks/AudioSession.framework/libSessionUtility.dylib
0x0000000196840000 	/System/Library/PrivateFrameworks/AudioResourceArbitration.framework/Versions/A/AudioResourceArbitration
0x000000019a81a000 	/System/Library/PrivateFrameworks/PowerLog.framework/Versions/A/PowerLog
0x000000019a75d000 	/System/Library/Frameworks/CoreBluetooth.framework/Versions/A/CoreBluetooth
0x000000019d4cb000 	/System/Library/Frameworks/AudioUnit.framework/Versions/A/AudioUnit
0x0000000192979000 	/System/Library/PrivateFrameworks/CoreUtils.framework/Versions/A/CoreUtils
0x00000001f5642000 	/System/Library/PrivateFrameworks/CoreUtilsExtras.framework/Versions/A/CoreUtilsExtras
0x00000001fa344000 	/System/Library/PrivateFrameworks/IO80211.framework/Versions/A/IO80211
0x0000000194263000 	/System/Library/PrivateFrameworks/IconFoundation.framework/Versions/A/IconFoundation
0x000000019982d000 	/System/Library/PrivateFrameworks/SpeechRecognitionCore.framework/Versions/A/SpeechRecognitionCore
0x0000000105b20000 	/Library/Java/JavaVirtualMachines/jdk-17.jdk/Contents/Home/lib/server/libjvm.dylib
0x0000000104b80000 	/Library/Java/JavaVirtualMachines/jdk-17.jdk/Contents/Home/lib/libjimage.dylib
0x0000000104c30000 	/Library/Java/JavaVirtualMachines/jdk-17.jdk/Contents/Home/lib/libinstrument.dylib
0x0000000104c7c000 	/Library/Java/JavaVirtualMachines/jdk-17.jdk/Contents/Home/lib/libjava.dylib
0x0000000104db8000 	/private/var/folders/kp/bydpksq57llfm3j9wjqp2t4c0000gn/T/libasyncProfiler.so
0x0000000105844000 	/Library/Java/JavaVirtualMachines/jdk-17.jdk/Contents/Home/lib/libzip.dylib
0x000000010586c000 	/Library/Java/JavaVirtualMachines/jdk-17.jdk/Contents/Home/lib/libnio.dylib
0x000000010588c000 	/Library/Java/JavaVirtualMachines/jdk-17.jdk/Contents/Home/lib/libnet.dylib
0x0000000104c5c000 	/Library/Java/JavaVirtualMachines/jdk-17.jdk/Contents/Home/lib/libextnet.dylib
0x00000001058c4000 	/Library/Java/JavaVirtualMachines/jdk-17.jdk/Contents/Home/lib/libmanagement.dylib
0x00000001058d8000 	/Library/Java/JavaVirtualMachines/jdk-17.jdk/Contents/Home/lib/libmanagement_ext.dylib


VM Arguments:
jvm_args: -XX:TieredStopAtLevel=1 -Dspring.output.ansi.enabled=always -Dcom.sun.management.jmxremote -Dspring.jmx.enabled=true -Dspring.liveBeansView.mbeanDomain -Dspring.application.admin.enabled=true -Dmanagement.endpoints.jmx.exposure.include=* -javaagent:/Applications/IntelliJ IDEA.app/Contents/lib/idea_rt.jar=63085:/Applications/IntelliJ IDEA.app/Contents/bin -agentpath:/private/var/folders/kp/bydpksq57llfm3j9wjqp2t4c0000gn/T/libasyncProfiler.so=start,jfr,event=cpu,interval=10ms,jfrsync=profile,cstack=no,file=/Users/lehieu/IdeaSnapshots/RatingServiceApplication_2025_03_09_204154.jfr,log=/private/var/folders/kp/bydpksq57llfm3j9wjqp2t4c0000gn/T/RatingServiceApplication_2025_03_09_204154.jfr.log.txt,logLevel=DEBUG -Dfile.encoding=UTF-8 
java_command: com.example.ratingservice.RatingServiceApplication
java_class_path (initial): /Users/lehieu/Desktop/RatingService/build/classes/java/main:/Users/lehieu/Desktop/RatingService/build/resources/main:/Users/lehieu/.gradle/caches/modules-2/files-2.1/org.projectlombok/lombok/1.18.36/5a30490a6e14977d97d9c73c924c1f1b5311ea95/lombok-1.18.36.jar:/Users/lehieu/.gradle/caches/modules-2/files-2.1/org.springframework.boot/spring-boot-starter-data-jpa/3.4.3/29c90fec6e887dc01df09ea4c3548b5a04b7afb4/spring-boot-starter-data-jpa-3.4.3.jar:/Users/lehieu/.gradle/caches/modules-2/files-2.1/org.springframework.boot/spring-boot-starter-web-services/3.4.3/506eec58859976f34d2ba4a8b46018909096aa66/spring-boot-starter-web-services-3.4.3.jar:/Users/lehieu/.gradle/caches/modules-2/files-2.1/org.springframework.boot/spring-boot-starter-web/3.4.3/87e7a401e7d249fefc7f372f5681e8620234624c/spring-boot-starter-web-3.4.3.jar:/Users/lehieu/.gradle/caches/modules-2/files-2.1/org.springframework.boot/spring-boot-starter-actuator/3.4.3/4b36856a017191d8b7948d4b7ffa4009ddf8c64/spring-boot-starter-actuator-3.4.3.jar:/Users/lehieu/.gradle/caches/modules-2/files-2.1/org.springframework.boot/spring-boot-starter-jdbc/3.4.3/87c09bd67ea27fcd30d6413fdbc5bfa1f688e5e8/spring-boot-starter-jdbc-3.4.3.jar:/Users/lehieu/.gradle/caches/modules-2/files-2.1/org.springframework.boot/spring-boot-starter/3.4.3/247fdc05cd6de013c3fd26628fa221dd095b391/spring-boot-starter-3.4.3.jar:/Users/lehieu/.gradle/caches/modules-2/files-2.1/org.hibernate.orm/hibernate-core/6.6.8.Final/2738c642d5e505249faa2f923e03541aa6b96916/hibernate-core-6.6.8.Final.jar:/Users/lehieu/.gradle/caches/modules-2/files-2.1/org.springframework.data/spring-data-jpa/3.4.3/7e4c0e9c14f4d971a9de6aff3c9beece2001480b/spring-data-jpa-3.4.3.jar:/Users/lehieu/.gradle/caches/modules-2/files-2.1/org.springframework/spring-aspects/6.2.3/f90a794dd3f81a1addc0552bc091e3f85b2428de/spring-aspects-6.2.3.jar:/Users/lehieu/.gradle/caches/modules-2/files-2.1/org.springframework.ws/spring-ws-core/4.0.11/15ca5af2d749b165951f888b5d475
Launcher Type: SUN_STANDARD

[Global flags]
     intx CICompilerCount                          = 4                                         {product} {ergonomic}
     uint ConcGCThreads                            = 2                                         {product} {ergonomic}
     bool FlightRecorder                           = true                                      {product} {management}
     uint G1ConcRefinementThreads                  = 8                                         {product} {ergonomic}
   size_t G1HeapRegionSize                         = 1048576                                   {product} {ergonomic}
    uintx GCDrainStackTargetSize                   = 64                                        {product} {ergonomic}
   size_t InitialHeapSize                          = 134217728                                 {product} {ergonomic}
     bool ManagementServer                         = true                                      {product} {command line}
   size_t MarkStackSize                            = 4194304                                   {product} {ergonomic}
   size_t MaxHeapSize                              = 2147483648                                {product} {ergonomic}
   size_t MaxNewSize                               = 1287651328                                {product} {ergonomic}
   size_t MinHeapDeltaBytes                        = 1048576                                   {product} {ergonomic}
   size_t MinHeapSize                              = 8388608                                   {product} {ergonomic}
    uintx NonProfiledCodeHeapSize                  = 0                                      {pd product} {ergonomic}
     bool ProfileInterpreter                       = false                                  {pd product} {command line}
    uintx ProfiledCodeHeapSize                     = 0                                      {pd product} {ergonomic}
   size_t SoftMaxHeapSize                          = 2147483648                             {manageable} {ergonomic}
     intx TieredStopAtLevel                        = 1                                         {product} {command line}
     bool UseCompressedClassPointers               = true                           {product lp64_product} {ergonomic}
     bool UseCompressedOops                        = true                           {product lp64_product} {ergonomic}
     bool UseG1GC                                  = true                                      {product} {ergonomic}
     bool UseNUMA                                  = false                                     {product} {ergonomic}
     bool UseNUMAInterleaving                      = false                                     {product} {ergonomic}

Logging:
Log output configuration:
 #0: stdout all=warning,jni+resolve=error uptime,level,tags (reconfigured)
 #1: stderr all=off uptime,level,tags

Environment Variables:
JAVA_HOME=/Library/Java/JavaVirtualMachines/jdk-18.0.2.1.jdk/Contents/Home
PATH=/Users/lehieu/.nvm/versions/node/v20.9.0/bin:/Library/Java/JavaVirtualMachines/jdk-18.0.2.1.jdk/Contents/Home/bin:/opt/homebrew/bin:/opt/homebrew/sbin:/usr/local/bin:/System/Cryptexes/App/usr/bin:/usr/bin:/bin:/usr/sbin:/sbin:/Applications/VMware Fusion.app/Contents/Public:/Library/Apple/usr/bin
SHELL=/bin/zsh
LC_CTYPE=en_US.UTF-8

Signal Handlers:
   SIGSEGV: crash_handler in libjvm.dylib, mask=11100110000111110111111111111111, flags=SA_RESTART|SA_SIGINFO
    SIGBUS: crash_handler in libjvm.dylib, mask=11100110000111110111111111111111, flags=SA_RESTART|SA_SIGINFO
    SIGFPE: crash_handler in libjvm.dylib, mask=11100110000111110111111111111111, flags=SA_RESTART|SA_SIGINFO
   SIGPIPE: javaSignalHandler in libjvm.dylib, mask=11100110000111110111111111111111, flags=SA_RESTART|SA_SIGINFO
   SIGXFSZ: javaSignalHandler in libjvm.dylib, mask=11100110000111110111111111111111, flags=SA_RESTART|SA_SIGINFO
    SIGILL: crash_handler in libjvm.dylib, mask=11100110000111110111111111111111, flags=SA_RESTART|SA_SIGINFO
   SIGUSR2: SR_handler in libjvm.dylib, mask=00100000000000000000000000000000, flags=SA_RESTART|SA_SIGINFO
    SIGHUP: UserHandler in libjvm.dylib, mask=11100110000111110111111111111111, flags=SA_RESTART|SA_SIGINFO
    SIGINT: UserHandler in libjvm.dylib, mask=11100110000111110111111111111111, flags=SA_RESTART|SA_SIGINFO
   SIGTERM: UserHandler in libjvm.dylib, mask=11100110000111110111111111111111, flags=SA_RESTART|SA_SIGINFO
   SIGQUIT: UserHandler in libjvm.dylib, mask=11100110000111110111111111111111, flags=SA_RESTART|SA_SIGINFO
   SIGTRAP: crash_handler in libjvm.dylib, mask=11100110000111110111111111111111, flags=SA_RESTART|SA_SIGINFO


---------------  S Y S T E M  ---------------

OS:
uname: Darwin 22.1.0 Darwin Kernel Version 22.1.0: Sun Oct  9 20:14:30 PDT 2022; root:xnu-8792.41.9~2/RELEASE_ARM64_T8103 arm64
OS uptime: 19 days 5:44 hours
rlimit (soft/hard): STACK 8176k/65520k , CORE 0k/infinity , NPROC 1333/2000 , NOFILE 10240/infinity , AS infinity/infinity , CPU infinity/infinity , DATA infinity/infinity , FSIZE infinity/infinity , MEMLOCK infinity/infinity , RSS infinity/infinity
load average: 2.12 2.66 3.07

CPU: total 8 (initial active 8) 0x61:0x0:0x1b588bb3:0, fp, simd, crc, lse

Memory: 16k page, physical 8388608k(162992k free), swap 6291456k(487744k free)

vm_info: Java HotSpot(TM) 64-Bit Server VM (17.0.7+8-LTS-224) for bsd-aarch64 JRE (17.0.7+8-LTS-224), built on Feb 28 2023 22:59:37 by "mach5one" with clang Apple LLVM 12.0.0 (clang-1200.0.32.29)

END.
