#
# A fatal error has been detected by the Java Runtime Environment:
#
#  SIGBUS (0xa) at pc=0x00000001200014e4, pid=28127, tid=4611
#
# JRE version: Java(TM) SE Runtime Environment (17.0.7+8) (build 17.0.7+8-LTS-224)
# Java VM: Java HotSpot(TM) 64-Bit Server VM (17.0.7+8-LTS-224, mixed mode, emulated-client, sharing, tiered, compressed oops, compressed class ptrs, g1 gc, bsd-aarch64)
# Problematic frame:
# v  ~StubRoutines::SafeFetch32
#
# No core dump will be written. Core dumps have been disabled. To enable core dumping, try "ulimit -c unlimited" before starting Java again
#
# JFR recording file will be written. Location: /Users/lehieu/Desktop/RatingService/hs_err_pid28127.jfr
#
# If you would like to submit a bug report, please visit:
#   https://bugreport.java.com/bugreport/crash.jsp
# The crash happened outside the Java Virtual Machine in native code.
# See problematic frame for where to report the bug.
#

---------------  S U M M A R Y ------------

Command Line: -XX:TieredStopAtLevel=1 -Dspring.output.ansi.enabled=always -Dcom.sun.management.jmxremote -Dspring.jmx.enabled=true -Dspring.liveBeansView.mbeanDomain -Dspring.application.admin.enabled=true -Dmanagement.endpoints.jmx.exposure.include=* -javaagent:/Applications/IntelliJ IDEA.app/Contents/lib/idea_rt.jar=52389:/Applications/IntelliJ IDEA.app/Contents/bin -agentpath:/private/var/folders/kp/bydpksq57llfm3j9wjqp2t4c0000gn/T/libasyncProfiler.so=start,jfr,event=cpu,interval=10ms,jfrsync=profile,cstack=no,file=/Users/lehieu/IdeaSnapshots/RatingServiceApplication_2025_03_02_192506.jfr,log=/private/var/folders/kp/bydpksq57llfm3j9wjqp2t4c0000gn/T/RatingServiceApplication_2025_03_02_192506.jfr.log.txt,logLevel=DEBUG -Dfile.encoding=UTF-8 com.example.ratingservice.RatingServiceApplication

Host: "MacBookAir10,1" arm64 1 MHz, 8 cores, 8G, Darwin 22.1.0, macOS 13.0 (22A380)
Time: Sun Mar  2 19:25:08 2025 +07 elapsed time: 1.600423 seconds (0d 0h 0m 1s)

---------------  T H R E A D  ---------------

Current thread (0x0000000137889600):  JavaThread "main" [_thread_in_native, id=4611, stack(0x000000016d0b4000,0x000000016d2b7000)]

Stack: [0x000000016d0b4000,0x000000016d2b7000],  sp=0x000000016d2b1400,  free space=2037k
Native frames: (J=compiled Java code, j=interpreted, Vv=VM code, C=native code)
v  ~StubRoutines::SafeFetch32
V  [libjvm.dylib+0x7ae654]  os::is_readable_range(void const*, void const*)+0x2c
V  [libjvm.dylib+0x75eed0]  Method::is_valid_method(Method const*)+0x38
V  [libjvm.dylib+0x3548e4]  forte_fill_call_trace_given_top(JavaThread*, ASGCT_CallTrace*, int, frame)+0x1e0
V  [libjvm.dylib+0x3546f0]  AsyncGetCallTrace+0x1c8
C  [libasyncProfiler.so+0x3ac64]  Profiler::getJavaTraceAsync(void*, ASGCT_CallFrame*, int, StackContext*)+0x15c
C  [libasyncProfiler.so+0x3bd14]  Profiler::recordSampleForThread(int, void*, unsigned long long, int, Event*, int*)+0x1c4
C  [libasyncProfiler.so+0x4a03c]  WallClock::signalHandler(int, __siginfo*, void*)+0xa8
C  [libsystem_platform.dylib+0x42a4]  _sigtramp+0x38
V  [libjvm.dylib+0x4d6d04]  jni_GetStringUTFRegion+0x268
V  [libjvm.dylib+0x4d6d04]  jni_GetStringUTFRegion+0x268
C  [libjava.dylib+0x4314]  Java_java_lang_ClassLoader_findBootstrapClass+0xa0
j  java.lang.ClassLoader.findBootstrapClass(Ljava/lang/String;)Ljava/lang/Class;+0 java.base@17.0.7
j  java.lang.ClassLoader.findBootstrapClassOrNull(Ljava/lang/String;)Ljava/lang/Class;+10 java.base@17.0.7
j  java.lang.System$2.findBootstrapClassOrNull(Ljava/lang/String;)Ljava/lang/Class;+1 java.base@17.0.7
j  jdk.internal.loader.ClassLoaders$BootClassLoader.loadClassOrNull(Ljava/lang/String;Z)Ljava/lang/Class;+4 java.base@17.0.7
j  jdk.internal.loader.BuiltinClassLoader.loadClassOrNull(Ljava/lang/String;)Ljava/lang/Class;+3 java.base@17.0.7
j  jdk.internal.loader.BuiltinClassLoader.loadClassOrNull(Ljava/lang/String;Z)Ljava/lang/Class;+86 java.base@17.0.7
j  jdk.internal.loader.BuiltinClassLoader.loadClassOrNull(Ljava/lang/String;)Ljava/lang/Class;+3 java.base@17.0.7
j  jdk.internal.loader.BuiltinClassLoader.loadClassOrNull(Ljava/lang/String;Z)Ljava/lang/Class;+86 java.base@17.0.7
j  jdk.internal.loader.BuiltinClassLoader.loadClass(Ljava/lang/String;Z)Ljava/lang/Class;+3 java.base@17.0.7
j  jdk.internal.loader.ClassLoaders$AppClassLoader.loadClass(Ljava/lang/String;Z)Ljava/lang/Class;+36 java.base@17.0.7
j  java.lang.ClassLoader.loadClass(Ljava/lang/String;)Ljava/lang/Class;+3 java.base@17.0.7
v  ~StubRoutines::call_stub
V  [libjvm.dylib+0x464a38]  JavaCalls::call_helper(JavaValue*, methodHandle const&, JavaCallArguments*, JavaThread*)+0x38c
V  [libjvm.dylib+0x463a54]  JavaCalls::call_virtual(JavaValue*, Klass*, Symbol*, Symbol*, JavaCallArguments*, JavaThread*)+0x11c
V  [libjvm.dylib+0x463bb0]  JavaCalls::call_virtual(JavaValue*, Handle, Klass*, Symbol*, Symbol*, Handle, JavaThread*)+0x68
V  [libjvm.dylib+0x8e3bac]  SystemDictionary::load_instance_class_impl(Symbol*, Handle, JavaThread*)+0xf8
V  [libjvm.dylib+0x8e2670]  SystemDictionary::load_instance_class(unsigned int, Symbol*, Handle, JavaThread*)+0x30
V  [libjvm.dylib+0x8e1d7c]  SystemDictionary::resolve_instance_class_or_null(Symbol*, Handle, Handle, JavaThread*)+0x4dc
V  [libjvm.dylib+0x8e1368]  SystemDictionary::resolve_or_fail(Symbol*, Handle, Handle, bool, JavaThread*)+0x80
V  [libjvm.dylib+0x962954]  VerificationType::resolve_and_check_assignability(InstanceKlass*, Symbol*, Symbol*, bool, bool, bool, JavaThread*)+0x170
V  [libjvm.dylib+0x96f154]  ClassVerifier::verify_invoke_instructions(RawBytecodeStream*, unsigned int, StackMapFrame*, bool, bool*, VerificationType, constantPoolHandle const&, StackMapTable*, JavaThread*)+0x5c4
V  [libjvm.dylib+0x965e1c]  ClassVerifier::verify_method(methodHandle const&, JavaThread*)+0x7e8
V  [libjvm.dylib+0x963da4]  ClassVerifier::verify_class(JavaThread*)+0x114
V  [libjvm.dylib+0x9637dc]  Verifier::verify(InstanceKlass*, bool, JavaThread*)+0x318
V  [libjvm.dylib+0x44421c]  InstanceKlass::link_class_impl(JavaThread*)+0x2d0
V  [libjvm.dylib+0x444514]  InstanceKlass::initialize_impl(JavaThread*)+0x58
V  [libjvm.dylib+0x67c41c]  LinkResolver::resolve_static_call(CallInfo&, LinkInfo const&, bool, JavaThread*)+0x78
V  [libjvm.dylib+0x67e354]  LinkResolver::resolve_invoke(CallInfo&, Handle, constantPoolHandle const&, int, Bytecodes::Code, JavaThread*)+0xac
V  [libjvm.dylib+0x45e028]  InterpreterRuntime::resolve_invoke(JavaThread*, Bytecodes::Code)+0x29c
V  [libjvm.dylib+0x45e608]  InterpreterRuntime::resolve_from_cache(JavaThread*, Bytecodes::Code)+0x98
j  com.example.ratingservice.RatingServiceApplication.main([Ljava/lang/String;)V+3
v  ~StubRoutines::call_stub
V  [libjvm.dylib+0x464a38]  JavaCalls::call_helper(JavaValue*, methodHandle const&, JavaCallArguments*, JavaThread*)+0x38c
V  [libjvm.dylib+0x4c60bc]  jni_invoke_static(JNIEnv_*, JavaValue*, _jobject*, JNICallType, _jmethodID*, JNI_ArgumentPusher*, JavaThread*)+0x12c
V  [libjvm.dylib+0x4c9510]  jni_CallStaticVoidMethod+0x118
C  [libjli.dylib+0x7710]  JavaMain+0x9d4
C  [libjli.dylib+0x9a80]  ThreadJavaMain+0xc
C  [libsystem_pthread.dylib+0x706c]  _pthread_start+0x94

Java frames: (J=compiled Java code, j=interpreted, Vv=VM code)
j  java.lang.ClassLoader.findBootstrapClass(Ljava/lang/String;)Ljava/lang/Class;+0 java.base@17.0.7
j  java.lang.ClassLoader.findBootstrapClassOrNull(Ljava/lang/String;)Ljava/lang/Class;+10 java.base@17.0.7
j  java.lang.System$2.findBootstrapClassOrNull(Ljava/lang/String;)Ljava/lang/Class;+1 java.base@17.0.7
j  jdk.internal.loader.ClassLoaders$BootClassLoader.loadClassOrNull(Ljava/lang/String;Z)Ljava/lang/Class;+4 java.base@17.0.7
j  jdk.internal.loader.BuiltinClassLoader.loadClassOrNull(Ljava/lang/String;)Ljava/lang/Class;+3 java.base@17.0.7
j  jdk.internal.loader.BuiltinClassLoader.loadClassOrNull(Ljava/lang/String;Z)Ljava/lang/Class;+86 java.base@17.0.7
j  jdk.internal.loader.BuiltinClassLoader.loadClassOrNull(Ljava/lang/String;)Ljava/lang/Class;+3 java.base@17.0.7
j  jdk.internal.loader.BuiltinClassLoader.loadClassOrNull(Ljava/lang/String;Z)Ljava/lang/Class;+86 java.base@17.0.7
j  jdk.internal.loader.BuiltinClassLoader.loadClass(Ljava/lang/String;Z)Ljava/lang/Class;+3 java.base@17.0.7
j  jdk.internal.loader.ClassLoaders$AppClassLoader.loadClass(Ljava/lang/String;Z)Ljava/lang/Class;+36 java.base@17.0.7
j  java.lang.ClassLoader.loadClass(Ljava/lang/String;)Ljava/lang/Class;+3 java.base@17.0.7
v  ~StubRoutines::call_stub
j  com.example.ratingservice.RatingServiceApplication.main([Ljava/lang/String;)V+3
v  ~StubRoutines::call_stub

siginfo: si_signo: 10 (SIGBUS), si_code: 1 (BUS_ADRALN), si_addr: 0x00000001200014e4

Register to memory mapping:

 x0=0x0000000800011000 is pointing into metadata
 x1=0x00000000cafebabe is an unknown value
 x2=0x0 is NULL
 x3=0x0 is NULL
 x4=0x000000016d2b2260 is pointing into the stack for thread: 0x0000000137889600
 x5=0x000000016d2b2260 is pointing into the stack for thread: 0x0000000137889600
 x6=0x0000000000000074 is an unknown value
 x7=0x0000000787b31f50 is an oop: [B 
{0x0000000787b31f50} - klass: {type array byte}
 - length: 44
 x8=0x00000001200014e0 is at begin+0 in a stub
StubRoutines::SafeFetch32 [0x00000001200014e0, 0x00000001200014ec] (12 bytes)
 x9=0x0000000000000450 is an unknown value
x10=0x0000000120005600 is pointing into interpreter code (not bytecode specific)
x11=0x00000000000000ab is an unknown value
x12=0x00000000000000ab is an unknown value
x13=0x0 is NULL
x14=0x0 is NULL
x15=0x0000000000000001 is an unknown value
x16=0x0000000187f58e9c: pthread_getspecific+0 in /usr/lib/system/libsystem_pthread.dylib at 0x0000000187f57000
x17=0x00006000033e7870 points into unknown readable memory: 0xfffffffffffffffe | fe ff ff ff ff ff ff ff
x18=0x0 is NULL
x19=0x0000000800011000 is pointing into metadata
x20=0x0000000137889600 is a thread
x21=0x0000000000000001 is an unknown value
x22={method} {0x00000008000112a8} 'findBootstrapClass' '(Ljava/lang/String;)Ljava/lang/Class;' in 'java/lang/ClassLoader'
x23=0x000000010498c798: _ZN12StubRoutines18_safefetch32_entryE+0 in /Library/Java/JavaVirtualMachines/jdk-17.jdk/Contents/Home/lib/server/libjvm.dylib at 0x0000000103de4000
x24=0x00000000cafebabe is an unknown value
x25=0x00000001378898a8 points into unknown readable memory: 0x00000001049527d0 | d0 27 95 04 01 00 00 00
x26=0x000000016d2b1fe0 is pointing into the stack for thread: 0x0000000137889600
x27=0x0000000110014390 points into unknown readable memory: 0x0000000000000127 | 27 01 00 00 00 00 00 00
x28=0x0000000187f5eda4: pthread_jit_write_protect_np+0x50 in /usr/lib/system/libsystem_pthread.dylib at 0x0000000187f57000


Registers:
 x0=0x0000000800011000  x1=0x00000000cafebabe  x2=0x0000000000000000  x3=0x0000000000000000
 x4=0x000000016d2b2260  x5=0x000000016d2b2260  x6=0x0000000000000074  x7=0x0000000787b31f50
 x8=0x00000001200014e0  x9=0x0000000000000450 x10=0x0000000120005600 x11=0x00000000000000ab
x12=0x00000000000000ab x13=0x0000000000000000 x14=0x0000000000000000 x15=0x0000000000000001
x16=0x0000000187f58e9c x17=0x00006000033e7870 x18=0x0000000000000000 x19=0x0000000800011000
x20=0x0000000137889600 x21=0x0000000000000001 x22=0x00000008000112a8 x23=0x000000010498c798
x24=0x00000000cafebabe x25=0x00000001378898a8 x26=0x000000016d2b1fe0 x27=0x0000000110014390
x28=0x0000000187f5eda4  fp=0x000000016d2b1430  lr=0x0000000104592054  sp=0x000000016d2b1400
pc=0x00000001200014e4 cpsr=0x0000000060001000
Top of Stack: (sp=0x000000016d2b1400)
0x000000016d2b1400:   0000000137889600 00000000000007ff
0x000000016d2b1410:   00000008000112a8 0000000137889600
0x000000016d2b1420:   0000000800011000 0000000800011300
0x000000016d2b1430:   000000016d2b1450 0000000104592654
0x000000016d2b1440:   0000000000000800 00000008000112a8
0x000000016d2b1450:   000000016d2b1470 0000000104542ed0
0x000000016d2b1460:   0000000000000800 000000016d2b21c0
0x000000016d2b1470:   000000016d2b20e0 00000001041388e4
0x000000016d2b1480:   0000000000000000 00000008000866b0
0x000000016d2b1490:   0000000000000000 000000016d2b1490
0x000000016d2b14a0:   000000016d2b1520 0000000120005c60
0x000000016d2b14b0:   0000000787b31a78 0000000000000000
0x000000016d2b14c0:   0000000787b2f318 0000000786808590
0x000000016d2b14d0:   000000010f031d68 0000004000000022
0x000000016d2b14e0:   00000001383fc5b0 0000000000000000
0x000000016d2b14f0:   0000000000000000 00000001383fbed0
0x000000016d2b1500:   0000000000000000 0000000000000000
0x000000016d2b1510:   0000000000000000 0000000000000000
0x000000016d2b1520:   0000000000000000 0000000000000000
0x000000016d2b1530:   0000000000000000 00000001383fbc60
0x000000016d2b1540:   0000000000000000 0000000000000000
0x000000016d2b1550:   0000000000000000 0000000000000000
0x000000016d2b1560:   0000000000000000 0000000000000000
0x000000016d2b1570:   0000000000000000 00000001383fc2d0
0x000000016d2b1580:   0000000000000000 0000000000000000
0x000000016d2b1590:   0000000000000000 0000000000000000
0x000000016d2b15a0:   0000000000000000 0000000000000000
0x000000016d2b15b0:   0000000000000000 0000000000000000
0x000000016d2b15c0:   0000000000000000 0000000000000000
0x000000016d2b15d0:   0000000000000000 0000000000000000
0x000000016d2b15e0:   0000000000000000 0000000000000000
0x000000016d2b15f0:   00000001383fbd70 00000001383fbbc0 

Instructions: (pc=0x00000001200014e4)
0x00000001200013e4:   1e614000 1400003a d2842809 f2a092c9
0x00000001200013f4:   f2c00029 6d425935 1e640886 0c402d31
0x0000000120001404:   1e6408c7 1f5654d0 1e6c1017 1f5050d0
0x0000000120001414:   1f504cd0 1f5048d0 1e650af6 1f50d8f6
0x0000000120001424:   1f5694d6 1f5158f6 1e762880 36000501
0x0000000120001434:   1e614000 14000026 2e251ca5 d2843009
0x0000000120001444:   f2a092c9 f2c00029 6d425d36 1e600806
0x0000000120001454:   0c402d32 1f5758c7 1e6c101a 1f4754c7
0x0000000120001464:   1e650805 1f4750c7 d2866668 f2a7fa68
0x0000000120001474:   1f474cc7 1e6608c0 1f4748c7 1e6e1019
0x0000000120001484:   eb08007f 540000ac 1f479400 1f460340
0x0000000120001494:   1e603b20 1400000e d2a7fd29 eb09007f
0x00000001200014a4:   540000ac 51480069 d3607d29 9e670121
0x00000001200014b4:   14000002 1e6a5001 1f679417 1f668742
0x00000001200014c4:   1e613b23 1e773857 1e773860 a8c17ff3
0x00000001200014d4:   910003bf a8c17bfd d65f03c0 b9400001
0x00000001200014e4:   aa0103e0 d65f03c0 f9400001 aa0103e0
0x00000001200014f4:   d65f03c0 00000000 00000000 00000000
0x0000000120001504:   00000000 00000000 00000000 00000000
0x0000000120001514:   00000000 00000000 00000000 00000000
0x0000000120001524:   00000000 00000000 00000000 00000000
0x0000000120001534:   00000000 00000000 00000000 00000000
0x0000000120001544:   00000000 00000000 00000000 00000000
0x0000000120001554:   00000000 00000000 00000000 00000000
0x0000000120001564:   00000000 00000000 00000000 00000000
0x0000000120001574:   00000000 00000000 00000000 00000000
0x0000000120001584:   00000000 00000000 00000000 00000000
0x0000000120001594:   00000000 00000000 00000000 00000000
0x00000001200015a4:   00000000 00000000 00000000 00000000
0x00000001200015b4:   00000000 00000000 00000000 00000000
0x00000001200015c4:   00000000 00000000 00000000 00000000
0x00000001200015d4:   00000000 00000000 00000000 00000000 


Stack slot to memory mapping:
stack at sp + 0 slots: 0x0000000137889600 is a thread
stack at sp + 1 slots: 0x00000000000007ff is an unknown value
stack at sp + 2 slots: {method} {0x00000008000112a8} 'findBootstrapClass' '(Ljava/lang/String;)Ljava/lang/Class;' in 'java/lang/ClassLoader'
stack at sp + 3 slots: 0x0000000137889600 is a thread
stack at sp + 4 slots: 0x0000000800011000 is pointing into metadata
stack at sp + 5 slots: 0x0000000800011300 is pointing into metadata
stack at sp + 6 slots: 0x000000016d2b1450 is pointing into the stack for thread: 0x0000000137889600
stack at sp + 7 slots: 0x0000000104592654: _ZN2os17is_readable_rangeEPKvS1_+0x2c in /Library/Java/JavaVirtualMachines/jdk-17.jdk/Contents/Home/lib/server/libjvm.dylib at 0x0000000103de4000

StubRoutines::SafeFetch32 [0x00000001200014e0, 0x00000001200014ec] (12 bytes)
[MachCode]
  0x00000001200014e0: 0100 40b9 | e003 01aa | c003 5fd6 
[/MachCode]

---------------  P R O C E S S  ---------------

Threads class SMR info:
_java_thread_list=0x00006000011af9a0, length=16, elements={
0x0000000137889600, 0x00000001383e4000, 0x00000001383e6800, 0x0000000139010000,
0x00000001383eb200, 0x00000001383eb800, 0x000000013788d800, 0x00000001383ebe00,
0x00000001383ec400, 0x00000001383eca00, 0x00000001386d6400, 0x0000000139816a00,
0x00000001379b1800, 0x00000001379bc800, 0x00000001379bce00, 0x00000001379cb600
}

Java Threads: ( => current thread )
=>0x0000000137889600 JavaThread "main" [_thread_in_native, id=4611, stack(0x000000016d0b4000,0x000000016d2b7000)]
  0x00000001383e4000 JavaThread "Reference Handler" daemon [_thread_blocked, id=20483, stack(0x000000016df08000,0x000000016e10b000)]
  0x00000001383e6800 JavaThread "Finalizer" daemon [_thread_blocked, id=19459, stack(0x000000016e114000,0x000000016e317000)]
  0x0000000139010000 JavaThread "Signal Dispatcher" daemon [_thread_blocked, id=23299, stack(0x000000016e438000,0x000000016e63b000)]
  0x00000001383eb200 JavaThread "Service Thread" daemon [_thread_blocked, id=31235, stack(0x000000016e644000,0x000000016e847000)]
  0x00000001383eb800 JavaThread "Monitor Deflation Thread" daemon [_thread_blocked, id=23555, stack(0x000000016e850000,0x000000016ea53000)]
  0x000000013788d800 JavaThread "C1 CompilerThread0" daemon [_thread_blocked, id=24067, stack(0x000000016ea5c000,0x000000016ec5f000)]
  0x00000001383ebe00 JavaThread "Sweeper thread" daemon [_thread_blocked, id=24579, stack(0x000000016ec68000,0x000000016ee6b000)]
  0x00000001383ec400 JavaThread "Common-Cleaner" daemon [_thread_blocked, id=30723, stack(0x000000016ee74000,0x000000016f077000)]
  0x00000001383eca00 JavaThread "Attach Listener" daemon [_thread_blocked, id=30211, stack(0x000000016f080000,0x000000016f283000)]
  0x00000001386d6400 JavaThread "Monitor Ctrl-Break" daemon [_thread_in_native, id=25347, stack(0x000000016f28c000,0x000000016f48f000)]
  0x0000000139816a00 JavaThread "JFR Recorder Thread" daemon [_thread_blocked, id=25859, stack(0x000000016f498000,0x000000016f69b000)]
  0x00000001379b1800 JavaThread "JFR Periodic Tasks" daemon [_thread_blocked, id=29955, stack(0x000000016f6a4000,0x000000016f8a7000)]
  0x00000001379bc800 JavaThread "Async-profiler Timer" daemon [_thread_in_native, id=28163, stack(0x000000017016c000,0x000000017036f000)]
  0x00000001379bce00 JavaThread "Notification Thread" daemon [_thread_blocked, id=43267, stack(0x0000000170378000,0x000000017057b000)]
  0x00000001379cb600 JavaThread "RMI TCP Accept-0" daemon [_thread_in_native, id=33027, stack(0x0000000170584000,0x0000000170787000)]

Other Threads:
  0x00000001376c75f0 VMThread "VM Thread" [stack: 0x000000016dcfc000,0x000000016deff000] [id=18691]
  0x000000010f414d90 WatcherThread [stack: 0x0000000170790000,0x0000000170993000] [id=42499]
  0x00000001376c0fe0 GCTaskThread "GC Thread#0" [stack: 0x000000016d2c0000,0x000000016d4c3000] [id=13827]
  0x00000001377d04f0 GCTaskThread "GC Thread#1" [stack: 0x000000016f8b0000,0x000000016fab3000] [id=26371]
  0x00000001377d07a0 GCTaskThread "GC Thread#2" [stack: 0x000000016fabc000,0x000000016fcbf000] [id=29443]
  0x00000001376c1690 ConcurrentGCThread "G1 Main Marker" [stack: 0x000000016d4cc000,0x000000016d6cf000] [id=13571]
  0x00000001376c1f10 ConcurrentGCThread "G1 Conc#0" [stack: 0x000000016d6d8000,0x000000016d8db000] [id=13059]
  0x00000001376c3d80 ConcurrentGCThread "G1 Refine#0" [stack: 0x000000016d8e4000,0x000000016dae7000] [id=21507]
  0x00000001376fbf60 ConcurrentGCThread "G1 Refine#1" [stack: 0x000000016fcc8000,0x000000016fecb000] [id=27395]
  0x000000010c7041c0 ConcurrentGCThread "G1 Refine#2" [stack: 0x000000016fed4000,0x00000001700d7000] [id=28931]
  0x00000001376c4620 ConcurrentGCThread "G1 Service" [stack: 0x000000016daf0000,0x000000016dcf3000] [id=16899]

Threads with active compile tasks:

VM state: not at safepoint (normal execution)

VM Mutex/Monitor currently owned by a thread: None

Heap address: 0x0000000780000000, size: 2048 MB, Compressed Oops mode: Zero based, Oop shift amount: 3

CDS archive(s) mapped at: [0x0000000800000000-0x0000000800bd8000-0x0000000800bd8000), size 12419072, SharedBaseAddress: 0x0000000800000000, ArchiveRelocationMode: 0.
Compressed class space mapped at: 0x0000000800c00000-0x0000000840c00000, reserved size: 1073741824
Narrow klass base: 0x0000000800000000, Narrow klass shift: 0, Narrow klass range: 0x100000000

GC Precious Log:
 CPUs: 8 total, 8 available
 Memory: 8192M
 Large Page Support: Disabled
 NUMA Support: Disabled
 Compressed Oops: Enabled (Zero based)
 Heap Region Size: 1M
 Heap Min Capacity: 8M
 Heap Initial Capacity: 128M
 Heap Max Capacity: 2G
 Pre-touch: Disabled
 Parallel Workers: 8
 Concurrent Workers: 2
 Concurrent Refinement Workers: 8
 Periodic GC: Disabled

Heap:
 garbage-first heap   total 133120K, used 12871K [0x0000000780000000, 0x0000000800000000)
  region size 1024K, 8 young (8192K), 3 survivors (3072K)
 Metaspace       used 6442K, committed 6656K, reserved 1056768K
  class space    used 789K, committed 896K, reserved 1048576K

Heap Regions: E=young(eden), S=young(survivor), O=old, HS=humongous(starts), HC=humongous(continues), CS=collection set, F=free, OA=open archive, CA=closed archive, TAMS=top-at-mark-start (previous, next)
|   0|0x0000000780000000, 0x0000000780100000, 0x0000000780100000|100%|HS|  |TAMS 0x0000000780000000, 0x0000000780000000| Complete 
|   1|0x0000000780100000, 0x0000000780200000, 0x0000000780200000|100%|HS|  |TAMS 0x0000000780100000, 0x0000000780100000| Complete 
|   2|0x0000000780200000, 0x0000000780300000, 0x0000000780300000|100%| O|  |TAMS 0x0000000780200000, 0x0000000780200000| Untracked 
|   3|0x0000000780300000, 0x0000000780400000, 0x0000000780400000|100%| O|  |TAMS 0x0000000780300000, 0x0000000780300000| Untracked 
|   4|0x0000000780400000, 0x0000000780499c00, 0x0000000780500000| 60%| O|  |TAMS 0x0000000780400000, 0x0000000780400000| Untracked 
|   5|0x0000000780500000, 0x0000000780500000, 0x0000000780600000|  0%| F|  |TAMS 0x0000000780500000, 0x0000000780500000| Untracked 
|   6|0x0000000780600000, 0x0000000780600000, 0x0000000780700000|  0%| F|  |TAMS 0x0000000780600000, 0x0000000780600000| Untracked 
|   7|0x0000000780700000, 0x0000000780700000, 0x0000000780800000|  0%| F|  |TAMS 0x0000000780700000, 0x0000000780700000| Untracked 
|   8|0x0000000780800000, 0x0000000780800000, 0x0000000780900000|  0%| F|  |TAMS 0x0000000780800000, 0x0000000780800000| Untracked 
|   9|0x0000000780900000, 0x0000000780900000, 0x0000000780a00000|  0%| F|  |TAMS 0x0000000780900000, 0x0000000780900000| Untracked 
|  10|0x0000000780a00000, 0x0000000780a00000, 0x0000000780b00000|  0%| F|  |TAMS 0x0000000780a00000, 0x0000000780a00000| Untracked 
|  11|0x0000000780b00000, 0x0000000780b00000, 0x0000000780c00000|  0%| F|  |TAMS 0x0000000780b00000, 0x0000000780b00000| Untracked 
|  12|0x0000000780c00000, 0x0000000780c00000, 0x0000000780d00000|  0%| F|  |TAMS 0x0000000780c00000, 0x0000000780c00000| Untracked 
|  13|0x0000000780d00000, 0x0000000780d00000, 0x0000000780e00000|  0%| F|  |TAMS 0x0000000780d00000, 0x0000000780d00000| Untracked 
|  14|0x0000000780e00000, 0x0000000780e00000, 0x0000000780f00000|  0%| F|  |TAMS 0x0000000780e00000, 0x0000000780e00000| Untracked 
|  15|0x0000000780f00000, 0x0000000780f00000, 0x0000000781000000|  0%| F|  |TAMS 0x0000000780f00000, 0x0000000780f00000| Untracked 
|  16|0x0000000781000000, 0x0000000781000000, 0x0000000781100000|  0%| F|  |TAMS 0x0000000781000000, 0x0000000781000000| Untracked 
|  17|0x0000000781100000, 0x0000000781100000, 0x0000000781200000|  0%| F|  |TAMS 0x0000000781100000, 0x0000000781100000| Untracked 
|  18|0x0000000781200000, 0x0000000781200000, 0x0000000781300000|  0%| F|  |TAMS 0x0000000781200000, 0x0000000781200000| Untracked 
|  19|0x0000000781300000, 0x0000000781300000, 0x0000000781400000|  0%| F|  |TAMS 0x0000000781300000, 0x0000000781300000| Untracked 
|  20|0x0000000781400000, 0x0000000781400000, 0x0000000781500000|  0%| F|  |TAMS 0x0000000781400000, 0x0000000781400000| Untracked 
|  21|0x0000000781500000, 0x0000000781500000, 0x0000000781600000|  0%| F|  |TAMS 0x0000000781500000, 0x0000000781500000| Untracked 
|  22|0x0000000781600000, 0x0000000781600000, 0x0000000781700000|  0%| F|  |TAMS 0x0000000781600000, 0x0000000781600000| Untracked 
|  23|0x0000000781700000, 0x0000000781700000, 0x0000000781800000|  0%| F|  |TAMS 0x0000000781700000, 0x0000000781700000| Untracked 
|  24|0x0000000781800000, 0x0000000781800000, 0x0000000781900000|  0%| F|  |TAMS 0x0000000781800000, 0x0000000781800000| Untracked 
|  25|0x0000000781900000, 0x0000000781900000, 0x0000000781a00000|  0%| F|  |TAMS 0x0000000781900000, 0x0000000781900000| Untracked 
|  26|0x0000000781a00000, 0x0000000781a00000, 0x0000000781b00000|  0%| F|  |TAMS 0x0000000781a00000, 0x0000000781a00000| Untracked 
|  27|0x0000000781b00000, 0x0000000781b00000, 0x0000000781c00000|  0%| F|  |TAMS 0x0000000781b00000, 0x0000000781b00000| Untracked 
|  28|0x0000000781c00000, 0x0000000781c00000, 0x0000000781d00000|  0%| F|  |TAMS 0x0000000781c00000, 0x0000000781c00000| Untracked 
|  29|0x0000000781d00000, 0x0000000781d00000, 0x0000000781e00000|  0%| F|  |TAMS 0x0000000781d00000, 0x0000000781d00000| Untracked 
|  30|0x0000000781e00000, 0x0000000781e00000, 0x0000000781f00000|  0%| F|  |TAMS 0x0000000781e00000, 0x0000000781e00000| Untracked 
|  31|0x0000000781f00000, 0x0000000781f00000, 0x0000000782000000|  0%| F|  |TAMS 0x0000000781f00000, 0x0000000781f00000| Untracked 
|  32|0x0000000782000000, 0x0000000782000000, 0x0000000782100000|  0%| F|  |TAMS 0x0000000782000000, 0x0000000782000000| Untracked 
|  33|0x0000000782100000, 0x0000000782100000, 0x0000000782200000|  0%| F|  |TAMS 0x0000000782100000, 0x0000000782100000| Untracked 
|  34|0x0000000782200000, 0x0000000782200000, 0x0000000782300000|  0%| F|  |TAMS 0x0000000782200000, 0x0000000782200000| Untracked 
|  35|0x0000000782300000, 0x0000000782300000, 0x0000000782400000|  0%| F|  |TAMS 0x0000000782300000, 0x0000000782300000| Untracked 
|  36|0x0000000782400000, 0x0000000782400000, 0x0000000782500000|  0%| F|  |TAMS 0x0000000782400000, 0x0000000782400000| Untracked 
|  37|0x0000000782500000, 0x0000000782500000, 0x0000000782600000|  0%| F|  |TAMS 0x0000000782500000, 0x0000000782500000| Untracked 
|  38|0x0000000782600000, 0x0000000782600000, 0x0000000782700000|  0%| F|  |TAMS 0x0000000782600000, 0x0000000782600000| Untracked 
|  39|0x0000000782700000, 0x0000000782700000, 0x0000000782800000|  0%| F|  |TAMS 0x0000000782700000, 0x0000000782700000| Untracked 
|  40|0x0000000782800000, 0x0000000782800000, 0x0000000782900000|  0%| F|  |TAMS 0x0000000782800000, 0x0000000782800000| Untracked 
|  41|0x0000000782900000, 0x0000000782900000, 0x0000000782a00000|  0%| F|  |TAMS 0x0000000782900000, 0x0000000782900000| Untracked 
|  42|0x0000000782a00000, 0x0000000782a00000, 0x0000000782b00000|  0%| F|  |TAMS 0x0000000782a00000, 0x0000000782a00000| Untracked 
|  43|0x0000000782b00000, 0x0000000782b00000, 0x0000000782c00000|  0%| F|  |TAMS 0x0000000782b00000, 0x0000000782b00000| Untracked 
|  44|0x0000000782c00000, 0x0000000782c00000, 0x0000000782d00000|  0%| F|  |TAMS 0x0000000782c00000, 0x0000000782c00000| Untracked 
|  45|0x0000000782d00000, 0x0000000782d00000, 0x0000000782e00000|  0%| F|  |TAMS 0x0000000782d00000, 0x0000000782d00000| Untracked 
|  46|0x0000000782e00000, 0x0000000782e00000, 0x0000000782f00000|  0%| F|  |TAMS 0x0000000782e00000, 0x0000000782e00000| Untracked 
|  47|0x0000000782f00000, 0x0000000782f00000, 0x0000000783000000|  0%| F|  |TAMS 0x0000000782f00000, 0x0000000782f00000| Untracked 
|  48|0x0000000783000000, 0x0000000783000000, 0x0000000783100000|  0%| F|  |TAMS 0x0000000783000000, 0x0000000783000000| Untracked 
|  49|0x0000000783100000, 0x0000000783100000, 0x0000000783200000|  0%| F|  |TAMS 0x0000000783100000, 0x0000000783100000| Untracked 
|  50|0x0000000783200000, 0x0000000783200000, 0x0000000783300000|  0%| F|  |TAMS 0x0000000783200000, 0x0000000783200000| Untracked 
|  51|0x0000000783300000, 0x0000000783300000, 0x0000000783400000|  0%| F|  |TAMS 0x0000000783300000, 0x0000000783300000| Untracked 
|  52|0x0000000783400000, 0x0000000783400000, 0x0000000783500000|  0%| F|  |TAMS 0x0000000783400000, 0x0000000783400000| Untracked 
|  53|0x0000000783500000, 0x0000000783500000, 0x0000000783600000|  0%| F|  |TAMS 0x0000000783500000, 0x0000000783500000| Untracked 
|  54|0x0000000783600000, 0x0000000783600000, 0x0000000783700000|  0%| F|  |TAMS 0x0000000783600000, 0x0000000783600000| Untracked 
|  55|0x0000000783700000, 0x0000000783700000, 0x0000000783800000|  0%| F|  |TAMS 0x0000000783700000, 0x0000000783700000| Untracked 
|  56|0x0000000783800000, 0x0000000783800000, 0x0000000783900000|  0%| F|  |TAMS 0x0000000783800000, 0x0000000783800000| Untracked 
|  57|0x0000000783900000, 0x0000000783900000, 0x0000000783a00000|  0%| F|  |TAMS 0x0000000783900000, 0x0000000783900000| Untracked 
|  58|0x0000000783a00000, 0x0000000783a00000, 0x0000000783b00000|  0%| F|  |TAMS 0x0000000783a00000, 0x0000000783a00000| Untracked 
|  59|0x0000000783b00000, 0x0000000783b00000, 0x0000000783c00000|  0%| F|  |TAMS 0x0000000783b00000, 0x0000000783b00000| Untracked 
|  60|0x0000000783c00000, 0x0000000783c00000, 0x0000000783d00000|  0%| F|  |TAMS 0x0000000783c00000, 0x0000000783c00000| Untracked 
|  61|0x0000000783d00000, 0x0000000783d00000, 0x0000000783e00000|  0%| F|  |TAMS 0x0000000783d00000, 0x0000000783d00000| Untracked 
|  62|0x0000000783e00000, 0x0000000783e00000, 0x0000000783f00000|  0%| F|  |TAMS 0x0000000783e00000, 0x0000000783e00000| Untracked 
|  63|0x0000000783f00000, 0x0000000783f00000, 0x0000000784000000|  0%| F|  |TAMS 0x0000000783f00000, 0x0000000783f00000| Untracked 
|  64|0x0000000784000000, 0x0000000784000000, 0x0000000784100000|  0%| F|  |TAMS 0x0000000784000000, 0x0000000784000000| Untracked 
|  65|0x0000000784100000, 0x0000000784100000, 0x0000000784200000|  0%| F|  |TAMS 0x0000000784100000, 0x0000000784100000| Untracked 
|  66|0x0000000784200000, 0x0000000784200000, 0x0000000784300000|  0%| F|  |TAMS 0x0000000784200000, 0x0000000784200000| Untracked 
|  67|0x0000000784300000, 0x0000000784300000, 0x0000000784400000|  0%| F|  |TAMS 0x0000000784300000, 0x0000000784300000| Untracked 
|  68|0x0000000784400000, 0x0000000784400000, 0x0000000784500000|  0%| F|  |TAMS 0x0000000784400000, 0x0000000784400000| Untracked 
|  69|0x0000000784500000, 0x0000000784500000, 0x0000000784600000|  0%| F|  |TAMS 0x0000000784500000, 0x0000000784500000| Untracked 
|  70|0x0000000784600000, 0x0000000784600000, 0x0000000784700000|  0%| F|  |TAMS 0x0000000784600000, 0x0000000784600000| Untracked 
|  71|0x0000000784700000, 0x0000000784700000, 0x0000000784800000|  0%| F|  |TAMS 0x0000000784700000, 0x0000000784700000| Untracked 
|  72|0x0000000784800000, 0x0000000784800000, 0x0000000784900000|  0%| F|  |TAMS 0x0000000784800000, 0x0000000784800000| Untracked 
|  73|0x0000000784900000, 0x0000000784900000, 0x0000000784a00000|  0%| F|  |TAMS 0x0000000784900000, 0x0000000784900000| Untracked 
|  74|0x0000000784a00000, 0x0000000784a00000, 0x0000000784b00000|  0%| F|  |TAMS 0x0000000784a00000, 0x0000000784a00000| Untracked 
|  75|0x0000000784b00000, 0x0000000784b00000, 0x0000000784c00000|  0%| F|  |TAMS 0x0000000784b00000, 0x0000000784b00000| Untracked 
|  76|0x0000000784c00000, 0x0000000784c00000, 0x0000000784d00000|  0%| F|  |TAMS 0x0000000784c00000, 0x0000000784c00000| Untracked 
|  77|0x0000000784d00000, 0x0000000784d00000, 0x0000000784e00000|  0%| F|  |TAMS 0x0000000784d00000, 0x0000000784d00000| Untracked 
|  78|0x0000000784e00000, 0x0000000784e00000, 0x0000000784f00000|  0%| F|  |TAMS 0x0000000784e00000, 0x0000000784e00000| Untracked 
|  79|0x0000000784f00000, 0x0000000784f00000, 0x0000000785000000|  0%| F|  |TAMS 0x0000000784f00000, 0x0000000784f00000| Untracked 
|  80|0x0000000785000000, 0x0000000785000000, 0x0000000785100000|  0%| F|  |TAMS 0x0000000785000000, 0x0000000785000000| Untracked 
|  81|0x0000000785100000, 0x0000000785100000, 0x0000000785200000|  0%| F|  |TAMS 0x0000000785100000, 0x0000000785100000| Untracked 
|  82|0x0000000785200000, 0x0000000785200000, 0x0000000785300000|  0%| F|  |TAMS 0x0000000785200000, 0x0000000785200000| Untracked 
|  83|0x0000000785300000, 0x0000000785300000, 0x0000000785400000|  0%| F|  |TAMS 0x0000000785300000, 0x0000000785300000| Untracked 
|  84|0x0000000785400000, 0x0000000785400000, 0x0000000785500000|  0%| F|  |TAMS 0x0000000785400000, 0x0000000785400000| Untracked 
|  85|0x0000000785500000, 0x0000000785500000, 0x0000000785600000|  0%| F|  |TAMS 0x0000000785500000, 0x0000000785500000| Untracked 
|  86|0x0000000785600000, 0x0000000785600000, 0x0000000785700000|  0%| F|  |TAMS 0x0000000785600000, 0x0000000785600000| Untracked 
|  87|0x0000000785700000, 0x0000000785700000, 0x0000000785800000|  0%| F|  |TAMS 0x0000000785700000, 0x0000000785700000| Untracked 
|  88|0x0000000785800000, 0x0000000785800000, 0x0000000785900000|  0%| F|  |TAMS 0x0000000785800000, 0x0000000785800000| Untracked 
|  89|0x0000000785900000, 0x0000000785900000, 0x0000000785a00000|  0%| F|  |TAMS 0x0000000785900000, 0x0000000785900000| Untracked 
|  90|0x0000000785a00000, 0x0000000785a00000, 0x0000000785b00000|  0%| F|  |TAMS 0x0000000785a00000, 0x0000000785a00000| Untracked 
|  91|0x0000000785b00000, 0x0000000785b00000, 0x0000000785c00000|  0%| F|  |TAMS 0x0000000785b00000, 0x0000000785b00000| Untracked 
|  92|0x0000000785c00000, 0x0000000785c00000, 0x0000000785d00000|  0%| F|  |TAMS 0x0000000785c00000, 0x0000000785c00000| Untracked 
|  93|0x0000000785d00000, 0x0000000785d00000, 0x0000000785e00000|  0%| F|  |TAMS 0x0000000785d00000, 0x0000000785d00000| Untracked 
|  94|0x0000000785e00000, 0x0000000785e00000, 0x0000000785f00000|  0%| F|  |TAMS 0x0000000785e00000, 0x0000000785e00000| Untracked 
|  95|0x0000000785f00000, 0x0000000785f00000, 0x0000000786000000|  0%| F|  |TAMS 0x0000000785f00000, 0x0000000785f00000| Untracked 
|  96|0x0000000786000000, 0x0000000786000000, 0x0000000786100000|  0%| F|  |TAMS 0x0000000786000000, 0x0000000786000000| Untracked 
|  97|0x0000000786100000, 0x0000000786100000, 0x0000000786200000|  0%| F|  |TAMS 0x0000000786100000, 0x0000000786100000| Untracked 
|  98|0x0000000786200000, 0x0000000786200000, 0x0000000786300000|  0%| F|  |TAMS 0x0000000786200000, 0x0000000786200000| Untracked 
|  99|0x0000000786300000, 0x0000000786300000, 0x0000000786400000|  0%| F|  |TAMS 0x0000000786300000, 0x0000000786300000| Untracked 
| 100|0x0000000786400000, 0x0000000786400000, 0x0000000786500000|  0%| F|  |TAMS 0x0000000786400000, 0x0000000786400000| Untracked 
| 101|0x0000000786500000, 0x0000000786500000, 0x0000000786600000|  0%| F|  |TAMS 0x0000000786500000, 0x0000000786500000| Untracked 
| 102|0x0000000786600000, 0x0000000786700000, 0x0000000786700000|100%| S|CS|TAMS 0x0000000786600000, 0x0000000786600000| Complete 
| 103|0x0000000786700000, 0x0000000786800000, 0x0000000786800000|100%| S|CS|TAMS 0x0000000786700000, 0x0000000786700000| Complete 
| 104|0x0000000786800000, 0x0000000786900000, 0x0000000786900000|100%| S|CS|TAMS 0x0000000786800000, 0x0000000786800000| Complete 
| 105|0x0000000786900000, 0x0000000786900000, 0x0000000786a00000|  0%| F|  |TAMS 0x0000000786900000, 0x0000000786900000| Untracked 
| 106|0x0000000786a00000, 0x0000000786a00000, 0x0000000786b00000|  0%| F|  |TAMS 0x0000000786a00000, 0x0000000786a00000| Untracked 
| 107|0x0000000786b00000, 0x0000000786b00000, 0x0000000786c00000|  0%| F|  |TAMS 0x0000000786b00000, 0x0000000786b00000| Untracked 
| 108|0x0000000786c00000, 0x0000000786c00000, 0x0000000786d00000|  0%| F|  |TAMS 0x0000000786c00000, 0x0000000786c00000| Untracked 
| 109|0x0000000786d00000, 0x0000000786d00000, 0x0000000786e00000|  0%| F|  |TAMS 0x0000000786d00000, 0x0000000786d00000| Untracked 
| 110|0x0000000786e00000, 0x0000000786e00000, 0x0000000786f00000|  0%| F|  |TAMS 0x0000000786e00000, 0x0000000786e00000| Untracked 
| 111|0x0000000786f00000, 0x0000000786f00000, 0x0000000787000000|  0%| F|  |TAMS 0x0000000786f00000, 0x0000000786f00000| Untracked 
| 112|0x0000000787000000, 0x0000000787000000, 0x0000000787100000|  0%| F|  |TAMS 0x0000000787000000, 0x0000000787000000| Untracked 
| 113|0x0000000787100000, 0x0000000787100000, 0x0000000787200000|  0%| F|  |TAMS 0x0000000787100000, 0x0000000787100000| Untracked 
| 114|0x0000000787200000, 0x0000000787200000, 0x0000000787300000|  0%| F|  |TAMS 0x0000000787200000, 0x0000000787200000| Untracked 
| 115|0x0000000787300000, 0x0000000787300000, 0x0000000787400000|  0%| F|  |TAMS 0x0000000787300000, 0x0000000787300000| Untracked 
| 116|0x0000000787400000, 0x0000000787400000, 0x0000000787500000|  0%| F|  |TAMS 0x0000000787400000, 0x0000000787400000| Untracked 
| 117|0x0000000787500000, 0x0000000787500000, 0x0000000787600000|  0%| F|  |TAMS 0x0000000787500000, 0x0000000787500000| Untracked 
| 118|0x0000000787600000, 0x0000000787600000, 0x0000000787700000|  0%| F|  |TAMS 0x0000000787600000, 0x0000000787600000| Untracked 
| 119|0x0000000787700000, 0x0000000787700000, 0x0000000787800000|  0%| F|  |TAMS 0x0000000787700000, 0x0000000787700000| Untracked 
| 120|0x0000000787800000, 0x0000000787800000, 0x0000000787900000|  0%| F|  |TAMS 0x0000000787800000, 0x0000000787800000| Untracked 
| 121|0x0000000787900000, 0x0000000787900000, 0x0000000787a00000|  0%| F|  |TAMS 0x0000000787900000, 0x0000000787900000| Untracked 
| 122|0x0000000787a00000, 0x0000000787a00000, 0x0000000787b00000|  0%| F|  |TAMS 0x0000000787a00000, 0x0000000787a00000| Untracked 
| 123|0x0000000787b00000, 0x0000000787ba2af8, 0x0000000787c00000| 63%| E|  |TAMS 0x0000000787b00000, 0x0000000787b00000| Complete 
| 124|0x0000000787c00000, 0x0000000787d00000, 0x0000000787d00000|100%| E|CS|TAMS 0x0000000787c00000, 0x0000000787c00000| Complete 
| 125|0x0000000787d00000, 0x0000000787e00000, 0x0000000787e00000|100%| E|CS|TAMS 0x0000000787d00000, 0x0000000787d00000| Complete 
| 126|0x0000000787e00000, 0x0000000787f00000, 0x0000000787f00000|100%| E|CS|TAMS 0x0000000787e00000, 0x0000000787e00000| Complete 
| 127|0x0000000787f00000, 0x0000000788000000, 0x0000000788000000|100%| E|CS|TAMS 0x0000000787f00000, 0x0000000787f00000| Complete 
|2046|0x00000007ffe00000, 0x00000007ffe78000, 0x00000007fff00000| 46%|OA|  |TAMS 0x00000007ffe00000, 0x00000007ffe00000| Untracked 
|2047|0x00000007fff00000, 0x00000007fff80000, 0x0000000800000000| 50%|CA|  |TAMS 0x00000007fff00000, 0x00000007fff00000| Untracked 

Card table byte_map: [0x000000010e400000,0x000000010e800000] _byte_map_base: 0x000000010a800000

Marking Bits (Prev, Next): (CMBitMap*) 0x0000000138360210, (CMBitMap*) 0x0000000138360250
 Prev Bits: [0x0000000123000000, 0x0000000125000000)
 Next Bits: [0x0000000125000000, 0x0000000127000000)

Polling page: 0x0000000102e30000

Metaspace:

Usage:
  Non-class:      5.52 MB used.
      Class:    789.62 KB used.
       Both:      6.29 MB used.

Virtual space:
  Non-class space:        8.00 MB reserved,       5.62 MB ( 70%) committed,  1 nodes.
      Class space:        1.00 GB reserved,     896.00 KB ( <1%) committed,  1 nodes.
             Both:        1.01 GB reserved,       6.50 MB ( <1%) committed. 

Chunk freelists:
   Non-Class:  2.30 MB
       Class:  3.09 MB
        Both:  5.38 MB

MaxMetaspaceSize: unlimited
CompressedClassSpaceSize: 1.00 GB
Initial GC threshold: 21.00 MB
Current GC threshold: 21.00 MB
CDS: on
MetaspaceReclaimPolicy: balanced
 - commit_granule_bytes: 65536.
 - commit_granule_words: 8192.
 - virtual_space_node_default_size: 1048576.
 - enlarge_chunks_in_place: 1.
 - new_chunks_are_fully_committed: 0.
 - uncommit_free_chunks: 1.
 - use_allocation_guard: 0.
 - handle_deallocations: 1.


Internal statistics:

num_allocs_failed_limit: 0.
num_arena_births: 124.
num_arena_deaths: 0.
num_vsnodes_births: 2.
num_vsnodes_deaths: 0.
num_space_committed: 104.
num_space_uncommitted: 0.
num_chunks_returned_to_freelist: 0.
num_chunks_taken_from_freelist: 192.
num_chunk_merges: 0.
num_chunk_splits: 96.
num_chunks_enlarged: 14.
num_purges: 0.
num_inconsistent_stats: 0.

CodeCache: size=49152Kb used=3721Kb max_used=3721Kb free=45430Kb
 bounds [0x0000000120000000, 0x00000001203b0000, 0x0000000123000000]
 total_blobs=1889 nmethods=1431 adapters=389
 compilation: enabled
              stopped_count=0, restarted_count=0
 full_count=0

Compilation events (20 events):
Event: 1.593 Thread 0x000000013788d800 1424       1       jdk.internal.util.Preconditions::checkIndex (18 bytes)
Event: 1.593 Thread 0x000000013788d800 nmethod 1424 0x000000012039e410 code [0x000000012039e5c0, 0x000000012039e8f8]
Event: 1.595 Thread 0x000000013788d800 1425       1       jdk.internal.reflect.ClassFileAssembler::emitConstantPoolMethodref (28 bytes)
Event: 1.595 Thread 0x000000013788d800 nmethod 1425 0x000000012039eb90 code [0x000000012039ed80, 0x000000012039f0f8]
Event: 1.595 Thread 0x000000013788d800 1426       1       jdk.internal.reflect.ClassFileAssembler::incStack (11 bytes)
Event: 1.595 Thread 0x000000013788d800 nmethod 1426 0x000000012039f590 code [0x000000012039f700, 0x000000012039f7d8]
Event: 1.595 Thread 0x000000013788d800 1427       1       jdk.internal.reflect.ClassFileAssembler::getLength (11 bytes)
Event: 1.595 Thread 0x000000013788d800 nmethod 1427 0x000000012039f910 code [0x000000012039fac0, 0x000000012039fbd8]
Event: 1.595 Thread 0x000000013788d800 1428       1       jdk.internal.reflect.ClassFileAssembler::emitConstantPoolNameAndType (28 bytes)
Event: 1.596 Thread 0x000000013788d800 nmethod 1428 0x000000012039fd10 code [0x000000012039ff00, 0x00000001203a0278]
Event: 1.598 Thread 0x000000013788d800 1429       1       java.net.URL::getAuthority (5 bytes)
Event: 1.598 Thread 0x000000013788d800 nmethod 1429 0x00000001203a0d10 code [0x00000001203a0e80, 0x00000001203a0f18]
Event: 1.598 Thread 0x000000013788d800 1432       1       java.util.zip.ZipUtils::CENLEN (9 bytes)
Event: 1.599 Thread 0x000000013788d800 nmethod 1432 0x00000001203a1010 code [0x00000001203a1180, 0x00000001203a1298]
Event: 1.599 Thread 0x000000013788d800 1430       1       java.net.URL::getPath (5 bytes)
Event: 1.599 Thread 0x000000013788d800 nmethod 1430 0x00000001203a1410 code [0x00000001203a1580, 0x00000001203a1618]
Event: 1.599 Thread 0x000000013788d800 1431       1       java.net.URL::getQuery (5 bytes)
Event: 1.599 Thread 0x000000013788d800 nmethod 1431 0x00000001203a1710 code [0x00000001203a1880, 0x00000001203a1918]
Event: 1.599 Thread 0x000000013788d800 1433       1       sun.net.www.ParseUtil::firstEncodeIndex (86 bytes)
Event: 1.599 Thread 0x000000013788d800 nmethod 1433 0x00000001203a1a10 code [0x00000001203a1bc0, 0x00000001203a1e78]

GC Heap History (2 events):
Event: 1.490 GC heap before
{Heap before GC invocations=0 (full 0):
 garbage-first heap   total 133120K, used 25568K [0x0000000780000000, 0x0000000800000000)
  region size 1024K, 23 young (23552K), 0 survivors (0K)
 Metaspace       used 3237K, committed 3392K, reserved 1056768K
  class space    used 384K, committed 448K, reserved 1048576K
}
Event: 1.492 GC heap after
{Heap after GC invocations=1 (full 0):
 garbage-first heap   total 133120K, used 8775K [0x0000000780000000, 0x0000000800000000)
  region size 1024K, 3 young (3072K), 3 survivors (3072K)
 Metaspace       used 3237K, committed 3392K, reserved 1056768K
  class space    used 384K, committed 448K, reserved 1048576K
}

Deoptimization events (6 events):
Event: 1.429 Thread 0x0000000137889600 DEOPT PACKING pc=0x0000000120238698 sp=0x000000016d2b4970
Event: 1.429 Thread 0x0000000137889600 DEOPT UNPACKING pc=0x000000012003eb7c sp=0x000000016d2b4660 mode 3
Event: 1.434 Thread 0x0000000137889600 DEOPT PACKING pc=0x00000001201fa38c sp=0x000000016d2b5a20
Event: 1.434 Thread 0x0000000137889600 DEOPT UNPACKING pc=0x000000012003eb7c sp=0x000000016d2b5790 mode 3
Event: 1.493 Thread 0x0000000137889600 DEOPT PACKING pc=0x00000001202c7474 sp=0x000000016d2b4840
Event: 1.493 Thread 0x0000000137889600 DEOPT UNPACKING pc=0x000000012003eb7c sp=0x000000016d2b4500 mode 3

Classes unloaded (0 events):
No events

Classes redefined (20 events):
Event: 1.470 Thread 0x00000001376c75f0 redefined class name=sun.nio.ch.SocketChannelImpl, count=1
Event: 1.470 Thread 0x00000001376c75f0 redefined class name=java.lang.Throwable, count=1
Event: 1.470 Thread 0x00000001376c75f0 redefined class name=java.lang.Error, count=2
Event: 1.495 Thread 0x00000001376c75f0 redefined class name=jdk.internal.event.ProcessStartEvent, count=1
Event: 1.495 Thread 0x00000001376c75f0 redefined class name=jdk.jfr.events.ContainerIOUsageEvent, count=1
Event: 1.495 Thread 0x00000001376c75f0 redefined class name=jdk.jfr.events.ContainerMemoryUsageEvent, count=1
Event: 1.495 Thread 0x00000001376c75f0 redefined class name=jdk.jfr.events.ContainerCPUThrottlingEvent, count=1
Event: 1.495 Thread 0x00000001376c75f0 redefined class name=jdk.jfr.events.ContainerCPUUsageEvent, count=1
Event: 1.495 Thread 0x00000001376c75f0 redefined class name=jdk.jfr.events.ContainerConfigurationEvent, count=1
Event: 1.495 Thread 0x00000001376c75f0 redefined class name=jdk.jfr.events.InitialSecurityPropertyEvent, count=1
Event: 1.495 Thread 0x00000001376c75f0 redefined class name=jdk.jfr.events.DirectBufferStatisticsEvent, count=1
Event: 1.495 Thread 0x00000001376c75f0 redefined class name=jdk.jfr.events.ActiveRecordingEvent, count=1
Event: 1.495 Thread 0x00000001376c75f0 redefined class name=jdk.jfr.events.ActiveSettingEvent, count=1
Event: 1.495 Thread 0x00000001376c75f0 redefined class name=jdk.jfr.events.ErrorThrownEvent, count=1
Event: 1.495 Thread 0x00000001376c75f0 redefined class name=jdk.jfr.events.ExceptionStatisticsEvent, count=1
Event: 1.495 Thread 0x00000001376c75f0 redefined class name=jdk.jfr.events.SocketWriteEvent, count=1
Event: 1.495 Thread 0x00000001376c75f0 redefined class name=jdk.jfr.events.SocketReadEvent, count=1
Event: 1.495 Thread 0x00000001376c75f0 redefined class name=jdk.jfr.events.FileWriteEvent, count=1
Event: 1.495 Thread 0x00000001376c75f0 redefined class name=jdk.jfr.events.FileReadEvent, count=1
Event: 1.495 Thread 0x00000001376c75f0 redefined class name=jdk.jfr.events.FileForceEvent, count=1

Internal exceptions (20 events):
Event: 1.434 Thread 0x0000000137889600 Exception <a 'java/lang/ClassNotFoundException'{0x00000007872086d8}: jdk/jfr/internal/handlers/EventHandler1473_1740918308118-28127> (0x00000007872086d8) 
thrown [open/src/hotspot/share/classfile/systemDictionary.cpp, line 256]
Event: 1.435 Thread 0x0000000137889600 Exception <a 'java/lang/ClassNotFoundException'{0x0000000787215628}: jdk/jfr/internal/handlers/EventHandler1475_1740918308118-28127> (0x0000000787215628) 
thrown [open/src/hotspot/share/classfile/systemDictionary.cpp, line 256]
Event: 1.436 Thread 0x0000000137889600 Exception <a 'java/lang/ClassNotFoundException'{0x000000078723c948}: jdk/jfr/internal/handlers/EventHandler1477_1740918308118-28127> (0x000000078723c948) 
thrown [open/src/hotspot/share/classfile/systemDictionary.cpp, line 256]
Event: 1.436 Thread 0x0000000137889600 Exception <a 'java/lang/ClassNotFoundException'{0x0000000787251058}: jdk/jfr/internal/handlers/EventHandler1479_1740918308118-28127> (0x0000000787251058) 
thrown [open/src/hotspot/share/classfile/systemDictionary.cpp, line 256]
Event: 1.437 Thread 0x0000000137889600 Exception <a 'java/lang/ClassNotFoundException'{0x0000000787269860}: jdk/jfr/internal/handlers/EventHandler1481_1740918308118-28127> (0x0000000787269860) 
thrown [open/src/hotspot/share/classfile/systemDictionary.cpp, line 256]
Event: 1.438 Thread 0x0000000137889600 Exception <a 'java/lang/ClassNotFoundException'{0x0000000787279a88}: jdk/jfr/internal/handlers/EventHandler1484_1740918308118-28127> (0x0000000787279a88) 
thrown [open/src/hotspot/share/classfile/systemDictionary.cpp, line 256]
Event: 1.438 Thread 0x0000000137889600 Exception <a 'java/lang/ClassNotFoundException'{0x00000007872853e8}: jdk/jfr/internal/handlers/EventHandler1486_1740918308118-28127> (0x00000007872853e8) 
thrown [open/src/hotspot/share/classfile/systemDictionary.cpp, line 256]
Event: 1.439 Thread 0x0000000137889600 Exception <a 'java/lang/ClassNotFoundException'{0x000000078729be60}: jdk/jfr/internal/handlers/EventHandler1840_1740918308118-28127> (0x000000078729be60) 
thrown [open/src/hotspot/share/classfile/systemDictionary.cpp, line 256]
Event: 1.439 Thread 0x0000000137889600 Exception <a 'java/lang/ClassNotFoundException'{0x00000007872ab970}: jdk/jfr/internal/handlers/EventHandler1843_1740918308118-28127> (0x00000007872ab970) 
thrown [open/src/hotspot/share/classfile/systemDictionary.cpp, line 256]
Event: 1.440 Thread 0x0000000137889600 Exception <a 'java/lang/ClassNotFoundException'{0x00000007872b92d8}: jdk/jfr/internal/handlers/EventHandler1846_1740918308118-28127> (0x00000007872b92d8) 
thrown [open/src/hotspot/share/classfile/systemDictionary.cpp, line 256]
Event: 1.440 Thread 0x0000000137889600 Exception <a 'java/lang/ClassNotFoundException'{0x00000007872c7358}: jdk/jfr/internal/handlers/EventHandler1849_1740918308118-28127> (0x00000007872c7358) 
thrown [open/src/hotspot/share/classfile/systemDictionary.cpp, line 256]
Event: 1.441 Thread 0x0000000137889600 Exception <a 'java/lang/ClassNotFoundException'{0x00000007872d3a68}: jdk/jfr/internal/handlers/EventHandler1852_1740918308118-28127> (0x00000007872d3a68) 
thrown [open/src/hotspot/share/classfile/systemDictionary.cpp, line 256]
Event: 1.471 Thread 0x0000000137889600 Exception <a 'java/lang/NoSuchMethodError'{0x0000000786cd0d88}: 'void java.lang.invoke.DirectMethodHandle$Holder.invokeStatic(java.lang.Object, java.lang.Object, int)'> (0x0000000786cd0d88) 
thrown [open/src/hotspot/share/interpreter/linkResolver.cpp, line 759]
Event: 1.472 Thread 0x0000000137889600 Exception <a 'java/lang/NoSuchMethodError'{0x0000000786cd6ed8}: 'java.lang.Object java.lang.invoke.DirectMethodHandle$Holder.newInvokeSpecial(java.lang.Object, java.lang.Object, int)'> (0x0000000786cd6ed8) 
thrown [open/src/hotspot/share/interpreter/linkResolver.cpp, line 759]
Event: 1.477 Thread 0x0000000137889600 Exception <a 'java/lang/NoSuchMethodError'{0x0000000786b1c120}: 'void java.lang.invoke.DirectMethodHandle$Holder.invokeSpecial(java.lang.Object, java.lang.Object, java.lang.Object)'> (0x0000000786b1c120) 
thrown [open/src/hotspot/share/interpreter/linkResolver.cpp, line 759]
Event: 1.516 Thread 0x0000000137889600 Exception <a 'java/lang/NoSuchMethodError'{0x0000000787e56118}: 'int java.lang.invoke.DirectMethodHandle$Holder.invokeInterface(java.lang.Object, java.lang.Object)'> (0x0000000787e56118) 
thrown [open/src/hotspot/share/interpreter/linkResolver.cpp, line 759]
Event: 1.516 Thread 0x0000000137889600 Exception <a 'java/lang/IncompatibleClassChangeError'{0x0000000787e59600}: Found class java.lang.Object, but interface was expected> (0x0000000787e59600) 
thrown [open/src/hotspot/share/interpreter/linkResolver.cpp, line 826]
Event: 1.528 Thread 0x0000000137889600 Exception <a 'java/lang/NoSuchMethodError'{0x0000000787efa6a0}: 'int java.lang.invoke.DirectMethodHandle$Holder.invokeSpecial(java.lang.Object, java.lang.Object, java.lang.Object)'> (0x0000000787efa6a0) 
thrown [open/src/hotspot/share/interpreter/linkResolver.cpp, line 759]
Event: 1.549 Thread 0x0000000137889600 Exception <a 'java/lang/NoSuchMethodError'{0x0000000787c283d8}: 'int java.lang.invoke.DirectMethodHandle$Holder.invokeSpecialIFC(java.lang.Object, java.lang.Object, java.lang.Object)'> (0x0000000787c283d8) 
thrown [open/src/hotspot/share/interpreter/linkResolver.cpp, line 759]
Event: 1.589 Thread 0x0000000137889600 Exception <a 'java/lang/ClassNotFoundException'{0x0000000787cc0148}: javax/management/remote/rmi/RMIServerImpl_Skel> (0x0000000787cc0148) 
thrown [open/src/hotspot/share/classfile/systemDictionary.cpp, line 256]

VM Operations (20 events):
Event: 1.476 Executing VM operation: HandshakeAllThreads
Event: 1.476 Executing VM operation: HandshakeAllThreads done
Event: 1.486 Executing VM operation: JFRCheckpoint
Event: 1.486 Executing VM operation: JFRCheckpoint done
Event: 1.488 Executing VM operation: JFROldObject
Event: 1.488 Executing VM operation: JFROldObject done
Event: 1.490 Executing VM operation: G1CollectForAllocation
Event: 1.492 Executing VM operation: G1CollectForAllocation done
Event: 1.495 Executing VM operation: RedefineClasses
Event: 1.496 Executing VM operation: RedefineClasses done
Event: 1.498 Executing VM operation: ClassLoaderStatsOperation
Event: 1.498 Executing VM operation: ClassLoaderStatsOperation done
Event: 1.517 Executing VM operation: HandshakeAllThreads
Event: 1.517 Executing VM operation: HandshakeAllThreads done
Event: 1.553 Executing VM operation: HandshakeAllThreads
Event: 1.553 Executing VM operation: HandshakeAllThreads done
Event: 1.556 Executing VM operation: HandshakeAllThreads
Event: 1.556 Executing VM operation: HandshakeAllThreads done
Event: 1.597 Executing VM operation: HandshakeAllThreads
Event: 1.597 Executing VM operation: HandshakeAllThreads done

Events (20 events):
Event: 1.595 loading class java/io/ObjectInput done
Event: 1.595 loading class java/io/ObjectInputStream done
Event: 1.595 loading class java/io/ObjectStreamClass$FieldReflectorKey
Event: 1.595 loading class java/io/ObjectStreamClass$FieldReflectorKey done
Event: 1.595 loading class java/io/ObjectStreamClass$FieldReflector
Event: 1.595 loading class java/io/ObjectStreamClass$FieldReflector done
Event: 1.596 loading class java/io/ObjectStreamClass$ClassDataSlot
Event: 1.596 loading class java/io/ObjectStreamClass$ClassDataSlot done
Event: 1.596 loading class java/io/SerialCallbackContext
Event: 1.596 loading class java/io/SerialCallbackContext done
Event: 1.596 loading class sun/rmi/transport/ConnectionOutputStream
Event: 1.596 loading class sun/rmi/server/MarshalOutputStream
Event: 1.596 loading class sun/rmi/server/MarshalOutputStream done
Event: 1.596 loading class sun/rmi/transport/ConnectionOutputStream done
Event: 1.596 loading class jdk/internal/agent/ConnectorAddressLink
Event: 1.596 loading class jdk/internal/agent/ConnectorAddressLink done
Event: 1.596 loading class sun/management/counter/Units
Event: 1.596 loading class sun/management/counter/Units done
Event: 1.597 loading class jdk/internal/loader/URLClassPath$FileLoader$1
Event: 1.597 loading class jdk/internal/loader/URLClassPath$FileLoader$1 done


Dynamic libraries:
0x0000000102e90000 	/Library/Java/JavaVirtualMachines/jdk-17.jdk/Contents/Home/lib/libjli.dylib
0x000000019f340000 	/System/Library/Frameworks/Cocoa.framework/Versions/A/Cocoa
0x000000018b25b000 	/System/Library/Frameworks/AppKit.framework/Versions/C/AppKit
0x000000018dbf5000 	/System/Library/Frameworks/CoreData.framework/Versions/A/CoreData
0x0000000188ee7000 	/System/Library/Frameworks/Foundation.framework/Versions/C/Foundation
0x0000000193579000 	/usr/lib/libSystem.B.dylib
0x000000018c163000 	/System/Library/PrivateFrameworks/UIFoundation.framework/Versions/A/UIFoundation
0x00000001f2c03000 	/System/Library/PrivateFrameworks/CollectionViewCore.framework/Versions/A/CollectionViewCore
0x0000000199801000 	/System/Library/PrivateFrameworks/RemoteViewServices.framework/Versions/A/RemoteViewServices
0x00000001919c9000 	/System/Library/PrivateFrameworks/XCTTargetBootstrap.framework/Versions/A/XCTTargetBootstrap
0x000000019530b000 	/System/Library/PrivateFrameworks/InternationalSupport.framework/Versions/A/InternationalSupport
0x0000000195392000 	/System/Library/PrivateFrameworks/UserActivity.framework/Versions/A/UserActivity
0x00000002097cc000 	/System/Library/PrivateFrameworks/WindowManagement.framework/Versions/A/WindowManagement
0x0000000188bb1000 	/System/Library/Frameworks/SystemConfiguration.framework/Versions/A/SystemConfiguration
0x0000000194810000 	/usr/lib/libspindump.dylib
0x000000018c308000 	/System/Library/Frameworks/UniformTypeIdentifiers.framework/Versions/A/UniformTypeIdentifiers
0x000000018fcf4000 	/usr/lib/libapp_launch_measurement.dylib
0x000000018f1a6000 	/System/Library/PrivateFrameworks/CoreAnalytics.framework/Versions/A/CoreAnalytics
0x000000018fcfb000 	/System/Library/PrivateFrameworks/CoreAutoLayout.framework/Versions/A/CoreAutoLayout
0x00000001911eb000 	/System/Library/Frameworks/Metal.framework/Versions/A/Metal
0x0000000192120000 	/usr/lib/liblangid.dylib
0x00000001919cf000 	/System/Library/PrivateFrameworks/CoreSVG.framework/Versions/A/CoreSVG
0x000000018cc29000 	/System/Library/PrivateFrameworks/SkyLight.framework/Versions/A/SkyLight
0x000000018d040000 	/System/Library/Frameworks/CoreGraphics.framework/Versions/A/CoreGraphics
0x0000000199ed0000 	/System/Library/Frameworks/Accelerate.framework/Versions/A/Accelerate
0x000000019427e000 	/System/Library/PrivateFrameworks/IconServices.framework/Versions/A/IconServices
0x00000001911cb000 	/System/Library/Frameworks/IOSurface.framework/Versions/A/IOSurface
0x000000018f1d3000 	/usr/lib/libDiagnosticMessagesClient.dylib
0x00000001934bf000 	/usr/lib/libz.1.dylib
0x000000019d12c000 	/System/Library/Frameworks/ApplicationServices.framework/Versions/A/ApplicationServices
0x00000001919b1000 	/System/Library/PrivateFrameworks/DFRFoundation.framework/Versions/A/DFRFoundation
0x000000018aad9000 	/usr/lib/libicucore.A.dylib
0x000000019629a000 	/System/Library/Frameworks/AudioToolbox.framework/Versions/A/AudioToolbox
0x0000000195316000 	/System/Library/PrivateFrameworks/DataDetectorsCore.framework/Versions/A/DataDetectorsCore
0x00000001ac322000 	/System/Library/PrivateFrameworks/TextInput.framework/Versions/A/TextInput
0x000000018cb8e000 	/usr/lib/libMobileGestalt.dylib
0x000000019167d000 	/System/Library/Frameworks/Carbon.framework/Versions/A/Frameworks/HIToolbox.framework/Versions/A/HIToolbox
0x000000018f67e000 	/System/Library/Frameworks/QuartzCore.framework/Versions/A/QuartzCore
0x000000018a736000 	/System/Library/Frameworks/Security.framework/Versions/A/Security
0x0000000199841000 	/System/Library/Frameworks/Carbon.framework/Versions/A/Frameworks/SpeechRecognition.framework/Versions/A/SpeechRecognition
0x000000018fa33000 	/System/Library/PrivateFrameworks/CoreUI.framework/Versions/A/CoreUI
0x000000018a056000 	/System/Library/Frameworks/CoreAudio.framework/Versions/A/CoreAudio
0x000000018f2af000 	/System/Library/Frameworks/DiskArbitration.framework/Versions/A/DiskArbitration
0x0000000194c43000 	/System/Library/PrivateFrameworks/MultitouchSupport.framework/Versions/A/MultitouchSupport
0x000000018cb8c000 	/usr/lib/libenergytrace.dylib
0x000000018b11e000 	/System/Library/Frameworks/IOKit.framework/Versions/A/IOKit
0x0000000199c24000 	/System/Library/Frameworks/CoreServices.framework/Versions/A/CoreServices
0x000000018fc81000 	/System/Library/PrivateFrameworks/PerformanceAnalysis.framework/Versions/A/PerformanceAnalysis
0x00000001d62a5000 	/System/Library/Frameworks/OpenGL.framework/Versions/A/OpenGL
0x000000018fd45000 	/usr/lib/libxml2.2.dylib
0x0000000192aed000 	/System/Library/PrivateFrameworks/MobileKeyBag.framework/Versions/A/MobileKeyBag
0x0000000187be8000 	/usr/lib/libobjc.A.dylib
0x0000000187e9f000 	/usr/lib/libc++.1.dylib
0x000000018d68a000 	/System/Library/Frameworks/ColorSync.framework/Versions/A/ColorSync
0x0000000187fbc000 	/System/Library/Frameworks/CoreFoundation.framework/Versions/A/CoreFoundation
0x0000000191d47000 	/System/Library/Frameworks/CoreImage.framework/Versions/A/CoreImage
0x0000000189e77000 	/System/Library/Frameworks/CoreText.framework/Versions/A/CoreText
0x0000000191a08000 	/System/Library/Frameworks/ImageIO.framework/Versions/A/ImageIO
0x000000019357f000 	/System/Library/PrivateFrameworks/SoftLinking.framework/Versions/A/SoftLinking
0x0000000193812000 	/usr/lib/libcompression.dylib
0x0000000195267000 	/System/Library/PrivateFrameworks/TextureIO.framework/Versions/A/TextureIO
0x0000000193f50000 	/usr/lib/libate.dylib
0x0000000193573000 	/usr/lib/system/libcache.dylib
0x000000019352c000 	/usr/lib/system/libcommonCrypto.dylib
0x000000019355a000 	/usr/lib/system/libcompiler_rt.dylib
0x0000000193550000 	/usr/lib/system/libcopyfile.dylib
0x0000000187d1b000 	/usr/lib/system/libcorecrypto.dylib
0x0000000187dd3000 	/usr/lib/system/libdispatch.dylib
0x0000000187f64000 	/usr/lib/system/libdyld.dylib
0x0000000193569000 	/usr/lib/system/libkeymgr.dylib
0x000000019350a000 	/usr/lib/system/libmacho.dylib
0x0000000192be6000 	/usr/lib/system/libquarantine.dylib
0x0000000193566000 	/usr/lib/system/libremovefile.dylib
0x000000018cbf3000 	/usr/lib/system/libsystem_asl.dylib
0x0000000187cb9000 	/usr/lib/system/libsystem_blocks.dylib
0x0000000187e1e000 	/usr/lib/system/libsystem_c.dylib
0x000000019355e000 	/usr/lib/system/libsystem_collections.dylib
0x000000019210f000 	/usr/lib/system/libsystem_configuration.dylib
0x0000000191199000 	/usr/lib/system/libsystem_containermanager.dylib
0x000000019321b000 	/usr/lib/system/libsystem_coreservices.dylib
0x000000018ad90000 	/usr/lib/system/libsystem_darwin.dylib
0x000000019356a000 	/usr/lib/system/libsystem_dnssd.dylib
0x0000000187e1b000 	/usr/lib/system/libsystem_featureflags.dylib
0x0000000187f90000 	/usr/lib/system/libsystem_info.dylib
0x00000001934d1000 	/usr/lib/system/libsystem_m.dylib
0x0000000187da7000 	/usr/lib/system/libsystem_malloc.dylib
0x000000018cb73000 	/usr/lib/system/libsystem_networkextension.dylib
0x000000018b1fa000 	/usr/lib/system/libsystem_notify.dylib
0x0000000192114000 	/usr/lib/system/libsystem_sandbox.dylib
0x0000000193563000 	/usr/lib/system/libsystem_secinit.dylib
0x0000000187f1e000 	/usr/lib/system/libsystem_kernel.dylib
0x0000000187f88000 	/usr/lib/system/libsystem_platform.dylib
0x0000000187f57000 	/usr/lib/system/libsystem_pthread.dylib
0x000000018e3c2000 	/usr/lib/system/libsystem_symptoms.dylib
0x0000000187d01000 	/usr/lib/system/libsystem_trace.dylib
0x000000019353d000 	/usr/lib/system/libunwind.dylib
0x0000000187cbe000 	/usr/lib/system/libxpc.dylib
0x0000000187f06000 	/usr/lib/libc++abi.dylib
0x0000000193548000 	/usr/lib/liboah.dylib
0x0000000193e0f000 	/usr/lib/liblzma.5.dylib
0x000000019357b000 	/usr/lib/libfakelink.dylib
0x000000018c7b3000 	/System/Library/Frameworks/CFNetwork.framework/Versions/A/CFNetwork
0x00000001936ba000 	/usr/lib/libarchive.2.dylib
0x0000000197b8e000 	/System/Library/Frameworks/Combine.framework/Versions/A/Combine
0x0000000195c64000 	/usr/lib/swift/libswiftCore.dylib
0x00000001a9426000 	/usr/lib/swift/libswiftCoreFoundation.dylib
0x00000001a7326000 	/usr/lib/swift/libswiftDarwin.dylib
0x000000019b140000 	/usr/lib/swift/libswiftDispatch.dylib
0x00000001a9447000 	/usr/lib/swift/libswiftIOKit.dylib
0x000000019d547000 	/usr/lib/swift/libswiftObjectiveC.dylib
0x00000001a943a000 	/usr/lib/swift/libswiftXPC.dylib
0x000000020ffaf000 	/usr/lib/swift/libswift_Concurrency.dylib
0x0000000210101000 	/usr/lib/swift/libswift_StringProcessing.dylib
0x000000019d54b000 	/usr/lib/swift/libswiftos.dylib
0x000000018b0a3000 	/System/Library/PrivateFrameworks/CoreServicesInternal.framework/Versions/A/CoreServicesInternal
0x0000000192c11000 	/usr/lib/libbsm.0.dylib
0x0000000193510000 	/usr/lib/system/libkxld.dylib
0x000000018fcbd000 	/System/Library/Frameworks/CoreServices.framework/Versions/A/Frameworks/FSEvents.framework/Versions/A/FSEvents
0x000000018ad9b000 	/System/Library/Frameworks/CoreServices.framework/Versions/A/Frameworks/CarbonCore.framework/Versions/A/CarbonCore
0x000000018f216000 	/System/Library/Frameworks/CoreServices.framework/Versions/A/Frameworks/Metadata.framework/Versions/A/Metadata
0x0000000193221000 	/System/Library/Frameworks/CoreServices.framework/Versions/A/Frameworks/OSServices.framework/Versions/A/OSServices
0x0000000193741000 	/System/Library/Frameworks/CoreServices.framework/Versions/A/Frameworks/SearchKit.framework/Versions/A/SearchKit
0x000000018e345000 	/System/Library/Frameworks/CoreServices.framework/Versions/A/Frameworks/AE.framework/Versions/A/AE
0x0000000188494000 	/System/Library/Frameworks/CoreServices.framework/Versions/A/Frameworks/LaunchServices.framework/Versions/A/LaunchServices
0x0000000193db8000 	/System/Library/Frameworks/CoreServices.framework/Versions/A/Frameworks/DictionaryServices.framework/Versions/A/DictionaryServices
0x000000018fcca000 	/System/Library/Frameworks/CoreServices.framework/Versions/A/Frameworks/SharedFileList.framework/Versions/A/SharedFileList
0x00000001937e0000 	/usr/lib/libapple_nghttp2.dylib
0x000000018c7af000 	/usr/lib/libnetwork.dylib
0x000000018dfca000 	/usr/lib/libsqlite3.dylib
0x000000018e3cb000 	/System/Library/Frameworks/Network.framework/Versions/A/Network
0x000000020f135000 	/usr/lib/libCoreEntitlements.dylib
0x00000001fc042000 	/System/Library/PrivateFrameworks/MessageSecurity.framework/Versions/A/MessageSecurity
0x000000018dfb0000 	/System/Library/PrivateFrameworks/ProtocolBuffer.framework/Versions/A/ProtocolBuffer
0x00000001931fd000 	/System/Library/PrivateFrameworks/AppleFSCompression.framework/Versions/A/AppleFSCompression
0x0000000192bf9000 	/usr/lib/libcoretls.dylib
0x0000000193e28000 	/usr/lib/libcoretls_cfhelpers.dylib
0x000000019380d000 	/usr/lib/libpam.2.dylib
0x0000000193e8e000 	/usr/lib/libxar.1.dylib
0x0000000194259000 	/usr/lib/libheimdal-asn1.dylib
0x0000000193580000 	/usr/lib/libpcap.A.dylib
0x000000018e3b8000 	/usr/lib/libdns_services.dylib
0x000000019211c000 	/System/Library/PrivateFrameworks/AppleSystemInfo.framework/Versions/A/AppleSystemInfo
0x00000001928ee000 	/System/Library/PrivateFrameworks/IOMobileFramebuffer.framework/Versions/A/IOMobileFramebuffer
0x000000019320e000 	/usr/lib/libbz2.1.0.dylib
0x0000000192be9000 	/usr/lib/libCheckFix.dylib
0x000000018cc0b000 	/System/Library/PrivateFrameworks/TCC.framework/Versions/A/TCC
0x0000000192122000 	/System/Library/PrivateFrameworks/CoreNLP.framework/Versions/A/CoreNLP
0x000000018f1d5000 	/System/Library/PrivateFrameworks/MetadataUtilities.framework/Versions/A/MetadataUtilities
0x0000000192c22000 	/usr/lib/libmecab.dylib
0x0000000188c3b000 	/usr/lib/libCRFSuite.dylib
0x0000000192c7f000 	/usr/lib/libgermantok.dylib
0x00000001937b9000 	/usr/lib/libThaiTokenizer.dylib
0x000000018f2b8000 	/System/Library/Frameworks/Accelerate.framework/Versions/A/Frameworks/vImage.framework/Versions/A/vImage
0x0000000199bfb000 	/System/Library/Frameworks/Accelerate.framework/Versions/A/Frameworks/vecLib.framework/Versions/A/vecLib
0x0000000193ed4000 	/System/Library/Frameworks/Accelerate.framework/Versions/A/Frameworks/vecLib.framework/Versions/A/libvMisc.dylib
0x00000001927ee000 	/System/Library/Frameworks/Accelerate.framework/Versions/A/Frameworks/vecLib.framework/Versions/A/libvDSP.dylib
0x0000000188847000 	/System/Library/Frameworks/Accelerate.framework/Versions/A/Frameworks/vecLib.framework/Versions/A/libBLAS.dylib
0x00000001938e4000 	/System/Library/Frameworks/Accelerate.framework/Versions/A/Frameworks/vecLib.framework/Versions/A/libLAPACK.dylib
0x0000000192c82000 	/System/Library/Frameworks/Accelerate.framework/Versions/A/Frameworks/vecLib.framework/Versions/A/libLinearAlgebra.dylib
0x00000001937f8000 	/System/Library/Frameworks/Accelerate.framework/Versions/A/Frameworks/vecLib.framework/Versions/A/libSparseBLAS.dylib
0x00000001938df000 	/System/Library/Frameworks/Accelerate.framework/Versions/A/Frameworks/vecLib.framework/Versions/A/libQuadrature.dylib
0x000000019221b000 	/System/Library/Frameworks/Accelerate.framework/Versions/A/Frameworks/vecLib.framework/Versions/A/libBNNS.dylib
0x0000000188b4a000 	/System/Library/Frameworks/Accelerate.framework/Versions/A/Frameworks/vecLib.framework/Versions/A/libSparse.dylib
0x00000001fb3ae000 	/System/Library/PrivateFrameworks/MIL.framework/Versions/A/MIL
0x00000001935b5000 	/usr/lib/libiconv.2.dylib
0x0000000193509000 	/usr/lib/libcharset.1.dylib
0x000000018fc9d000 	/System/Library/Frameworks/OpenDirectory.framework/Versions/A/Frameworks/CFOpenDirectory.framework/Versions/A/CFOpenDirectory
0x000000018fc8d000 	/System/Library/Frameworks/OpenDirectory.framework/Versions/A/OpenDirectory
0x0000000193e2a000 	/System/Library/PrivateFrameworks/APFS.framework/Versions/A/APFS
0x0000000192b24000 	/System/Library/Frameworks/SecurityFoundation.framework/Versions/A/SecurityFoundation
0x0000000193e9d000 	/usr/lib/libutil.dylib
0x00000001fa4a6000 	/System/Library/PrivateFrameworks/InstalledContentLibrary.framework/Versions/A/InstalledContentLibrary
0x000000018b0e1000 	/System/Library/PrivateFrameworks/CoreServicesStore.framework/Versions/A/CoreServicesStore
0x00000001f157a000 	/System/Library/PrivateFrameworks/AppleMobileFileIntegrity.framework/Versions/A/AppleMobileFileIntegrity
0x00000001a9405000 	/usr/lib/libmis.dylib
0x00000001b7208000 	/System/Library/PrivateFrameworks/MobileSystemServices.framework/Versions/A/MobileSystemServices
0x00000001d15e5000 	/System/Library/PrivateFrameworks/ConfigProfileHelper.framework/Versions/A/ConfigProfileHelper
0x00000001937bb000 	/System/Library/PrivateFrameworks/AppleSauce.framework/Versions/A/AppleSauce
0x0000000189920000 	/System/Library/PrivateFrameworks/LanguageModeling.framework/Versions/A/LanguageModeling
0x0000000193ea1000 	/usr/lib/libxslt.1.dylib
0x00000001936a8000 	/usr/lib/libcmph.dylib
0x00000001928db000 	/System/Library/PrivateFrameworks/CoreEmoji.framework/Versions/A/CoreEmoji
0x0000000192215000 	/System/Library/PrivateFrameworks/LinguisticData.framework/Versions/A/LinguisticData
0x0000000188b02000 	/System/Library/PrivateFrameworks/Lexicon.framework/Versions/A/Lexicon
0x0000000192bb7000 	/System/Library/PrivateFrameworks/BackgroundTaskManagement.framework/Versions/A/BackgroundTaskManagement
0x000000020f2d4000 	/usr/lib/libTLE.dylib
0x000000021004c000 	/usr/lib/swift/libswift_RegexParser.dylib
0x0000000194b08000 	/System/Library/PrivateFrameworks/AppleJPEG.framework/Versions/A/AppleJPEG
0x000000019423e000 	/usr/lib/libexpat.1.dylib
0x00000001950c9000 	/System/Library/Frameworks/ImageIO.framework/Versions/A/Resources/libPng.dylib
0x00000001950f4000 	/System/Library/Frameworks/ImageIO.framework/Versions/A/Resources/libTIFF.dylib
0x00000001951dd000 	/System/Library/Frameworks/ImageIO.framework/Versions/A/Resources/libGIF.dylib
0x0000000194b4d000 	/System/Library/Frameworks/ImageIO.framework/Versions/A/Resources/libJP2.dylib
0x0000000195181000 	/System/Library/Frameworks/ImageIO.framework/Versions/A/Resources/libJPEG.dylib
0x0000000195178000 	/System/Library/Frameworks/ImageIO.framework/Versions/A/Resources/libRadiance.dylib
0x0000000191506000 	/System/Library/PrivateFrameworks/FontServices.framework/libFontParser.dylib
0x000000018e2e7000 	/System/Library/PrivateFrameworks/RunningBoardServices.framework/Versions/A/RunningBoardServices
0x000000019fa69000 	/System/Library/PrivateFrameworks/IOSurfaceAccelerator.framework/Versions/A/IOSurfaceAccelerator
0x0000000194c3f000 	/System/Library/PrivateFrameworks/WatchdogClient.framework/Versions/A/WatchdogClient
0x0000000189a99000 	/System/Library/Frameworks/CoreDisplay.framework/Versions/A/CoreDisplay
0x00000001913e1000 	/System/Library/Frameworks/CoreMedia.framework/Versions/A/CoreMedia
0x00000001911e1000 	/System/Library/PrivateFrameworks/IOAccelerator.framework/Versions/A/IOAccelerator
0x000000018fe2e000 	/System/Library/Frameworks/CoreVideo.framework/Versions/A/CoreVideo
0x000000019380b000 	/System/Library/Frameworks/MetalPerformanceShaders.framework/Versions/A/MetalPerformanceShaders
0x0000000194c7e000 	/System/Library/Frameworks/VideoToolbox.framework/Versions/A/VideoToolbox
0x000000018e22b000 	/System/Library/PrivateFrameworks/BaseBoard.framework/Versions/A/BaseBoard
0x0000000195173000 	/System/Library/PrivateFrameworks/GPUWrangler.framework/Versions/A/GPUWrangler
0x0000000195153000 	/System/Library/PrivateFrameworks/IOPresentment.framework/Versions/A/IOPresentment
0x000000019517b000 	/System/Library/PrivateFrameworks/DSExternalDisplay.framework/Versions/A/DSExternalDisplay
0x00000001f6d00000 	/System/Library/PrivateFrameworks/GPUCompiler.framework/Versions/31001/Libraries/libllvm-flatbuffers.dylib
0x00000001d6298000 	/System/Library/Frameworks/OpenGL.framework/Versions/A/Libraries/libCoreFSCache.dylib
0x00000001f6cfc000 	/System/Library/PrivateFrameworks/GPUCompiler.framework/Versions/31001/Libraries/libGPUCompilerUtils.dylib
0x00000001951e3000 	/System/Library/PrivateFrameworks/CMCaptureCore.framework/Versions/A/CMCaptureCore
0x00000001eb82d000 	/System/Library/Frameworks/ExtensionFoundation.framework/Versions/A/ExtensionFoundation
0x000000019b8e5000 	/System/Library/PrivateFrameworks/CoreTime.framework/Versions/A/CoreTime
0x00000001947fb000 	/System/Library/PrivateFrameworks/AppServerSupport.framework/Versions/A/AppServerSupport
0x0000000196b7c000 	/System/Library/PrivateFrameworks/perfdata.framework/Versions/A/perfdata
0x0000000189bb9000 	/System/Library/PrivateFrameworks/AudioToolboxCore.framework/Versions/A/AudioToolboxCore
0x00000001913b7000 	/System/Library/PrivateFrameworks/caulk.framework/Versions/A/caulk
0x0000000196439000 	/usr/lib/libAudioStatistics.dylib
0x00000001a8841000 	/System/Library/PrivateFrameworks/SystemPolicy.framework/Versions/A/SystemPolicy
0x00000001966db000 	/usr/lib/libSMC.dylib
0x000000019f215000 	/System/Library/Frameworks/CoreMIDI.framework/Versions/A/CoreMIDI
0x0000000195096000 	/usr/lib/libAudioToolboxUtility.dylib
0x00000001a45f9000 	/System/Library/PrivateFrameworks/OSAServicesClient.framework/Versions/A/OSAServicesClient
0x0000000196b89000 	/usr/lib/libperfcheck.dylib
0x0000000194129000 	/System/Library/PrivateFrameworks/PlugInKit.framework/Versions/A/PlugInKit
0x0000000192b16000 	/System/Library/PrivateFrameworks/AssertionServices.framework/Versions/A/AssertionServices
0x00000001d62fa000 	/System/Library/Frameworks/OpenGL.framework/Versions/A/Libraries/libGLU.dylib
0x00000001d62b9000 	/System/Library/Frameworks/OpenGL.framework/Versions/A/Libraries/libGFXShared.dylib
0x00000001d64a0000 	/System/Library/Frameworks/OpenGL.framework/Versions/A/Libraries/libGL.dylib
0x00000001d62c2000 	/System/Library/Frameworks/OpenGL.framework/Versions/A/Libraries/libGLImage.dylib
0x00000001d62b6000 	/System/Library/Frameworks/OpenGL.framework/Versions/A/Libraries/libCVMSPluginSupport.dylib
0x000000020f2b3000 	/usr/lib/libRosetta.dylib
0x00000001d629f000 	/System/Library/Frameworks/OpenGL.framework/Versions/A/Libraries/libCoreVMClient.dylib
0x0000000192099000 	/System/Library/Frameworks/MetalPerformanceShaders.framework/Versions/A/Frameworks/MPSCore.framework/Versions/A/MPSCore
0x0000000193173000 	/System/Library/Frameworks/MetalPerformanceShaders.framework/Versions/A/Frameworks/MPSImage.framework/Versions/A/MPSImage
0x0000000192c97000 	/System/Library/Frameworks/MetalPerformanceShaders.framework/Versions/A/Frameworks/MPSNeuralNetwork.framework/Versions/A/MPSNeuralNetwork
0x0000000193083000 	/System/Library/Frameworks/MetalPerformanceShaders.framework/Versions/A/Frameworks/MPSMatrix.framework/Versions/A/MPSMatrix
0x0000000192e95000 	/System/Library/Frameworks/MetalPerformanceShaders.framework/Versions/A/Frameworks/MPSRayIntersector.framework/Versions/A/MPSRayIntersector
0x00000001930b1000 	/System/Library/Frameworks/MetalPerformanceShaders.framework/Versions/A/Frameworks/MPSNDArray.framework/Versions/A/MPSNDArray
0x00000001ecbe6000 	/System/Library/Frameworks/MetalPerformanceShaders.framework/Versions/A/Frameworks/MPSFunctions.framework/Versions/A/MPSFunctions
0x000000018870d000 	/System/Library/PrivateFrameworks/MetalTools.framework/Versions/A/MetalTools
0x000000019211a000 	/System/Library/PrivateFrameworks/AggregateDictionary.framework/Versions/A/AggregateDictionary
0x0000000193fe2000 	/usr/lib/libIOReport.dylib
0x000000019e40b000 	/System/Library/PrivateFrameworks/ASEProcessing.framework/Versions/A/ASEProcessing
0x0000000194399000 	/System/Library/PrivateFrameworks/GraphVisualizer.framework/Versions/A/GraphVisualizer
0x00000001f6c0d000 	/System/Library/PrivateFrameworks/FontServices.framework/Versions/A/FontServices
0x00000001947b9000 	/System/Library/PrivateFrameworks/OTSVG.framework/Versions/A/OTSVG
0x000000018f9e1000 	/System/Library/Frameworks/ApplicationServices.framework/Versions/A/Frameworks/ATS.framework/Versions/A/Resources/libFontRegistry.dylib
0x0000000194805000 	/System/Library/PrivateFrameworks/FontServices.framework/libhvf.dylib
0x00000001f6c0e000 	/System/Library/PrivateFrameworks/FontServices.framework/libXTFontStaticRegistryData.dylib
0x0000000208632000 	/System/Library/PrivateFrameworks/VideoToolboxParavirtualizationSupport.framework/Versions/A/VideoToolboxParavirtualizationSupport
0x00000001941f2000 	/System/Library/PrivateFrameworks/AppleVA.framework/Versions/A/AppleVA
0x0000000196479000 	/System/Library/Frameworks/ApplicationServices.framework/Versions/A/Frameworks/ATS.framework/Versions/A/ATS
0x000000018d77d000 	/System/Library/Frameworks/ApplicationServices.framework/Versions/A/Frameworks/HIServices.framework/Versions/A/HIServices
0x00000001951ef000 	/System/Library/Frameworks/ApplicationServices.framework/Versions/A/Frameworks/PrintCore.framework/Versions/A/PrintCore
0x0000000196834000 	/System/Library/Frameworks/ApplicationServices.framework/Versions/A/Frameworks/QD.framework/Versions/A/QD
0x0000000196828000 	/System/Library/Frameworks/ApplicationServices.framework/Versions/A/Frameworks/ColorSyncLegacy.framework/Versions/A/ColorSyncLegacy
0x000000019644d000 	/System/Library/Frameworks/ApplicationServices.framework/Versions/A/Frameworks/SpeechSynthesis.framework/Versions/A/SpeechSynthesis
0x00000001951ad000 	/System/Library/Frameworks/ApplicationServices.framework/Versions/A/Frameworks/ATSUI.framework/Versions/A/ATSUI
0x00000001967bb000 	/usr/lib/libcups.2.dylib
0x0000000196b97000 	/System/Library/Frameworks/Kerberos.framework/Versions/A/Kerberos
0x0000000196ba8000 	/System/Library/Frameworks/GSS.framework/Versions/A/GSS
0x00000001964eb000 	/usr/lib/libresolv.9.dylib
0x0000000194815000 	/System/Library/PrivateFrameworks/Heimdal.framework/Versions/A/Heimdal
0x000000019d4ca000 	/System/Library/Frameworks/Kerberos.framework/Versions/A/Libraries/libHeimdalProxy.dylib
0x0000000196bf8000 	/System/Library/PrivateFrameworks/CommonAuth.framework/Versions/A/CommonAuth
0x00000001d74f8000 	/System/Library/Frameworks/AVFAudio.framework/Versions/A/AVFAudio
0x00000001a4648000 	/System/Library/PrivateFrameworks/AXCoreUtilities.framework/Versions/A/AXCoreUtilities
0x00000001963c5000 	/System/Library/PrivateFrameworks/AudioSession.framework/Versions/A/AudioSession
0x0000000197947000 	/System/Library/Frameworks/IOBluetooth.framework/Versions/A/IOBluetooth
0x00000001942f3000 	/System/Library/PrivateFrameworks/MediaExperience.framework/Versions/A/MediaExperience
0x0000000196260000 	/System/Library/PrivateFrameworks/AudioSession.framework/libSessionUtility.dylib
0x0000000196840000 	/System/Library/PrivateFrameworks/AudioResourceArbitration.framework/Versions/A/AudioResourceArbitration
0x000000019a81a000 	/System/Library/PrivateFrameworks/PowerLog.framework/Versions/A/PowerLog
0x000000019a75d000 	/System/Library/Frameworks/CoreBluetooth.framework/Versions/A/CoreBluetooth
0x000000019d4cb000 	/System/Library/Frameworks/AudioUnit.framework/Versions/A/AudioUnit
0x0000000192979000 	/System/Library/PrivateFrameworks/CoreUtils.framework/Versions/A/CoreUtils
0x00000001f5642000 	/System/Library/PrivateFrameworks/CoreUtilsExtras.framework/Versions/A/CoreUtilsExtras
0x00000001fa344000 	/System/Library/PrivateFrameworks/IO80211.framework/Versions/A/IO80211
0x0000000194263000 	/System/Library/PrivateFrameworks/IconFoundation.framework/Versions/A/IconFoundation
0x000000019982d000 	/System/Library/PrivateFrameworks/SpeechRecognitionCore.framework/Versions/A/SpeechRecognitionCore
0x0000000103de4000 	/Library/Java/JavaVirtualMachines/jdk-17.jdk/Contents/Home/lib/server/libjvm.dylib
0x0000000102e44000 	/Library/Java/JavaVirtualMachines/jdk-17.jdk/Contents/Home/lib/libjimage.dylib
0x0000000102ef4000 	/Library/Java/JavaVirtualMachines/jdk-17.jdk/Contents/Home/lib/libinstrument.dylib
0x0000000102f40000 	/Library/Java/JavaVirtualMachines/jdk-17.jdk/Contents/Home/lib/libjava.dylib
0x000000010307c000 	/private/var/folders/kp/bydpksq57llfm3j9wjqp2t4c0000gn/T/libasyncProfiler.so
0x0000000103b08000 	/Library/Java/JavaVirtualMachines/jdk-17.jdk/Contents/Home/lib/libzip.dylib
0x0000000103b30000 	/Library/Java/JavaVirtualMachines/jdk-17.jdk/Contents/Home/lib/libnio.dylib
0x0000000103b50000 	/Library/Java/JavaVirtualMachines/jdk-17.jdk/Contents/Home/lib/libnet.dylib
0x0000000102f20000 	/Library/Java/JavaVirtualMachines/jdk-17.jdk/Contents/Home/lib/libextnet.dylib
0x0000000103b88000 	/Library/Java/JavaVirtualMachines/jdk-17.jdk/Contents/Home/lib/libmanagement.dylib
0x0000000103b9c000 	/Library/Java/JavaVirtualMachines/jdk-17.jdk/Contents/Home/lib/libmanagement_ext.dylib


VM Arguments:
jvm_args: -XX:TieredStopAtLevel=1 -Dspring.output.ansi.enabled=always -Dcom.sun.management.jmxremote -Dspring.jmx.enabled=true -Dspring.liveBeansView.mbeanDomain -Dspring.application.admin.enabled=true -Dmanagement.endpoints.jmx.exposure.include=* -javaagent:/Applications/IntelliJ IDEA.app/Contents/lib/idea_rt.jar=52389:/Applications/IntelliJ IDEA.app/Contents/bin -agentpath:/private/var/folders/kp/bydpksq57llfm3j9wjqp2t4c0000gn/T/libasyncProfiler.so=start,jfr,event=cpu,interval=10ms,jfrsync=profile,cstack=no,file=/Users/lehieu/IdeaSnapshots/RatingServiceApplication_2025_03_02_192506.jfr,log=/private/var/folders/kp/bydpksq57llfm3j9wjqp2t4c0000gn/T/RatingServiceApplication_2025_03_02_192506.jfr.log.txt,logLevel=DEBUG -Dfile.encoding=UTF-8 
java_command: com.example.ratingservice.RatingServiceApplication
java_class_path (initial): /Users/lehieu/Desktop/RatingService/build/classes/java/main:/Users/lehieu/Desktop/RatingService/build/resources/main:/Users/lehieu/.gradle/caches/modules-2/files-2.1/org.projectlombok/lombok/1.18.36/5a30490a6e14977d97d9c73c924c1f1b5311ea95/lombok-1.18.36.jar:/Users/lehieu/.gradle/caches/modules-2/files-2.1/org.springframework.boot/spring-boot-starter-data-jpa/3.4.3/29c90fec6e887dc01df09ea4c3548b5a04b7afb4/spring-boot-starter-data-jpa-3.4.3.jar:/Users/lehieu/.gradle/caches/modules-2/files-2.1/org.springframework.boot/spring-boot-starter-web-services/3.4.3/506eec58859976f34d2ba4a8b46018909096aa66/spring-boot-starter-web-services-3.4.3.jar:/Users/lehieu/.gradle/caches/modules-2/files-2.1/org.springframework.boot/spring-boot-starter-web/3.4.3/87e7a401e7d249fefc7f372f5681e8620234624c/spring-boot-starter-web-3.4.3.jar:/Users/lehieu/.gradle/caches/modules-2/files-2.1/org.springframework.boot/spring-boot-starter-jdbc/3.4.3/87c09bd67ea27fcd30d6413fdbc5bfa1f688e5e8/spring-boot-starter-jdbc-3.4.3.jar:/Users/lehieu/.gradle/caches/modules-2/files-2.1/org.springframework.boot/spring-boot-starter/3.4.3/247fdc05cd6de013c3fd26628fa221dd095b391/spring-boot-starter-3.4.3.jar:/Users/lehieu/.gradle/caches/modules-2/files-2.1/org.hibernate.orm/hibernate-core/6.6.8.Final/2738c642d5e505249faa2f923e03541aa6b96916/hibernate-core-6.6.8.Final.jar:/Users/lehieu/.gradle/caches/modules-2/files-2.1/org.springframework.data/spring-data-jpa/3.4.3/7e4c0e9c14f4d971a9de6aff3c9beece2001480b/spring-data-jpa-3.4.3.jar:/Users/lehieu/.gradle/caches/modules-2/files-2.1/org.springframework/spring-aspects/6.2.3/f90a794dd3f81a1addc0552bc091e3f85b2428de/spring-aspects-6.2.3.jar:/Users/lehieu/.gradle/caches/modules-2/files-2.1/org.springframework.ws/spring-ws-core/4.0.11/15ca5af2d749b165951f888b5d4755baf975cabe/spring-ws-core-4.0.11.jar:/Users/lehieu/.gradle/caches/modules-2/files-2.1/com.sun.xml.messaging.saaj/saaj-impl/3.0.4/20e94bac120c14b7a0aa32c0821bab62515fd7dd/saaj-impl-3.0.4.j
Launcher Type: SUN_STANDARD

[Global flags]
     intx CICompilerCount                          = 4                                         {product} {ergonomic}
     uint ConcGCThreads                            = 2                                         {product} {ergonomic}
     bool FlightRecorder                           = true                                      {product} {management}
     uint G1ConcRefinementThreads                  = 8                                         {product} {ergonomic}
   size_t G1HeapRegionSize                         = 1048576                                   {product} {ergonomic}
    uintx GCDrainStackTargetSize                   = 64                                        {product} {ergonomic}
   size_t InitialHeapSize                          = 134217728                                 {product} {ergonomic}
     bool ManagementServer                         = true                                      {product} {command line}
   size_t MarkStackSize                            = 4194304                                   {product} {ergonomic}
   size_t MaxHeapSize                              = 2147483648                                {product} {ergonomic}
   size_t MaxNewSize                               = 1287651328                                {product} {ergonomic}
   size_t MinHeapDeltaBytes                        = 1048576                                   {product} {ergonomic}
   size_t MinHeapSize                              = 8388608                                   {product} {ergonomic}
    uintx NonProfiledCodeHeapSize                  = 0                                      {pd product} {ergonomic}
     bool ProfileInterpreter                       = false                                  {pd product} {command line}
    uintx ProfiledCodeHeapSize                     = 0                                      {pd product} {ergonomic}
   size_t SoftMaxHeapSize                          = 2147483648                             {manageable} {ergonomic}
     intx TieredStopAtLevel                        = 1                                         {product} {command line}
     bool UseCompressedClassPointers               = true                           {product lp64_product} {ergonomic}
     bool UseCompressedOops                        = true                           {product lp64_product} {ergonomic}
     bool UseG1GC                                  = true                                      {product} {ergonomic}
     bool UseNUMA                                  = false                                     {product} {ergonomic}
     bool UseNUMAInterleaving                      = false                                     {product} {ergonomic}

Logging:
Log output configuration:
 #0: stdout all=warning,jni+resolve=error uptime,level,tags (reconfigured)
 #1: stderr all=off uptime,level,tags

Environment Variables:
PATH=/Users/lehieu/.nvm/versions/node/v18.20.2/bin:/opt/homebrew/bin:/opt/homebrew/sbin:/usr/local/bin:/System/Cryptexes/App/usr/bin:/usr/bin:/bin:/usr/sbin:/sbin:/Applications/VMware Fusion.app/Contents/Public:/Library/Apple/usr/bin
SHELL=/bin/zsh
LC_CTYPE=en_US.UTF-8

Signal Handlers:
   SIGSEGV: crash_handler in libjvm.dylib, mask=11100110000111110111111111111111, flags=SA_RESTART|SA_SIGINFO
    SIGBUS: crash_handler in libjvm.dylib, mask=11100110000111110111111111111111, flags=SA_RESTART|SA_SIGINFO
    SIGFPE: crash_handler in libjvm.dylib, mask=11100110000111110111111111111111, flags=SA_RESTART|SA_SIGINFO
   SIGPIPE: javaSignalHandler in libjvm.dylib, mask=11100110000111110111111111111111, flags=SA_RESTART|SA_SIGINFO
   SIGXFSZ: javaSignalHandler in libjvm.dylib, mask=11100110000111110111111111111111, flags=SA_RESTART|SA_SIGINFO
    SIGILL: crash_handler in libjvm.dylib, mask=11100110000111110111111111111111, flags=SA_RESTART|SA_SIGINFO
   SIGUSR2: SR_handler in libjvm.dylib, mask=00100000000000000000000000000000, flags=SA_RESTART|SA_SIGINFO
    SIGHUP: UserHandler in libjvm.dylib, mask=11100110000111110111111111111111, flags=SA_RESTART|SA_SIGINFO
    SIGINT: UserHandler in libjvm.dylib, mask=11100110000111110111111111111111, flags=SA_RESTART|SA_SIGINFO
   SIGTERM: UserHandler in libjvm.dylib, mask=11100110000111110111111111111111, flags=SA_RESTART|SA_SIGINFO
   SIGQUIT: UserHandler in libjvm.dylib, mask=11100110000111110111111111111111, flags=SA_RESTART|SA_SIGINFO
   SIGTRAP: crash_handler in libjvm.dylib, mask=11100110000111110111111111111111, flags=SA_RESTART|SA_SIGINFO


---------------  S Y S T E M  ---------------

OS:
uname: Darwin 22.1.0 Darwin Kernel Version 22.1.0: Sun Oct  9 20:14:30 PDT 2022; root:xnu-8792.41.9~2/RELEASE_ARM64_T8103 arm64
OS uptime: 12 days 4:27 hours
rlimit (soft/hard): STACK 8176k/65520k , CORE 0k/infinity , NPROC 1333/2000 , NOFILE 10240/infinity , AS infinity/infinity , CPU infinity/infinity , DATA infinity/infinity , FSIZE infinity/infinity , MEMLOCK infinity/infinity , RSS infinity/infinity
load average: 1.75 1.80 1.87

CPU: total 8 (initial active 8) 0x61:0x0:0x1b588bb3:0, fp, simd, crc, lse

Memory: 16k page, physical 8388608k(58272k free), swap 3145728k(1565888k free)

vm_info: Java HotSpot(TM) 64-Bit Server VM (17.0.7+8-LTS-224) for bsd-aarch64 JRE (17.0.7+8-LTS-224), built on Feb 28 2023 22:59:37 by "mach5one" with clang Apple LLVM 12.0.0 (clang-1200.0.32.29)

END.
